0 verbose cli C:\Program Files\nodejs\node.exe C:\Program Files\nodejs\node_modules\npm\bin\npm-cli.js
1 info using npm@11.6.2
2 info using node@v24.13.0
3 silly config load:file:C:\Program Files\nodejs\node_modules\npm\npmrc
4 silly config load:file:C:\Users\Jenny\Downloads\frontend-project-12\.npmrc
5 silly config load:file:C:\Users\Jenny\.npmrc
6 silly config load:file:C:\Users\Jenny\AppData\Roaming\npm\etc\npmrc
7 verbose title npm install
8 verbose argv "install"
9 verbose logfile logs-max:10 dir:C:\Users\Jenny\Downloads\frontend-project-12\npm-cache\_logs\2026-02-10T21_25_55_501Z-
10 verbose logfile C:\Users\Jenny\Downloads\frontend-project-12\npm-cache\_logs\2026-02-10T21_25_55_501Z-debug-0.log
11 silly logfile start cleaning logs, removing 2 files
12 silly packumentCache heap:4496293888 maxSize:1124073472 maxEntrySize:562036736
13 silly logfile done cleaning log files
14 silly idealTree buildDeps
15 silly fetch manifest eslint@^7.32.0 || ^8.2.0
16 silly packumentCache full:https://registry.npmjs.org/eslint cache-miss
17 verbose shrinkwrap failed to load node_modules/.package-lock.json out of date, updated: node_modules
18 http fetch GET 200 https://registry.npmjs.org/npm 636ms
19 http fetch GET 200 https://registry.npmjs.org/eslint 522ms (cache updated)
20 silly packumentCache full:https://registry.npmjs.org/eslint set size:undefined disposed:false
21 silly fetch manifest eslint-plugin-react-hooks@^4.3.0
22 silly packumentCache full:https://registry.npmjs.org/eslint-plugin-react-hooks cache-miss
23 http fetch GET 200 https://registry.npmjs.org/eslint-plugin-react-hooks 248ms (cache updated)
24 silly packumentCache full:https://registry.npmjs.org/eslint-plugin-react-hooks set size:undefined disposed:false
25 warn ERESOLVE overriding peer dependency {
25 warn ERESOLVE   code: 'ERESOLVE',
25 warn ERESOLVE   edge: {
25 warn ERESOLVE     type: 'peer',
25 warn ERESOLVE     name: 'eslint',
25 warn ERESOLVE     spec: '^7.32.0 || ^8.2.0',
25 warn ERESOLVE     error: 'INVALID',
25 warn ERESOLVE     from: {
25 warn ERESOLVE       name: 'eslint-config-airbnb',
25 warn ERESOLVE       version: '19.0.4',
25 warn ERESOLVE       location: 'node_modules/eslint-config-airbnb',
25 warn ERESOLVE       isWorkspace: false,
25 warn ERESOLVE       dependents: [Array]
25 warn ERESOLVE     }
25 warn ERESOLVE   },
25 warn ERESOLVE   dep: {
25 warn ERESOLVE     name: 'eslint',
25 warn ERESOLVE     version: '8.57.1',
25 warn ERESOLVE     whileInstalling: {
25 warn ERESOLVE       name: 'eslint-config-airbnb',
25 warn ERESOLVE       version: '19.0.4',
25 warn ERESOLVE       path: 'C:\\Users\\Jenny\\Downloads\\frontend-project-12\\node_modules\\eslint-config-airbnb'
25 warn ERESOLVE     },
25 warn ERESOLVE     location: 'node_modules/eslint',
25 warn ERESOLVE     isWorkspace: false,
25 warn ERESOLVE     dependents: [ [Object] ]
25 warn ERESOLVE   },
25 warn ERESOLVE   force: false,
25 warn ERESOLVE   isMine: false,
25 warn ERESOLVE   strictPeerDeps: false,
25 warn ERESOLVE   current: {
25 warn ERESOLVE     name: 'eslint',
25 warn ERESOLVE     version: '9.39.1',
25 warn ERESOLVE     location: 'node_modules/eslint',
25 warn ERESOLVE     isWorkspace: false,
25 warn ERESOLVE     dependents: [
25 warn ERESOLVE       [Object], [Object],
25 warn ERESOLVE       [Object], [Object],
25 warn ERESOLVE       [Object], [Object],
25 warn ERESOLVE       [Object], [Object]
25 warn ERESOLVE     ]
25 warn ERESOLVE   },
25 warn ERESOLVE   peerConflict: {
25 warn ERESOLVE     current: {
25 warn ERESOLVE       name: 'eslint',
25 warn ERESOLVE       version: '9.39.1',
25 warn ERESOLVE       location: 'node_modules/eslint',
25 warn ERESOLVE       isWorkspace: false,
25 warn ERESOLVE       dependents: [Array]
25 warn ERESOLVE     },
25 warn ERESOLVE     peer: {
25 warn ERESOLVE       name: 'eslint',
25 warn ERESOLVE       version: '8.57.1',
25 warn ERESOLVE       whileInstalling: [Object],
25 warn ERESOLVE       location: 'node_modules/eslint',
25 warn ERESOLVE       isWorkspace: false,
25 warn ERESOLVE       dependents: [Array]
25 warn ERESOLVE     }
25 warn ERESOLVE   }
25 warn ERESOLVE }
26 warn ERESOLVE overriding peer dependency {
26 warn ERESOLVE   code: 'ERESOLVE',
26 warn ERESOLVE   edge: {
26 warn ERESOLVE     type: 'peer',
26 warn ERESOLVE     name: 'eslint-plugin-react-hooks',
26 warn ERESOLVE     spec: '^4.3.0',
26 warn ERESOLVE     error: 'INVALID',
26 warn ERESOLVE     from: {
26 warn ERESOLVE       name: 'eslint-config-airbnb',
26 warn ERESOLVE       version: '19.0.4',
26 warn ERESOLVE       location: 'node_modules/eslint-config-airbnb',
26 warn ERESOLVE       isWorkspace: false,
26 warn ERESOLVE       dependents: [Array]
26 warn ERESOLVE     }
26 warn ERESOLVE   },
26 warn ERESOLVE   dep: {
26 warn ERESOLVE     name: 'eslint-plugin-react-hooks',
26 warn ERESOLVE     version: '4.6.2',
26 warn ERESOLVE     whileInstalling: {
26 warn ERESOLVE       name: 'eslint-config-airbnb',
26 warn ERESOLVE       version: '19.0.4',
26 warn ERESOLVE       path: 'C:\\Users\\Jenny\\Downloads\\frontend-project-12\\node_modules\\eslint-config-airbnb'
26 warn ERESOLVE     },
26 warn ERESOLVE     location: 'node_modules/eslint-plugin-react-hooks',
26 warn ERESOLVE     isWorkspace: false,
26 warn ERESOLVE     dependents: [ [Object] ]
26 warn ERESOLVE   },
26 warn ERESOLVE   force: false,
26 warn ERESOLVE   isMine: false,
26 warn ERESOLVE   strictPeerDeps: false,
26 warn ERESOLVE   current: {
26 warn ERESOLVE     name: 'eslint-plugin-react-hooks',
26 warn ERESOLVE     version: '7.0.1',
26 warn ERESOLVE     location: 'node_modules/eslint-plugin-react-hooks',
26 warn ERESOLVE     isWorkspace: false,
26 warn ERESOLVE     dependents: [ [Object] ]
26 warn ERESOLVE   },
26 warn ERESOLVE   peerConflict: {
26 warn ERESOLVE     current: {
26 warn ERESOLVE       name: 'eslint-plugin-react-hooks',
26 warn ERESOLVE       version: '7.0.1',
26 warn ERESOLVE       location: 'node_modules/eslint-plugin-react-hooks',
26 warn ERESOLVE       isWorkspace: false,
26 warn ERESOLVE       dependents: [Array]
26 warn ERESOLVE     },
26 warn ERESOLVE     peer: {
26 warn ERESOLVE       name: 'eslint-plugin-react-hooks',
26 warn ERESOLVE       version: '4.6.2',
26 warn ERESOLVE       whileInstalling: [Object],
26 warn ERESOLVE       location: 'node_modules/eslint-plugin-react-hooks',
26 warn ERESOLVE       isWorkspace: false,
26 warn ERESOLVE       dependents: [Array]
26 warn ERESOLVE     }
26 warn ERESOLVE   }
26 warn ERESOLVE }
27 warn ERESOLVE overriding peer dependency {
27 warn ERESOLVE   code: 'ERESOLVE',
27 warn ERESOLVE   edge: {
27 warn ERESOLVE     type: 'peer',
27 warn ERESOLVE     name: 'eslint',
27 warn ERESOLVE     spec: '^7.32.0 || ^8.2.0',
27 warn ERESOLVE     error: 'INVALID',
27 warn ERESOLVE     from: {
27 warn ERESOLVE       name: 'eslint-config-airbnb-base',
27 warn ERESOLVE       version: '15.0.0',
27 warn ERESOLVE       location: 'node_modules/eslint-config-airbnb-base',
27 warn ERESOLVE       isWorkspace: false,
27 warn ERESOLVE       dependents: [Array]
27 warn ERESOLVE     }
27 warn ERESOLVE   },
27 warn ERESOLVE   dep: {
27 warn ERESOLVE     name: 'eslint',
27 warn ERESOLVE     version: '8.57.1',
27 warn ERESOLVE     whileInstalling: {
27 warn ERESOLVE       name: 'eslint-config-airbnb-base',
27 warn ERESOLVE       version: '15.0.0',
27 warn ERESOLVE       path: 'C:\\Users\\Jenny\\Downloads\\frontend-project-12\\node_modules\\eslint-config-airbnb-base'
27 warn ERESOLVE     },
27 warn ERESOLVE     location: 'node_modules/eslint',
27 warn ERESOLVE     isWorkspace: false,
27 warn ERESOLVE     dependents: [ [Object] ]
27 warn ERESOLVE   },
27 warn ERESOLVE   force: false,
27 warn ERESOLVE   isMine: false,
27 warn ERESOLVE   strictPeerDeps: false,
27 warn ERESOLVE   current: {
27 warn ERESOLVE     name: 'eslint',
27 warn ERESOLVE     version: '9.39.1',
27 warn ERESOLVE     location: 'node_modules/eslint',
27 warn ERESOLVE     isWorkspace: false,
27 warn ERESOLVE     dependents: [
27 warn ERESOLVE       [Object], [Object],
27 warn ERESOLVE       [Object], [Object],
27 warn ERESOLVE       [Object], [Object],
27 warn ERESOLVE       [Object], [Object]
27 warn ERESOLVE     ]
27 warn ERESOLVE   },
27 warn ERESOLVE   peerConflict: {
27 warn ERESOLVE     current: {
27 warn ERESOLVE       name: 'eslint',
27 warn ERESOLVE       version: '9.39.1',
27 warn ERESOLVE       location: 'node_modules/eslint',
27 warn ERESOLVE       isWorkspace: false,
27 warn ERESOLVE       dependents: [Array]
27 warn ERESOLVE     },
27 warn ERESOLVE     peer: {
27 warn ERESOLVE       name: 'eslint',
27 warn ERESOLVE       version: '8.57.1',
27 warn ERESOLVE       whileInstalling: [Object],
27 warn ERESOLVE       location: 'node_modules/eslint',
27 warn ERESOLVE       isWorkspace: false,
27 warn ERESOLVE       dependents: [Array]
27 warn ERESOLVE     }
27 warn ERESOLVE   }
27 warn ERESOLVE }
28 warn EBADENGINE Unsupported engine {
28 warn EBADENGINE   package: 'fast-jwt@3.3.3',
28 warn EBADENGINE   required: { node: '>=16 <22' },
28 warn EBADENGINE   current: { node: 'v24.13.0', npm: '11.6.2' }
28 warn EBADENGINE }
29 silly reify mark retired [
29 silly reify   'C:\\Users\\Jenny\\Downloads\\frontend-project-12\\node_modules\\chalk\\node_modules\\supports-color'
29 silly reify ]
30 silly reify mark retired [
30 silly reify   'C:\\Users\\Jenny\\Downloads\\frontend-project-12\\node_modules\\eslint-plugin-react\\node_modules\\doctrine'
30 silly reify ]
31 silly reify mark retired [
31 silly reify   'C:\\Users\\Jenny\\Downloads\\frontend-project-12\\node_modules\\eslint-plugin-import\\node_modules\\doctrine'
31 silly reify ]
32 silly reify mark retired [
32 silly reify   'C:\\Users\\Jenny\\Downloads\\frontend-project-12\\node_modules\\graphemer'
32 silly reify ]
33 silly reify mark retired [
33 silly reify   'C:\\Users\\Jenny\\Downloads\\frontend-project-12\\node_modules\\fast-redact'
33 silly reify ]
34 silly reify mark retired [
34 silly reify   'C:\\Users\\Jenny\\Downloads\\frontend-project-12\\node_modules\\is-path-inside'
34 silly reify ]
35 silly reify mark retired [
35 silly reify   'C:\\Users\\Jenny\\Downloads\\frontend-project-12\\node_modules\\queue-microtask'
35 silly reify ]
36 silly reify mark retired [
36 silly reify   'C:\\Users\\Jenny\\Downloads\\frontend-project-12\\node_modules\\path-is-absolute'
36 silly reify ]
37 silly reify mark retired [
37 silly reify   'C:\\Users\\Jenny\\Downloads\\frontend-project-12\\node_modules\\rimraf',
37 silly reify   'C:\\Users\\Jenny\\Downloads\\frontend-project-12\\node_modules\\.bin\\rimraf',
37 silly reify   'C:\\Users\\Jenny\\Downloads\\frontend-project-12\\node_modules\\.bin\\rimraf.cmd',
37 silly reify   'C:\\Users\\Jenny\\Downloads\\frontend-project-12\\node_modules\\.bin\\rimraf.ps1'
37 silly reify ]
38 silly reify mark retired [
38 silly reify   'C:\\Users\\Jenny\\Downloads\\frontend-project-12\\node_modules\\run-parallel'
38 silly reify ]
39 silly reify mark retired [
39 silly reify   'C:\\Users\\Jenny\\Downloads\\frontend-project-12\\node_modules\\text-table'
39 silly reify ]
40 silly reify mark retired [
40 silly reify   'C:\\Users\\Jenny\\Downloads\\frontend-project-12\\node_modules\\type-fest'
40 silly reify ]
41 silly reify mark retired [
41 silly reify   'C:\\Users\\Jenny\\Downloads\\frontend-project-12\\node_modules\\@humanwhocodes\\config-array'
41 silly reify ]
42 silly reify mark retired [
42 silly reify   'C:\\Users\\Jenny\\Downloads\\frontend-project-12\\node_modules\\@humanwhocodes\\object-schema'
42 silly reify ]
43 silly reify mark retired [
43 silly reify   'C:\\Users\\Jenny\\Downloads\\frontend-project-12\\node_modules\\@nodelib\\fs.stat'
43 silly reify ]
44 silly reify mark retired [
44 silly reify   'C:\\Users\\Jenny\\Downloads\\frontend-project-12\\node_modules\\@nodelib\\fs.walk'
44 silly reify ]
45 silly reify mark retired [
45 silly reify   'C:\\Users\\Jenny\\Downloads\\frontend-project-12\\node_modules\\@nodelib\\fs.scandir'
45 silly reify ]
46 silly reify mark retired [
46 silly reify   'C:\\Users\\Jenny\\Downloads\\frontend-project-12\\node_modules\\@ungap\\structured-clone'
46 silly reify ]
47 silly reify moves {
47 silly reify   'C:\\Users\\Jenny\\Downloads\\frontend-project-12\\node_modules\\chalk\\node_modules\\supports-color': 'C:\\Users\\Jenny\\Downloads\\frontend-project-12\\node_modules\\chalk\\node_modules\\.supports-color-9uwGz0KG',
47 silly reify   'C:\\Users\\Jenny\\Downloads\\frontend-project-12\\node_modules\\eslint-plugin-react\\node_modules\\doctrine': 'C:\\Users\\Jenny\\Downloads\\frontend-project-12\\node_modules\\eslint-plugin-react\\node_modules\\.doctrine-QAIuG7uc',
47 silly reify   'C:\\Users\\Jenny\\Downloads\\frontend-project-12\\node_modules\\eslint-plugin-import\\node_modules\\doctrine': 'C:\\Users\\Jenny\\Downloads\\frontend-project-12\\node_modules\\eslint-plugin-import\\node_modules\\.doctrine-CgHfMufM',
47 silly reify   'C:\\Users\\Jenny\\Downloads\\frontend-project-12\\node_modules\\graphemer': 'C:\\Users\\Jenny\\Downloads\\frontend-project-12\\node_modules\\.graphemer-6xjp8jvE',
47 silly reify   'C:\\Users\\Jenny\\Downloads\\frontend-project-12\\node_modules\\fast-redact': 'C:\\Users\\Jenny\\Downloads\\frontend-project-12\\node_modules\\.fast-redact-lickJMjQ',
47 silly reify   'C:\\Users\\Jenny\\Downloads\\frontend-project-12\\node_modules\\is-path-inside': 'C:\\Users\\Jenny\\Downloads\\frontend-project-12\\node_modules\\.is-path-inside-2u6seJ1W',
47 silly reify   'C:\\Users\\Jenny\\Downloads\\frontend-project-12\\node_modules\\queue-microtask': 'C:\\Users\\Jenny\\Downloads\\frontend-project-12\\node_modules\\.queue-microtask-PB6KB9j9',
47 silly reify   'C:\\Users\\Jenny\\Downloads\\frontend-project-12\\node_modules\\path-is-absolute': 'C:\\Users\\Jenny\\Downloads\\frontend-project-12\\node_modules\\.path-is-absolute-3c9y2Tiy',
47 silly reify   'C:\\Users\\Jenny\\Downloads\\frontend-project-12\\node_modules\\rimraf': 'C:\\Users\\Jenny\\Downloads\\frontend-project-12\\node_modules\\.rimraf-rT45CxP4',
47 silly reify   'C:\\Users\\Jenny\\Downloads\\frontend-project-12\\node_modules\\.bin\\rimraf': 'C:\\Users\\Jenny\\Downloads\\frontend-project-12\\node_modules\\.bin\\.rimraf-w2trYz8q',
47 silly reify   'C:\\Users\\Jenny\\Downloads\\frontend-project-12\\node_modules\\.bin\\rimraf.cmd': 'C:\\Users\\Jenny\\Downloads\\frontend-project-12\\node_modules\\.bin\\.rimraf.cmd-GUy7tUx3',
47 silly reify   'C:\\Users\\Jenny\\Downloads\\frontend-project-12\\node_modules\\.bin\\rimraf.ps1': 'C:\\Users\\Jenny\\Downloads\\frontend-project-12\\node_modules\\.bin\\.rimraf.ps1-z2BoaPNY',
47 silly reify   'C:\\Users\\Jenny\\Downloads\\frontend-project-12\\node_modules\\run-parallel': 'C:\\Users\\Jenny\\Downloads\\frontend-project-12\\node_modules\\.run-parallel-YQHJD24m',
47 silly reify   'C:\\Users\\Jenny\\Downloads\\frontend-project-12\\node_modules\\text-table': 'C:\\Users\\Jenny\\Downloads\\frontend-project-12\\node_modules\\.text-table-QP7B4xQ0',
47 silly reify   'C:\\Users\\Jenny\\Downloads\\frontend-project-12\\node_modules\\type-fest': 'C:\\Users\\Jenny\\Downloads\\frontend-project-12\\node_modules\\.type-fest-pvMKncLw',
47 silly reify   'C:\\Users\\Jenny\\Downloads\\frontend-project-12\\node_modules\\@humanwhocodes\\config-array': 'C:\\Users\\Jenny\\Downloads\\frontend-project-12\\node_modules\\@humanwhocodes\\.config-array-jWrW67Tl',
47 silly reify   'C:\\Users\\Jenny\\Downloads\\frontend-project-12\\node_modules\\@humanwhocodes\\object-schema': 'C:\\Users\\Jenny\\Downloads\\frontend-project-12\\node_modules\\@humanwhocodes\\.object-schema-Js8LFrN6',
47 silly reify   'C:\\Users\\Jenny\\Downloads\\frontend-project-12\\node_modules\\@nodelib\\fs.stat': 'C:\\Users\\Jenny\\Downloads\\frontend-project-12\\node_modules\\@nodelib\\.fs.stat-xrxWU0mK',
47 silly reify   'C:\\Users\\Jenny\\Downloads\\frontend-project-12\\node_modules\\@nodelib\\fs.walk': 'C:\\Users\\Jenny\\Downloads\\frontend-project-12\\node_modules\\@nodelib\\.fs.walk-bwmd21Xb',
47 silly reify   'C:\\Users\\Jenny\\Downloads\\frontend-project-12\\node_modules\\@nodelib\\fs.scandir': 'C:\\Users\\Jenny\\Downloads\\frontend-project-12\\node_modules\\@nodelib\\.fs.scandir-8Cx2dalV',
47 silly reify   'C:\\Users\\Jenny\\Downloads\\frontend-project-12\\node_modules\\@ungap\\structured-clone': 'C:\\Users\\Jenny\\Downloads\\frontend-project-12\\node_modules\\@ungap\\.structured-clone-UCjjThAm'
47 silly reify }
48 silly audit bulk request {
48 silly audit   '@babel/code-frame': [ '7.27.1' ],
48 silly audit   '@babel/compat-data': [ '7.28.5' ],
48 silly audit   '@babel/core': [ '7.28.5' ],
48 silly audit   json5: [ '2.2.3', '1.0.2' ],
48 silly audit   '@babel/generator': [ '7.28.5' ],
48 silly audit   '@babel/helper-compilation-targets': [ '7.27.2' ],
48 silly audit   '@babel/helper-globals': [ '7.28.0' ],
48 silly audit   '@babel/helper-module-imports': [ '7.27.1' ],
48 silly audit   '@babel/helper-module-transforms': [ '7.28.3' ],
48 silly audit   '@babel/helper-string-parser': [ '7.27.1' ],
48 silly audit   '@babel/helper-validator-identifier': [ '7.28.5' ],
48 silly audit   '@babel/helper-validator-option': [ '7.27.1' ],
48 silly audit   '@babel/helpers': [ '7.28.4' ],
48 silly audit   '@babel/parser': [ '7.28.5' ],
48 silly audit   '@babel/template': [ '7.27.2' ],
48 silly audit   '@babel/traverse': [ '7.28.5' ],
48 silly audit   '@babel/types': [ '7.28.5' ],
48 silly audit   '@eslint-community/eslint-utils': [ '4.9.0' ],
48 silly audit   '@eslint-community/regexpp': [ '4.12.2' ],
48 silly audit   '@eslint/config-array': [ '0.21.1' ],
48 silly audit   '@eslint/config-helpers': [ '0.4.2' ],
48 silly audit   '@eslint/core': [ '0.17.0' ],
48 silly audit   '@eslint/eslintrc': [ '3.3.3' ],
48 silly audit   '@eslint/js': [ '9.39.1' ],
48 silly audit   '@eslint/object-schema': [ '2.1.7' ],
48 silly audit   '@eslint/plugin-kit': [ '0.4.1' ],
48 silly audit   '@fastify/accept-negotiator': [ '1.1.0' ],
48 silly audit   '@fastify/ajv-compiler': [ '3.6.0' ],
48 silly audit   ajv: [ '8.17.1', '6.12.6' ],
48 silly audit   'fast-uri': [ '3.1.0', '2.4.0' ],
48 silly audit   'json-schema-traverse': [ '1.0.0', '0.4.1' ],
48 silly audit   '@fastify/deepmerge': [ '1.3.0' ],
48 silly audit   '@fastify/error': [ '3.4.1' ],
48 silly audit   '@fastify/fast-json-stringify-compiler': [ '4.3.0' ],
48 silly audit   '@fastify/jwt': [ '7.2.4' ],
48 silly audit   '@fastify/merge-json-schemas': [ '0.1.1' ],
48 silly audit   '@fastify/send': [ '2.1.0' ],
48 silly audit   'http-errors': [ '2.0.0', '2.0.1' ],
48 silly audit   statuses: [ '2.0.1', '2.0.2' ],
48 silly audit   '@fastify/static': [ '6.12.0' ],
48 silly audit   '@hexlet/chat-server': [ '2.0.4' ],
48 silly audit   '@humanfs/core': [ '0.19.1' ],
48 silly audit   '@humanfs/node': [ '0.16.7' ],
48 silly audit   '@humanwhocodes/module-importer': [ '1.0.1' ],
48 silly audit   '@humanwhocodes/retry': [ '0.4.3' ],
48 silly audit   '@jridgewell/gen-mapping': [ '0.3.13' ],
48 silly audit   '@jridgewell/remapping': [ '2.3.5' ],
48 silly audit   '@jridgewell/resolve-uri': [ '3.1.2' ],
48 silly audit   '@jridgewell/sourcemap-codec': [ '1.5.5' ],
48 silly audit   '@jridgewell/trace-mapping': [ '0.3.31' ],
48 silly audit   '@lukeed/ms': [ '2.0.2' ],
48 silly audit   '@pinojs/redact': [ '0.4.0' ],
48 silly audit   '@rtsao/scc': [ '1.1.0' ],
48 silly audit   '@socket.io/component-emitter': [ '3.1.2' ],
48 silly audit   '@stylistic/eslint-plugin-js': [ '4.4.1' ],
48 silly audit   'eslint-visitor-keys': [ '4.2.1', '3.4.3' ],
48 silly audit   '@types/cors': [ '2.8.19' ],
48 silly audit   '@types/estree': [ '1.0.8' ],
48 silly audit   '@types/json-schema': [ '7.0.15' ],
48 silly audit   '@types/json5': [ '0.0.29' ],
48 silly audit   '@types/node': [ '25.0.0' ],
48 silly audit   'abort-controller': [ '3.0.0' ],
48 silly audit   'abstract-logging': [ '2.0.1' ],
48 silly audit   accepts: [ '1.3.8' ],
48 silly audit   acorn: [ '8.15.0' ],
48 silly audit   'acorn-jsx': [ '5.3.2' ],
48 silly audit   'ajv-formats': [ '2.1.1', '3.0.1' ],
48 silly audit   'ansi-regex': [ '5.0.1' ],
48 silly audit   'ansi-styles': [ '4.3.0' ],
48 silly audit   anymatch: [ '3.1.3' ],
48 silly audit   argparse: [ '2.0.1' ],
48 silly audit   'aria-query': [ '5.3.2' ],
48 silly audit   'array-buffer-byte-length': [ '1.0.2' ],
48 silly audit   'array-includes': [ '3.1.9' ],
48 silly audit   'array.prototype.findlast': [ '1.2.5' ],
48 silly audit   'array.prototype.findlastindex': [ '1.2.6' ],
48 silly audit   'array.prototype.flat': [ '1.3.3' ],
48 silly audit   'array.prototype.flatmap': [ '1.3.3' ],
48 silly audit   'array.prototype.tosorted': [ '1.1.4' ],
48 silly audit   'arraybuffer.prototype.slice': [ '1.0.4' ],
48 silly audit   'asn1.js': [ '5.4.1' ],
48 silly audit   'ast-types-flow': [ '0.0.8' ],
48 silly audit   'async-function': [ '1.0.0' ],
48 silly audit   'atomic-sleep': [ '1.0.0' ],
48 silly audit   'available-typed-arrays': [ '1.0.7' ],
48 silly audit   avvio: [ '8.4.0' ],
48 silly audit   'axe-core': [ '4.11.0' ],
48 silly audit   'axobject-query': [ '4.1.0' ],
48 silly audit   'balanced-match': [ '1.0.2' ],
48 silly audit   'base64-js': [ '1.5.1' ],
48 silly audit   base64id: [ '2.0.0' ],
48 silly audit   'baseline-browser-mapping': [ '2.9.6' ],
48 silly audit   'binary-extensions': [ '2.3.0' ],
48 silly audit   'bn.js': [ '4.12.2' ],
48 silly audit   'brace-expansion': [ '1.1.12', '2.0.2' ],
48 silly audit   braces: [ '3.0.3' ],
48 silly audit   browserslist: [ '4.28.1' ],
48 silly audit   buffer: [ '6.0.3' ],
48 silly audit   'call-bind': [ '1.0.8' ],
48 silly audit   'call-bind-apply-helpers': [ '1.0.2' ],
48 silly audit   'call-bound': [ '1.0.4' ],
48 silly audit   callsites: [ '3.1.0' ],
48 silly audit   'caniuse-lite': [ '1.0.30001760' ],
48 silly audit   chalk: [ '4.1.2' ],
48 silly audit   chokidar: [ '3.6.0' ],
48 silly audit   'glob-parent': [ '5.1.2', '6.0.2' ],
48 silly audit   cliui: [ '8.0.1' ],
48 silly audit   'close-with-grace': [ '1.3.0' ],
48 silly audit   'color-convert': [ '2.0.1' ],
48 silly audit   'color-name': [ '1.1.4' ],
48 silly audit   colorette: [ '2.0.20' ],
48 silly audit   commander: [ '9.5.0' ],
48 silly audit   commist: [ '3.2.0' ],
48 silly audit   'concat-map': [ '0.0.1' ],
48 silly audit   concurrently: [ '9.2.1' ],
48 silly audit   'supports-color': [ '8.1.1', '7.2.0' ],
48 silly audit   'confusing-browser-globals': [ '1.0.11' ],
48 silly audit   'content-disposition': [ '0.5.4' ],
48 silly audit   'convert-source-map': [ '2.0.0' ],
48 silly audit   cookie: [ '0.7.2' ],
48 silly audit   cors: [ '2.8.5' ],
48 silly audit   'cross-spawn': [ '7.0.6' ],
48 silly audit   'damerau-levenshtein': [ '1.0.8' ],
48 silly audit   'data-view-buffer': [ '1.0.2' ],
48 silly audit   'data-view-byte-length': [ '1.0.2' ],
48 silly audit   'data-view-byte-offset': [ '1.0.1' ],
48 silly audit   dateformat: [ '4.6.3' ],
48 silly audit   debug: [ '4.4.3', '4.3.7', '3.2.7' ],
48 silly audit   'deep-is': [ '0.1.4' ],
48 silly audit   'define-data-property': [ '1.1.4' ],
48 silly audit   'define-properties': [ '1.2.1' ],
48 silly audit   depd: [ '2.0.0' ],
48 silly audit   doctrine: [ '2.1.0' ],
48 silly audit   dotenv: [ '16.6.1' ],
48 silly audit   'dunder-proto': [ '1.0.1' ],
48 silly audit   'ecdsa-sig-formatter': [ '1.0.11' ],
48 silly audit   'electron-to-chromium': [ '1.5.267' ],
48 silly audit   'emoji-regex': [ '9.2.2', '8.0.0' ],
48 silly audit   'end-of-stream': [ '1.4.5' ],
48 silly audit   'engine.io': [ '6.6.4' ],
48 silly audit   'engine.io-parser': [ '5.2.3' ],
48 silly audit   'es-abstract': [ '1.24.0' ],
48 silly audit   'es-define-property': [ '1.0.1' ],
48 silly audit   'es-errors': [ '1.3.0' ],
48 silly audit   'es-iterator-helpers': [ '1.2.1' ],
48 silly audit   'es-object-atoms': [ '1.1.1' ],
48 silly audit   'es-set-tostringtag': [ '2.1.0' ],
48 silly audit   'es-shim-unscopables': [ '1.1.0' ],
48 silly audit   'es-to-primitive': [ '1.3.0' ],
48 silly audit   escalade: [ '3.2.0' ],
48 silly audit   'escape-html': [ '1.0.3' ],
48 silly audit   'escape-string-regexp': [ '4.0.0' ],
48 silly audit   eslint: [ '9.39.1' ],
48 silly audit   'eslint-config-airbnb': [ '19.0.4' ],
48 silly audit   'eslint-config-airbnb-base': [ '15.0.0' ],
48 silly audit   'eslint-config-prettier': [ '10.1.8' ],
48 silly audit   'eslint-import-resolver-node': [ '0.3.9' ],
48 silly audit   'eslint-module-utils': [ '2.12.1' ],
48 silly audit   'eslint-plugin-import': [ '2.32.0' ],
48 silly audit   'eslint-plugin-jsx-a11y': [ '6.10.2' ],
48 silly audit   'eslint-plugin-react': [ '7.37.5' ],
48 silly audit   'eslint-plugin-react-hooks': [ '7.0.1' ],
48 silly audit   resolve: [ '2.0.0-next.5', '1.22.11' ],
48 silly audit   'eslint-scope': [ '8.4.0' ],
48 silly audit   espree: [ '10.4.0' ],
48 silly audit   esquery: [ '1.6.0' ],
48 silly audit   esrecurse: [ '4.3.0' ],
48 silly audit   estraverse: [ '5.3.0' ],
48 silly audit   esutils: [ '2.0.3' ],
48 silly audit   'event-target-shim': [ '5.0.1' ],
48 silly audit   events: [ '3.3.0' ],
48 silly audit   'fast-content-type-parse': [ '1.1.0' ],
48 silly audit   'fast-copy': [ '3.0.2' ],
48 silly audit   'fast-decode-uri-component': [ '1.0.1' ],
48 silly audit   'fast-deep-equal': [ '3.1.3' ],
48 silly audit   'fast-json-stable-stringify': [ '2.1.0' ],
48 silly audit   'fast-json-stringify': [ '5.16.1' ],
48 silly audit   'fast-jwt': [ '3.3.3' ],
48 silly audit   'fast-levenshtein': [ '2.0.6' ],
48 silly audit   'fast-querystring': [ '1.1.2' ],
48 silly audit   'fast-safe-stringify': [ '2.1.1' ],
48 silly audit   fastfall: [ '1.5.1' ],
48 silly audit   fastify: [ '4.29.1' ],
48 silly audit   'fastify-cli': [ '5.9.0' ],
48 silly audit   semver: [ '7.7.3', '6.3.1' ],
48 silly audit   'fastify-plugin': [ '4.5.1', '3.0.1' ],
48 silly audit   'fastify-socket.io': [ '4.0.0' ],
48 silly audit   fastparallel: [ '2.4.1' ],
48 silly audit   fastq: [ '1.19.1' ],
48 silly audit   fastseries: [ '1.7.2' ],
48 silly audit   'file-entry-cache': [ '8.0.0' ],
48 silly audit   'fill-range': [ '7.1.1' ],
48 silly audit   'find-my-way': [ '8.2.2' ],
48 silly audit   'find-up': [ '5.0.0', '3.0.0' ],
48 silly audit   'flat-cache': [ '4.0.1' ],
48 silly audit   flatted: [ '3.3.3' ],
48 silly audit   'for-each': [ '0.3.5' ],
48 silly audit   forwarded: [ '0.2.0' ],
48 silly audit   'fs.realpath': [ '1.0.0' ],
48 silly audit   fsevents: [ '2.3.3' ],
48 silly audit   'function-bind': [ '1.1.2' ],
48 silly audit   'function.prototype.name': [ '1.1.8' ],
48 silly audit   'functions-have-names': [ '1.2.3' ],
48 silly audit   'generator-function': [ '2.0.1' ],
48 silly audit   generify: [ '4.2.0' ],
48 silly audit   gensync: [ '1.0.0-beta.2' ],
48 silly audit   'get-caller-file': [ '2.0.5' ],
48 silly audit   'get-intrinsic': [ '1.3.0' ],
48 silly audit   'get-proto': [ '1.0.1' ],
48 silly audit   'get-symbol-description': [ '1.1.0' ],
48 silly audit   glob: [ '8.1.0' ],
48 silly audit   minimatch: [ '5.1.6', '3.1.2' ],
48 silly audit   globals: [ '14.0.0' ],
48 silly audit   globalthis: [ '1.0.4' ],
48 silly audit   gopd: [ '1.2.0' ],
48 silly audit   'has-bigints': [ '1.1.0' ],
48 silly audit   'has-flag': [ '4.0.0' ],
48 silly audit   'has-property-descriptors': [ '1.0.2' ],
48 silly audit   'has-proto': [ '1.2.0' ],
48 silly audit   'has-symbols': [ '1.1.0' ],
48 silly audit   'has-tostringtag': [ '1.0.2' ],
48 silly audit   hasown: [ '2.0.2' ],
48 silly audit   'help-me': [ '4.2.0', '5.0.0' ],
48 silly audit   'hermes-estree': [ '0.25.1' ],
48 silly audit   'hermes-parser': [ '0.25.1' ],
48 silly audit   ieee754: [ '1.2.1' ],
48 silly audit   ignore: [ '5.3.2' ],
48 silly audit   'import-fresh': [ '3.3.1' ],
48 silly audit   'resolve-from': [ '4.0.0', '5.0.0' ],
48 silly audit   imurmurhash: [ '0.1.4' ],
48 silly audit   inflight: [ '1.0.6' ],
48 silly audit   inherits: [ '2.0.4' ],
48 silly audit   'internal-slot': [ '1.1.0' ],
48 silly audit   'ipaddr.js': [ '1.9.1' ],
48 silly audit   'is-array-buffer': [ '3.0.5' ],
48 silly audit   'is-async-function': [ '2.1.1' ],
48 silly audit   'is-bigint': [ '1.1.0' ],
48 silly audit   'is-binary-path': [ '2.1.0' ],
48 silly audit   'is-boolean-object': [ '1.2.2' ],
48 silly audit   'is-callable': [ '1.2.7' ],
48 silly audit   'is-core-module': [ '2.16.1' ],
48 silly audit   'is-data-view': [ '1.0.2' ],
48 silly audit   'is-date-object': [ '1.1.0' ],
48 silly audit   'is-docker': [ '2.2.1' ],
48 silly audit   'is-extglob': [ '2.1.1' ],
48 silly audit   'is-finalizationregistry': [ '1.1.1' ],
48 silly audit   'is-fullwidth-code-point': [ '3.0.0' ],
48 silly audit   'is-generator-function': [ '1.1.2' ],
48 silly audit   'is-glob': [ '4.0.3' ],
48 silly audit   'is-map': [ '2.0.3' ],
48 silly audit   'is-negative-zero': [ '2.0.3' ],
48 silly audit   'is-number': [ '7.0.0' ],
48 silly audit   'is-number-object': [ '1.1.1' ],
48 silly audit   'is-regex': [ '1.2.1' ],
48 silly audit   'is-set': [ '2.0.3' ],
48 silly audit   'is-shared-array-buffer': [ '1.0.4' ],
48 silly audit   'is-string': [ '1.1.1' ],
48 silly audit   'is-symbol': [ '1.1.1' ],
48 silly audit   'is-typed-array': [ '1.1.15' ],
48 silly audit   'is-weakmap': [ '2.0.2' ],
48 silly audit   'is-weakref': [ '1.1.1' ],
48 silly audit   'is-weakset': [ '2.0.4' ],
48 silly audit   isarray: [ '2.0.5' ],
48 silly audit   isbinaryfile: [ '4.0.10' ],
48 silly audit   isexe: [ '2.0.0' ],
48 silly audit   'iterator.prototype': [ '1.1.5' ],
48 silly audit   joycon: [ '3.1.1' ],
48 silly audit   'js-tokens': [ '4.0.0' ],
48 silly audit   'js-yaml': [ '4.1.1' ],
48 silly audit   jsesc: [ '3.1.0' ],
48 silly audit   'json-buffer': [ '3.0.1' ],
48 silly audit   'json-parse-even-better-errors': [ '3.0.2' ],
48 silly audit   'json-schema-ref-resolver': [ '1.0.1' ],
48 silly audit   'json-stable-stringify-without-jsonify': [ '1.0.1' ],
48 silly audit   'jsx-ast-utils': [ '3.3.5' ],
48 silly audit   keyv: [ '4.5.4' ],
48 silly audit   'language-subtag-registry': [ '0.3.23' ],
48 silly audit   'language-tags': [ '1.0.9' ],
48 silly audit   levn: [ '0.4.1' ],
48 silly audit   'light-my-request': [ '5.14.0' ],
48 silly audit   'locate-path': [ '6.0.0', '3.0.0' ],
48 silly audit   lodash: [ '4.17.23' ],
48 silly audit   'lodash.merge': [ '4.6.2' ],
48 silly audit   'loose-envify': [ '1.4.0' ],
48 silly audit   'lru-cache': [ '5.1.1' ],
48 silly audit   'make-promises-safe': [ '5.1.0' ],
48 silly audit   makeerror: [ '1.0.12' ],
48 silly audit   'math-intrinsics': [ '1.1.0' ],
48 silly audit   mime: [ '3.0.0' ],
48 silly audit   'mime-db': [ '1.52.0' ],
48 silly audit   'mime-types': [ '2.1.35' ],
48 silly audit   'minimalistic-assert': [ '1.0.1' ],
48 silly audit   minimist: [ '1.2.8' ],
48 silly audit   mnemonist: [ '0.39.8' ],
48 silly audit   ms: [ '2.1.3' ],
48 silly audit   'natural-compare': [ '1.4.0' ],
48 silly audit   negotiator: [ '0.6.3' ],
48 silly audit   'node-releases': [ '2.0.27' ],
48 silly audit   'normalize-path': [ '3.0.0' ],
48 silly audit   'npm-normalize-package-bin': [ '3.0.1' ],
48 silly audit   'object-assign': [ '4.1.1' ],
48 silly audit   'object-inspect': [ '1.13.4' ],
48 silly audit   'object-keys': [ '1.1.1' ],
48 silly audit   'object.assign': [ '4.1.7' ],
48 silly audit   'object.entries': [ '1.1.9' ],
48 silly audit   'object.fromentries': [ '2.0.8' ],
48 silly audit   'object.groupby': [ '1.0.3' ],
48 silly audit   'object.values': [ '1.2.1' ],
48 silly audit   obliterator: [ '2.0.5' ],
48 silly audit   'on-exit-leak-free': [ '2.1.2' ],
48 silly audit   once: [ '1.4.0' ],
48 silly audit   optionator: [ '0.9.4' ],
48 silly audit   'own-keys': [ '1.0.1' ],
48 silly audit   'p-limit': [ '3.1.0', '2.3.0' ],
48 silly audit   'p-locate': [ '5.0.0', '3.0.0' ],
48 silly audit   'p-try': [ '2.2.0' ],
48 silly audit   'parent-module': [ '1.0.1' ],
48 silly audit   'path-exists': [ '4.0.0', '3.0.0' ],
48 silly audit   'path-key': [ '3.1.1' ],
48 silly audit   'path-parse': [ '1.0.7' ],
48 silly audit   picocolors: [ '1.1.1' ],
48 silly audit   picomatch: [ '2.3.1' ],
48 silly audit   pino: [ '9.14.0' ],
48 silly audit   'pino-abstract-transport': [ '2.0.0', '1.2.0' ],
48 silly audit   split2: [ '4.2.0', '3.2.2' ],
48 silly audit   'pino-pretty': [ '10.3.1' ],
48 silly audit   'readable-stream': [ '4.7.0', '3.6.2' ],
48 silly audit   'sonic-boom': [ '3.8.1', '4.2.0' ],
48 silly audit   'pino-std-serializers': [ '7.0.0' ],
48 silly audit   'process-warning': [ '5.0.0', '3.0.0' ],
48 silly audit   'pkg-up': [ '3.1.0' ],
48 silly audit   'possible-typed-array-names': [ '1.1.0' ],
48 silly audit   'prelude-ls': [ '1.2.1' ],
48 silly audit   prettier: [ '3.7.4' ],
48 silly audit   process: [ '0.11.10' ],
48 silly audit   'prop-types': [ '15.8.1' ],
48 silly audit   'proxy-addr': [ '2.0.7' ],
48 silly audit   pump: [ '3.0.3' ],
48 silly audit   punycode: [ '2.3.1' ],
48 silly audit   'quick-format-unescaped': [ '4.0.4' ],
48 silly audit   'react-is': [ '16.13.1' ],
48 silly audit   'read-package-json-fast': [ '3.0.2' ],
48 silly audit   readdirp: [ '3.6.0' ],
48 silly audit   'real-require': [ '0.2.0' ],
48 silly audit   'reflect.getprototypeof': [ '1.0.10' ],
48 silly audit   'regexp.prototype.flags': [ '1.5.4' ],
48 silly audit   'require-directory': [ '2.1.1' ],
48 silly audit   'require-from-string': [ '2.0.2' ],
48 silly audit   ret: [ '0.4.3' ],
48 silly audit   reusify: [ '1.1.0' ],
48 silly audit   rfdc: [ '1.4.1' ],
48 silly audit   rxjs: [ '7.8.2' ],
48 silly audit   'safe-array-concat': [ '1.1.3' ],
48 silly audit   'safe-buffer': [ '5.2.1' ],
48 silly audit   'safe-push-apply': [ '1.0.0' ],
48 silly audit   'safe-regex-test': [ '1.1.0' ],
48 silly audit   'safe-regex2': [ '3.1.0' ],
48 silly audit   'safe-stable-stringify': [ '2.5.0' ],
48 silly audit   'safer-buffer': [ '2.1.2' ],
48 silly audit   'secure-json-parse': [ '2.7.0' ],
48 silly audit   'set-cookie-parser': [ '2.7.2' ],
48 silly audit   'set-function-length': [ '1.2.2' ],
48 silly audit   'set-function-name': [ '2.0.2' ],
48 silly audit   'set-proto': [ '1.0.0' ],
48 silly audit   setprototypeof: [ '1.2.0' ],
48 silly audit   'shebang-command': [ '2.0.0' ],
48 silly audit   'shebang-regex': [ '3.0.0' ],
48 silly audit   'shell-quote': [ '1.8.3' ],
48 silly audit   'side-channel': [ '1.1.0' ],
48 silly audit   'side-channel-list': [ '1.0.0' ],
48 silly audit   'side-channel-map': [ '1.0.1' ],
48 silly audit   'side-channel-weakmap': [ '1.0.2' ],
48 silly audit   'socket.io': [ '4.8.1' ],
48 silly audit   'socket.io-adapter': [ '2.5.5' ],
48 silly audit   'socket.io-parser': [ '4.2.4' ],
48 silly audit   steed: [ '1.1.3' ],
48 silly audit   'stop-iteration-iterator': [ '1.1.0' ],
48 silly audit   string_decoder: [ '1.3.0' ],
48 silly audit   'string-width': [ '4.2.3' ],
48 silly audit   'string.prototype.includes': [ '2.0.1' ],
48 silly audit   'string.prototype.matchall': [ '4.0.12' ],
48 silly audit   'string.prototype.repeat': [ '1.0.0' ],
48 silly audit   'string.prototype.trim': [ '1.2.10' ],
48 silly audit   'string.prototype.trimend': [ '1.0.9' ],
48 silly audit   'string.prototype.trimstart': [ '1.0.8' ],
48 silly audit   'strip-ansi': [ '6.0.1' ],
48 silly audit   'strip-bom': [ '3.0.0' ],
48 silly audit   'strip-json-comments': [ '3.1.1' ],
48 silly audit   'supports-preserve-symlinks-flag': [ '1.0.0' ],
48 silly audit   'thread-stream': [ '3.1.0' ],
48 silly audit   tmpl: [ '1.0.5' ],
48 silly audit   'to-regex-range': [ '5.0.1' ],
48 silly audit   'toad-cache': [ '3.7.0' ],
48 silly audit   toidentifier: [ '1.0.1' ],
48 silly audit   'tree-kill': [ '1.2.2' ],
48 silly audit   'tsconfig-paths': [ '3.15.0' ],
48 silly audit   tslib: [ '2.8.1' ],
48 silly audit   'type-check': [ '0.4.0' ],
48 silly audit   'typed-array-buffer': [ '1.0.3' ],
48 silly audit   'typed-array-byte-length': [ '1.0.3' ],
48 silly audit   'typed-array-byte-offset': [ '1.0.4' ],
48 silly audit   'typed-array-length': [ '1.0.7' ],
48 silly audit   'unbox-primitive': [ '1.1.0' ],
48 silly audit   'undici-types': [ '7.16.0' ],
48 silly audit   'update-browserslist-db': [ '1.2.2' ],
48 silly audit   'uri-js': [ '4.4.1' ],
48 silly audit   'util-deprecate': [ '1.0.2' ],
48 silly audit   vary: [ '1.1.2' ],
48 silly audit   walker: [ '1.0.8' ],
48 silly audit   which: [ '2.0.2' ],
48 silly audit   'which-boxed-primitive': [ '1.1.1' ],
48 silly audit   'which-builtin-type': [ '1.2.1' ],
48 silly audit   'which-collection': [ '1.0.2' ],
48 silly audit   'which-typed-array': [ '1.1.19' ],
48 silly audit   'word-wrap': [ '1.2.5' ],
48 silly audit   'wrap-ansi': [ '7.0.0' ],
48 silly audit   wrappy: [ '1.0.2' ],
48 silly audit   ws: [ '8.17.1' ],
48 silly audit   xtend: [ '4.0.2' ],
48 silly audit   y18n: [ '5.0.8' ],
48 silly audit   yallist: [ '3.1.1' ],
48 silly audit   yargs: [ '17.7.2' ],
48 silly audit   'yargs-parser': [ '21.1.1' ],
48 silly audit   'yocto-queue': [ '0.1.0' ],
48 silly audit   zod: [ '4.1.13' ],
48 silly audit   'zod-validation-error': [ '4.0.2' ]
48 silly audit }
49 http fetch POST 200 https://registry.npmjs.org/-/npm/v1/security/advisories/bulk 263ms
50 silly audit report {
50 silly audit report   'fast-jwt': [
50 silly audit report     {
50 silly audit report       id: 1103362,
50 silly audit report       url: 'https://github.com/advisories/GHSA-gm45-q3v2-6cf8',
50 silly audit report       title: 'Fast-JWT Improperly Validates iss Claims',
50 silly audit report       severity: 'moderate',
50 silly audit report       vulnerable_versions: '<5.0.6',
50 silly audit report       cwe: [Array],
50 silly audit report       cvss: [Object]
50 silly audit report     }
50 silly audit report   ],
50 silly audit report   fastify: [
50 silly audit report     {
50 silly audit report       id: 1112876,
50 silly audit report       url: 'https://github.com/advisories/GHSA-mrq3-vjjr-p77c',
50 silly audit report       title: 'Fastify Vulnerable to DoS via Unbounded Memory Allocation in sendWebStream',
50 silly audit report       severity: 'low',
50 silly audit report       vulnerable_versions: '<=5.7.2',
50 silly audit report       cwe: [Array],
50 silly audit report       cvss: [Object]
50 silly audit report     },
50 silly audit report     {
50 silly audit report       id: 1112877,
50 silly audit report       url: 'https://github.com/advisories/GHSA-jx2c-rxcm-jvmq',
50 silly audit report       title: "Fastify's Content-Type header tab character allows body validation bypass",
50 silly audit report       severity: 'high',
50 silly audit report       vulnerable_versions: '<5.7.2',
50 silly audit report       cwe: [Array],
50 silly audit report       cvss: [Object]
50 silly audit report     }
50 silly audit report   ]
50 silly audit report }
51 silly packumentCache corgi:https://registry.npmjs.org/fast-jwt cache-miss
52 silly packumentCache corgi:https://registry.npmjs.org/fastify cache-miss
53 http fetch GET 200 https://registry.npmjs.org/fast-jwt 93ms (cache revalidated)
54 silly packumentCache corgi:https://registry.npmjs.org/fast-jwt set size:103690 disposed:false
55 http fetch GET 200 https://registry.npmjs.org/fastify 129ms (cache revalidated)
56 silly packumentCache corgi:https://registry.npmjs.org/fastify set size:727609 disposed:false
57 silly packumentCache corgi:https://registry.npmjs.org/@fastify%2fjwt cache-miss
58 http fetch GET 200 https://registry.npmjs.org/@fastify%2fjwt 102ms (cache revalidated)
59 silly packumentCache corgi:https://registry.npmjs.org/@fastify%2fjwt set size:42552 disposed:false
60 silly packumentCache corgi:https://registry.npmjs.org/@hexlet%2fchat-server cache-miss
61 silly packumentCache corgi:https://registry.npmjs.org/fastify-cli cache-miss
62 http fetch GET 200 https://registry.npmjs.org/fastify-cli 243ms (cache revalidated)
63 silly packumentCache corgi:https://registry.npmjs.org/fastify-cli set size:204286 disposed:false
64 http fetch GET 200 https://registry.npmjs.org/@hexlet%2fchat-server 533ms (cache revalidated)
65 silly packumentCache corgi:https://registry.npmjs.org/@hexlet%2fchat-server set size:25078 disposed:false
66 silly REMOVE node_modules/@ungap/structured-clone
67 silly REMOVE node_modules/@nodelib/fs.scandir
68 silly REMOVE node_modules/@nodelib/fs.walk
69 silly REMOVE node_modules/@nodelib/fs.stat
70 silly REMOVE node_modules/@humanwhocodes/object-schema
71 silly REMOVE node_modules/@humanwhocodes/config-array
72 silly REMOVE node_modules/type-fest
73 silly REMOVE node_modules/text-table
74 silly REMOVE node_modules/run-parallel
75 silly REMOVE node_modules/rimraf
76 silly REMOVE node_modules/rimraf/node_modules/glob
77 silly REMOVE node_modules/path-is-absolute
78 silly REMOVE node_modules/queue-microtask
79 silly REMOVE node_modules/is-path-inside
80 silly REMOVE node_modules/fast-redact
81 silly REMOVE node_modules/graphemer
82 silly REMOVE node_modules/eslint-plugin-import/node_modules/doctrine
83 silly REMOVE node_modules/eslint-plugin-react/node_modules/doctrine
84 silly REMOVE node_modules/chalk/node_modules/supports-color
85 verbose cwd C:\Users\Jenny\Downloads\frontend-project-12
86 verbose os Windows_NT 10.0.26100
87 verbose node v24.13.0
88 verbose npm  v11.6.2
89 notice
89 notice New [33mminor[39m version of npm available! [33m11.6.2[39m -> [34m11.9.0[39m
89 notice Changelog: [34mhttps://github.com/npm/cli/releases/tag/v11.9.0[39m
89 notice To update run: [4mnpm install -g npm@11.9.0[24m
89 notice  { force: true, Symbol(proc-log.meta): true }
90 verbose exit 0
91 info ok
