0 verbose cli C:\Program Files\nodejs\node.exe C:\Program Files\nodejs\node_modules\npm\bin\npm-cli.js
1 info using npm@11.6.2
2 info using node@v24.13.0
3 silly config load:file:C:\Program Files\nodejs\node_modules\npm\npmrc
0 verbose cli C:\Program Files\nodejs\node.exe C:\Program Files\nodejs\node_modules\npm\bin\npm-cli.js
4 silly config load:file:C:\Users\Jenny\Documents\frontend-project-12\.npmrc
5 silly config load:file:C:\Users\Jenny\.npmrc
6 silly config load:file:C:\Users\Jenny\AppData\Roaming\npm\etc\npmrc
1 info using npm@11.6.2
7 verbose title npm exec @hexlet/chat-server
2 info using node@v24.13.0
8 verbose argv "exec" "--" "@hexlet/chat-server"
3 silly config load:file:C:\Program Files\nodejs\node_modules\npm\npmrc
9 verbose logfile logs-max:10 dir:C:\Users\Jenny\Documents\frontend-project-12\npm-cache\_logs\2026-02-12T17_58_48_085Z-
4 silly config load:file:C:\Users\Jenny\Documents\frontend-project-12\frontend\.npmrc
5 silly config load:file:C:\Users\Jenny\.npmrc
6 silly config load:file:C:\Users\Jenny\AppData\Roaming\npm\etc\npmrc
10 verbose logfile C:\Users\Jenny\Documents\frontend-project-12\npm-cache\_logs\2026-02-12T17_58_48_085Z-debug-0.log
7 verbose title npm run dev
8 verbose argv "run" "dev" "--prefix" "frontend"
9 verbose logfile logs-max:10 dir:C:\Users\Jenny\Documents\frontend-project-12\npm-cache\_logs\2026-02-12T17_58_48_085Z-
10 verbose logfile C:\Users\Jenny\Documents\frontend-project-12\npm-cache\_logs\2026-02-12T17_58_48_085Z-debug-0.log
11 silly logfile start cleaning logs, removing 1 files
12 silly logfile done cleaning log files
11 silly logfile start cleaning logs, removing 1 files
12 silly logfile done cleaning log files
13 silly packumentCache heap:4496293888 maxSize:1124073472 maxEntrySize:562036736
14 verbose cwd C:\Users\Jenny\Documents\frontend-project-12
15 verbose os Windows_NT 10.0.26100
16 verbose node v24.13.0
17 verbose npm  v11.6.2
18 verbose exit 1
19 verbose code 1
