0 verbose cli C:\Program Files\nodejs\node.exe C:\Program Files\nodejs\node_modules\npm\bin\npm-cli.js
1 info using npm@10.7.0
2 info using node@v20.15.0
3 silly config:load:file:C:\Program Files\nodejs\node_modules\npm\npmrc
4 silly config:load:file:C:\Users\Jenny\Documents\frontend-project-12\frontend\.npmrc
5 silly config:load:file:C:\Users\Jenny\.npmrc
6 silly config:load:file:C:\Users\Jenny\AppData\Roaming\npm\etc\npmrc
7 verbose title npm install
8 verbose argv "install"
9 verbose logfile logs-max:10 dir:C:\Users\Jenny\Documents\frontend-project-12\npm-cache\_logs\2026-02-01T10_43_29_011Z-
10 verbose logfile C:\Users\Jenny\Documents\frontend-project-12\npm-cache\_logs\2026-02-01T10_43_29_011Z-debug-0.log
11 silly logfile start cleaning logs, removing 1 files
12 silly logfile done cleaning log files
13 silly idealTree buildDeps
14 warn EBADENGINE Unsupported engine {
14 warn EBADENGINE   package: '@vitejs/plugin-react@5.1.2',
14 warn EBADENGINE   required: { node: '^20.19.0 || >=22.12.0' },
14 warn EBADENGINE   current: { node: 'v20.15.0', npm: '10.7.0' }
14 warn EBADENGINE }
15 warn EBADENGINE Unsupported engine {
15 warn EBADENGINE   package: 'vite@7.2.7',
15 warn EBADENGINE   required: { node: '^20.19.0 || >=22.12.0' },
15 warn EBADENGINE   current: { node: 'v20.15.0', npm: '10.7.0' }
15 warn EBADENGINE }
16 verbose shrinkwrap failed to load node_modules/.package-lock.json missing from lockfile: ../node_modules/abort-controller
17 silly reify moves {}
18 silly audit bulk request {
18 silly audit   '@hexlet/code': [ '1.0.0' ],
18 silly audit   '@babel/code-frame': [ '7.27.1' ],
18 silly audit   '@babel/compat-data': [ '7.28.5' ],
18 silly audit   '@babel/core': [ '7.28.5' ],
18 silly audit   '@babel/generator': [ '7.28.5' ],
18 silly audit   '@babel/helper-compilation-targets': [ '7.27.2' ],
18 silly audit   '@babel/helper-globals': [ '7.28.0' ],
18 silly audit   '@babel/helper-module-imports': [ '7.27.1' ],
18 silly audit   '@babel/helper-module-transforms': [ '7.28.3' ],
18 silly audit   '@babel/helper-plugin-utils': [ '7.27.1' ],
18 silly audit   '@babel/helper-string-parser': [ '7.27.1' ],
18 silly audit   '@babel/helper-validator-identifier': [ '7.28.5' ],
18 silly audit   '@babel/helper-validator-option': [ '7.27.1' ],
18 silly audit   '@babel/helpers': [ '7.28.4' ],
18 silly audit   '@babel/parser': [ '7.28.5' ],
18 silly audit   '@babel/plugin-transform-react-jsx-self': [ '7.27.1' ],
18 silly audit   '@babel/plugin-transform-react-jsx-source': [ '7.27.1' ],
18 silly audit   '@babel/runtime': [ '7.28.4' ],
18 silly audit   '@babel/template': [ '7.27.2' ],
18 silly audit   '@babel/traverse': [ '7.28.5' ],
18 silly audit   '@babel/types': [ '7.28.5' ],
18 silly audit   '@esbuild/aix-ppc64': [ '0.25.12' ],
18 silly audit   '@esbuild/android-arm': [ '0.25.12' ],
18 silly audit   '@esbuild/android-arm64': [ '0.25.12' ],
18 silly audit   '@esbuild/android-x64': [ '0.25.12' ],
18 silly audit   '@esbuild/darwin-arm64': [ '0.25.12' ],
18 silly audit   '@esbuild/darwin-x64': [ '0.25.12' ],
18 silly audit   '@esbuild/freebsd-arm64': [ '0.25.12' ],
18 silly audit   '@esbuild/freebsd-x64': [ '0.25.12' ],
18 silly audit   '@esbuild/linux-arm': [ '0.25.12' ],
18 silly audit   '@esbuild/linux-arm64': [ '0.25.12' ],
18 silly audit   '@esbuild/linux-ia32': [ '0.25.12' ],
18 silly audit   '@esbuild/linux-loong64': [ '0.25.12' ],
18 silly audit   '@esbuild/linux-mips64el': [ '0.25.12' ],
18 silly audit   '@esbuild/linux-ppc64': [ '0.25.12' ],
18 silly audit   '@esbuild/linux-riscv64': [ '0.25.12' ],
18 silly audit   '@esbuild/linux-s390x': [ '0.25.12' ],
18 silly audit   '@esbuild/linux-x64': [ '0.25.12' ],
18 silly audit   '@esbuild/netbsd-arm64': [ '0.25.12' ],
18 silly audit   '@esbuild/netbsd-x64': [ '0.25.12' ],
18 silly audit   '@esbuild/openbsd-arm64': [ '0.25.12' ],
18 silly audit   '@esbuild/openbsd-x64': [ '0.25.12' ],
18 silly audit   '@esbuild/openharmony-arm64': [ '0.25.12' ],
18 silly audit   '@esbuild/sunos-x64': [ '0.25.12' ],
18 silly audit   '@esbuild/win32-arm64': [ '0.25.12' ],
18 silly audit   '@esbuild/win32-ia32': [ '0.25.12' ],
18 silly audit   '@esbuild/win32-x64': [ '0.25.12' ],
18 silly audit   '@eslint-community/eslint-utils': [ '4.9.0' ],
18 silly audit   'eslint-visitor-keys': [ '3.4.3', '4.2.1' ],
18 silly audit   '@eslint-community/regexpp': [ '4.12.2' ],
18 silly audit   '@eslint/config-array': [ '0.21.1' ],
18 silly audit   '@eslint/config-helpers': [ '0.4.2' ],
18 silly audit   '@eslint/core': [ '0.17.0' ],
18 silly audit   '@eslint/eslintrc': [ '3.3.3' ],
18 silly audit   globals: [ '14.0.0', '16.5.0' ],
18 silly audit   '@eslint/js': [ '9.39.1' ],
18 silly audit   '@eslint/object-schema': [ '2.1.7' ],
18 silly audit   '@eslint/plugin-kit': [ '0.4.1' ],
18 silly audit   '@floating-ui/core': [ '1.7.3' ],
18 silly audit   '@floating-ui/dom': [ '1.7.4' ],
18 silly audit   '@floating-ui/react': [ '0.26.28' ],
18 silly audit   '@floating-ui/react-dom': [ '2.1.6' ],
18 silly audit   '@floating-ui/utils': [ '0.2.10' ],
18 silly audit   '@headlessui/react': [ '2.2.9' ],
18 silly audit   '@heroicons/react': [ '2.2.0' ],
18 silly audit   '@humanfs/core': [ '0.19.1' ],
18 silly audit   '@humanfs/node': [ '0.16.7' ],
18 silly audit   '@humanwhocodes/module-importer': [ '1.0.1' ],
18 silly audit   '@humanwhocodes/retry': [ '0.4.3' ],
18 silly audit   '@jridgewell/gen-mapping': [ '0.3.13' ],
18 silly audit   '@jridgewell/remapping': [ '2.3.5' ],
18 silly audit   '@jridgewell/resolve-uri': [ '3.1.2' ],
18 silly audit   '@jridgewell/sourcemap-codec': [ '1.5.5' ],
18 silly audit   '@jridgewell/trace-mapping': [ '0.3.31' ],
18 silly audit   '@popperjs/core': [ '2.11.8' ],
18 silly audit   '@react-aria/focus': [ '3.21.2' ],
18 silly audit   '@react-aria/interactions': [ '3.25.6' ],
18 silly audit   '@react-aria/ssr': [ '3.9.10' ],
18 silly audit   '@react-aria/utils': [ '3.31.0' ],
18 silly audit   '@react-stately/flags': [ '3.1.2' ],
18 silly audit   '@react-stately/utils': [ '3.10.8' ],
18 silly audit   '@react-types/shared': [ '3.32.1' ],
18 silly audit   '@reduxjs/toolkit': [ '2.11.1' ],
18 silly audit   '@remix-run/router': [ '1.23.1' ],
18 silly audit   '@restart/hooks': [ '0.4.16', '0.5.1' ],
18 silly audit   '@restart/ui': [ '1.9.4' ],
18 silly audit   uncontrollable: [ '8.0.4', '7.2.1' ],
18 silly audit   '@rollbar/react': [ '1.0.0' ],
18 silly audit   '@rolldown/pluginutils': [ '1.0.0-beta.53' ],
18 silly audit   '@rollup/rollup-android-arm-eabi': [ '4.53.3' ],
18 silly audit   '@rollup/rollup-android-arm64': [ '4.53.3' ],
18 silly audit   '@rollup/rollup-darwin-arm64': [ '4.53.3' ],
18 silly audit   '@rollup/rollup-darwin-x64': [ '4.53.3' ],
18 silly audit   '@rollup/rollup-freebsd-arm64': [ '4.53.3' ],
18 silly audit   '@rollup/rollup-freebsd-x64': [ '4.53.3' ],
18 silly audit   '@rollup/rollup-linux-arm-gnueabihf': [ '4.53.3' ],
18 silly audit   '@rollup/rollup-linux-arm-musleabihf': [ '4.53.3' ],
18 silly audit   '@rollup/rollup-linux-arm64-gnu': [ '4.53.3' ],
18 silly audit   '@rollup/rollup-linux-arm64-musl': [ '4.53.3' ],
18 silly audit   '@rollup/rollup-linux-loong64-gnu': [ '4.53.3' ],
18 silly audit   '@rollup/rollup-linux-ppc64-gnu': [ '4.53.3' ],
18 silly audit   '@rollup/rollup-linux-riscv64-gnu': [ '4.53.3' ],
18 silly audit   '@rollup/rollup-linux-riscv64-musl': [ '4.53.3' ],
18 silly audit   '@rollup/rollup-linux-s390x-gnu': [ '4.53.3' ],
18 silly audit   '@rollup/rollup-linux-x64-gnu': [ '4.53.3' ],
18 silly audit   '@rollup/rollup-linux-x64-musl': [ '4.53.3' ],
18 silly audit   '@rollup/rollup-openharmony-arm64': [ '4.53.3' ],
18 silly audit   '@rollup/rollup-win32-arm64-msvc': [ '4.53.3' ],
18 silly audit   '@rollup/rollup-win32-ia32-msvc': [ '4.53.3' ],
18 silly audit   '@rollup/rollup-win32-x64-gnu': [ '4.53.3' ],
18 silly audit   '@rollup/rollup-win32-x64-msvc': [ '4.53.3' ],
18 silly audit   '@socket.io/component-emitter': [ '3.1.2' ],
18 silly audit   '@standard-schema/spec': [ '1.0.0' ],
18 silly audit   '@standard-schema/utils': [ '0.3.0' ],
18 silly audit   '@swc/helpers': [ '0.5.17' ],
18 silly audit   '@tanstack/react-virtual': [ '3.13.13' ],
18 silly audit   '@tanstack/virtual-core': [ '3.13.13' ],
18 silly audit   '@types/babel__core': [ '7.20.5' ],
18 silly audit   '@types/babel__generator': [ '7.27.0' ],
18 silly audit   '@types/babel__template': [ '7.4.4' ],
18 silly audit   '@types/babel__traverse': [ '7.28.0' ],
18 silly audit   '@types/estree': [ '1.0.8' ],
18 silly audit   '@types/hoist-non-react-statics': [ '3.3.7' ],
18 silly audit   '@types/json-schema': [ '7.0.15' ],
18 silly audit   '@types/prop-types': [ '15.7.15' ],
18 silly audit   '@types/react': [ '19.2.7' ],
18 silly audit   '@types/react-dom': [ '19.2.3' ],
18 silly audit   '@types/react-transition-group': [ '4.4.12' ],
18 silly audit   '@types/use-sync-external-store': [ '0.0.6' ],
18 silly audit   '@types/warning': [ '3.0.3' ],
18 silly audit   '@vitejs/plugin-react': [ '5.1.2' ],
18 silly audit   '@zeit/schemas': [ '2.36.0' ],
18 silly audit   acorn: [ '8.15.0' ],
18 silly audit   'acorn-jsx': [ '5.3.2' ],
18 silly audit   ajv: [ '6.12.6', '8.12.0' ],
18 silly audit   'ansi-align': [ '3.0.1' ],
18 silly audit   'ansi-regex': [ '5.0.1', '6.2.2' ],
18 silly audit   'emoji-regex': [ '8.0.0', '9.2.2' ],
18 silly audit   'string-width': [ '4.2.3', '5.1.2' ],
18 silly audit   'strip-ansi': [ '6.0.1', '7.1.2' ],
18 silly audit   'ansi-styles': [ '4.3.0', '6.2.3' ],
18 silly audit   arch: [ '2.2.0' ],
18 silly audit   arg: [ '5.0.2' ],
18 silly audit   argparse: [ '2.0.1' ],
18 silly audit   async: [ '3.2.6' ],
18 silly audit   asynckit: [ '0.4.0' ],
18 silly audit   axios: [ '1.13.2' ],
18 silly audit   'balanced-match': [ '1.0.2' ],
18 silly audit   'baseline-browser-mapping': [ '2.9.6' ],
18 silly audit   bootstrap: [ '5.3.8' ],
18 silly audit   'bootstrap-icons': [ '1.13.1' ],
18 silly audit   boxen: [ '7.0.0' ],
18 silly audit   chalk: [ '5.6.2', '4.1.2', '5.0.1' ],
18 silly audit   'brace-expansion': [ '1.1.12' ],
18 silly audit   browserslist: [ '4.28.1' ],
18 silly audit   bytes: [ '3.1.2', '3.0.0' ],
18 silly audit   'call-bind-apply-helpers': [ '1.0.2' ],
18 silly audit   callsites: [ '3.1.0' ],
18 silly audit   camelcase: [ '7.0.1' ],
18 silly audit   'caniuse-lite': [ '1.0.30001760' ],
18 silly audit   'chalk-template': [ '0.4.0' ],
18 silly audit   classnames: [ '2.5.1' ],
18 silly audit   'cli-boxes': [ '3.0.0' ],
18 silly audit   clipboardy: [ '3.0.0' ],
18 silly audit   clsx: [ '2.1.1' ],
18 silly audit   'color-convert': [ '2.0.1' ],
18 silly audit   'color-name': [ '1.1.4' ],
18 silly audit   'combined-stream': [ '1.0.8' ],
18 silly audit   compressible: [ '2.0.18' ],
18 silly audit   compression: [ '1.8.1' ],
18 silly audit   debug: [ '2.6.9', '4.4.3', '4.3.7' ],
18 silly audit   ms: [ '2.0.0', '2.1.3' ],
18 silly audit   'concat-map': [ '0.0.1' ],
18 silly audit   'console-polyfill': [ '0.3.0' ],
18 silly audit   'content-disposition': [ '0.5.2' ],
18 silly audit   'convert-source-map': [ '2.0.0' ],
18 silly audit   'cross-fetch': [ '4.0.0' ],
18 silly audit   'cross-spawn': [ '7.0.6' ],
18 silly audit   csstype: [ '3.2.3' ],
18 silly audit   'deep-extend': [ '0.6.0' ],
18 silly audit   'deep-is': [ '0.1.4' ],
18 silly audit   deepmerge: [ '2.2.1' ],
18 silly audit   'delayed-stream': [ '1.0.0' ],
18 silly audit   dequal: [ '2.0.3' ],
18 silly audit   'dom-helpers': [ '5.2.1' ],
18 silly audit   'dunder-proto': [ '1.0.1' ],
18 silly audit   eastasianwidth: [ '0.2.0' ],
18 silly audit   'electron-to-chromium': [ '1.5.267' ],
18 silly audit   'engine.io-client': [ '6.6.3' ],
18 silly audit   'engine.io-parser': [ '5.2.3' ],
18 silly audit   'error-stack-parser': [ '2.1.4' ],
18 silly audit   'es-define-property': [ '1.0.1' ],
18 silly audit   'es-errors': [ '1.3.0' ],
18 silly audit   'es-object-atoms': [ '1.1.1' ],
18 silly audit   'es-set-tostringtag': [ '2.1.0' ],
18 silly audit   esbuild: [ '0.25.12' ],
18 silly audit   escalade: [ '3.2.0' ],
18 silly audit   'escape-string-regexp': [ '4.0.0' ],
18 silly audit   eslint: [ '9.39.1' ],
18 silly audit   'eslint-plugin-react-hooks': [ '7.0.1' ],
18 silly audit   'eslint-plugin-react-refresh': [ '0.4.24' ],
18 silly audit   'eslint-scope': [ '8.4.0' ],
18 silly audit   espree: [ '10.4.0' ],
18 silly audit   esquery: [ '1.6.0' ],
18 silly audit   esrecurse: [ '4.3.0' ],
18 silly audit   estraverse: [ '5.3.0' ],
18 silly audit   esutils: [ '2.0.3' ],
18 silly audit   execa: [ '5.1.1' ],
18 silly audit   'fast-deep-equal': [ '3.1.3' ],
18 silly audit   'fast-json-stable-stringify': [ '2.1.0' ],
18 silly audit   'fast-levenshtein': [ '2.0.6' ],
18 silly audit   fdir: [ '6.5.0' ],
18 silly audit   'file-entry-cache': [ '8.0.0' ],
18 silly audit   'find-up': [ '5.0.0' ],
18 silly audit   'flat-cache': [ '4.0.1' ],
18 silly audit   flatted: [ '3.3.3' ],
18 silly audit   'follow-redirects': [ '1.15.11' ],
18 silly audit   'form-data': [ '4.0.5' ],
18 silly audit   formik: [ '2.4.9' ],
18 silly audit   'french-badwords-list': [ '1.0.7' ],
18 silly audit   fsevents: [ '2.3.3' ],
18 silly audit   'function-bind': [ '1.1.2' ],
18 silly audit   gensync: [ '1.0.0-beta.2' ],
18 silly audit   'get-intrinsic': [ '1.3.0' ],
18 silly audit   'get-proto': [ '1.0.1' ],
18 silly audit   'get-stream': [ '6.0.1' ],
18 silly audit   'glob-parent': [ '6.0.2' ],
18 silly audit   gopd: [ '1.2.0' ],
18 silly audit   'has-flag': [ '4.0.0' ],
18 silly audit   'has-symbols': [ '1.1.0' ],
18 silly audit   'has-tostringtag': [ '1.0.2' ],
18 silly audit   hasown: [ '2.0.2' ],
18 silly audit   'hermes-estree': [ '0.25.1' ],
18 silly audit   'hermes-parser': [ '0.25.1' ],
18 silly audit   'hoist-non-react-statics': [ '3.3.2' ],
18 silly audit   'html-parse-stringify': [ '3.0.1' ],
18 silly audit   'human-signals': [ '2.1.0' ],
18 silly audit   i18next: [ '25.7.2' ],
18 silly audit   'i18next-browser-languagedetector': [ '8.2.0' ],
18 silly audit   'i18next-http-backend': [ '3.0.2' ],
18 silly audit   ignore: [ '5.3.2' ],
18 silly audit   immer: [ '11.0.1' ],
18 silly audit   'import-fresh': [ '3.3.1' ],
18 silly audit   imurmurhash: [ '0.1.4' ],
18 silly audit   ini: [ '1.3.8' ],
18 silly audit   invariant: [ '2.2.4' ],
18 silly audit   'is-docker': [ '2.2.1' ],
18 silly audit   'is-extglob': [ '2.1.1' ],
18 silly audit   'is-fullwidth-code-point': [ '3.0.0' ],
18 silly audit   'is-glob': [ '4.0.3' ],
18 silly audit   'is-port-reachable': [ '4.0.0' ],
18 silly audit   'is-stream': [ '2.0.1' ],
18 silly audit   'is-wsl': [ '2.2.0' ],
18 silly audit   isexe: [ '2.0.0' ],
18 silly audit   'js-tokens': [ '4.0.0' ],
18 silly audit   'js-yaml': [ '4.1.1' ],
18 silly audit   jsesc: [ '3.1.0' ],
18 silly audit   'json-buffer': [ '3.0.1' ],
18 silly audit   'json-schema-traverse': [ '0.4.1', '1.0.0' ],
18 silly audit   'json-stable-stringify-without-jsonify': [ '1.0.1' ],
18 silly audit   'json-stringify-safe': [ '5.0.1' ],
18 silly audit   json5: [ '2.2.3' ],
18 silly audit   keyv: [ '4.5.4' ],
18 silly audit   'leo-profanity': [ '1.8.0' ],
18 silly audit   levn: [ '0.4.1' ],
18 silly audit   'locate-path': [ '6.0.0' ],
18 silly audit   lodash: [ '4.17.21' ],
18 silly audit   'lodash-es': [ '4.17.21' ],
18 silly audit   'lodash.merge': [ '4.6.2' ],
18 silly audit   'loose-envify': [ '1.4.0' ],
18 silly audit   'lru-cache': [ '5.1.1', '2.2.4' ],
18 silly audit   'math-intrinsics': [ '1.1.0' ],
18 silly audit   'merge-stream': [ '2.0.0' ],
18 silly audit   'mime-db': [ '1.52.0', '1.33.0' ],
18 silly audit   'mime-types': [ '2.1.35', '2.1.18' ],
18 silly audit   'mimic-fn': [ '2.1.0' ],
18 silly audit   minimatch: [ '3.1.2' ],
18 silly audit   minimist: [ '1.2.8' ],
18 silly audit   nanoid: [ '3.3.11' ],
18 silly audit   'natural-compare': [ '1.4.0' ],
18 silly audit   negotiator: [ '0.6.4' ],
18 silly audit   'node-fetch': [ '2.7.0' ],
18 silly audit   'node-releases': [ '2.0.27' ],
18 silly audit   'npm-run-path': [ '4.0.1' ],
18 silly audit   'object-assign': [ '4.1.1' ],
18 silly audit   'on-headers': [ '1.1.0' ],
18 silly audit   onetime: [ '5.1.2' ],
18 silly audit   optionator: [ '0.9.4' ],
18 silly audit   'p-limit': [ '3.1.0' ],
18 silly audit   'p-locate': [ '5.0.0' ],
18 silly audit   'parent-module': [ '1.0.1' ],
18 silly audit   'path-exists': [ '4.0.0' ],
18 silly audit   'path-is-inside': [ '1.0.2' ],
18 silly audit   'path-key': [ '3.1.1' ],
18 silly audit   'path-to-regexp': [ '3.3.0' ],
18 silly audit   picocolors: [ '1.1.1' ],
18 silly audit   picomatch: [ '4.0.3' ],
18 silly audit   postcss: [ '8.5.6' ],
18 silly audit   'prelude-ls': [ '1.2.1' ],
18 silly audit   'prop-types': [ '15.8.1' ],
18 silly audit   'prop-types-extra': [ '1.1.1' ],
18 silly audit   'property-expr': [ '2.0.6' ],
18 silly audit   'proxy-from-env': [ '1.1.0' ],
18 silly audit   punycode: [ '2.3.1' ],
18 silly audit   'range-parser': [ '1.2.0' ],
18 silly audit   rc: [ '1.2.8' ],
18 silly audit   'strip-json-comments': [ '2.0.1', '3.1.1' ],
18 silly audit   react: [ '19.2.2' ],
18 silly audit   'react-bootstrap': [ '2.10.10' ],
18 silly audit   'react-dom': [ '19.2.2' ],
18 silly audit   'react-fast-compare': [ '2.0.4' ],
18 silly audit   'react-i18next': [ '16.5.0' ],
18 silly audit   'react-is': [ '16.13.1' ],
18 silly audit   'react-lifecycles-compat': [ '3.0.4' ],
18 silly audit   'react-redux': [ '9.2.0' ],
18 silly audit   'react-refresh': [ '0.18.0' ],
18 silly audit   'react-router': [ '6.30.2' ],
18 silly audit   'react-router-dom': [ '6.30.2' ],
18 silly audit   'react-toastify': [ '11.0.5' ],
18 silly audit   'react-transition-group': [ '4.4.5' ],
18 silly audit   redux: [ '5.0.1' ],
18 silly audit   'redux-thunk': [ '3.1.0' ],
18 silly audit   'registry-auth-token': [ '3.3.2' ],
18 silly audit   'registry-url': [ '3.1.0' ],
18 silly audit   'request-ip': [ '3.3.0' ],
18 silly audit   'require-from-string': [ '2.0.2' ],
18 silly audit   reselect: [ '5.1.1' ],
18 silly audit   'resolve-from': [ '4.0.0' ],
18 silly audit   rollbar: [ '2.26.5' ],
18 silly audit   rollup: [ '4.53.3' ],
18 silly audit   'russian-bad-words': [ '0.5.0' ],
18 silly audit   'safe-buffer': [ '5.2.1' ],
18 silly audit   scheduler: [ '0.27.0' ],
18 silly audit   semver: [ '6.3.1' ],
18 silly audit   serve: [ '14.2.5' ],
18 silly audit   'serve-handler': [ '6.1.6' ],
18 silly audit   'shebang-command': [ '2.0.0' ],
18 silly audit   'shebang-regex': [ '3.0.0' ],
18 silly audit   'signal-exit': [ '3.0.7' ],
18 silly audit   'socket.io-client': [ '4.8.1' ],
18 silly audit   'socket.io-parser': [ '4.2.4' ],
18 silly audit   'source-map': [ '0.5.7' ],
18 silly audit   'source-map-js': [ '1.2.1' ],
18 silly audit   stackframe: [ '1.3.4' ],
18 silly audit   'strip-final-newline': [ '2.0.0' ],
18 silly audit   'supports-color': [ '7.2.0' ],
18 silly audit   tabbable: [ '6.3.0' ],
18 silly audit   'tiny-case': [ '1.0.3' ],
18 silly audit   'tiny-invariant': [ '1.3.3' ],
18 silly audit   'tiny-warning': [ '1.0.3' ],
18 silly audit   tinyglobby: [ '0.2.15' ],
18 silly audit   toposort: [ '2.0.2' ],
18 silly audit   tr46: [ '0.0.3' ],
18 silly audit   tslib: [ '2.8.1' ],
18 silly audit   'type-check': [ '0.4.0' ],
18 silly audit   'type-fest': [ '2.19.0' ],
18 silly audit   'update-browserslist-db': [ '1.2.2' ],
18 silly audit   'update-check': [ '1.5.4' ],
18 silly audit   'uri-js': [ '4.4.1' ],
18 silly audit   'use-sync-external-store': [ '1.6.0' ],
18 silly audit   vary: [ '1.1.2' ],
18 silly audit   vite: [ '7.2.7' ],
18 silly audit   'void-elements': [ '3.1.0' ],
18 silly audit   warning: [ '4.0.3' ],
18 silly audit   'webidl-conversions': [ '3.0.1' ],
18 silly audit   'whatwg-url': [ '5.0.0' ],
18 silly audit   which: [ '2.0.2' ],
18 silly audit   'widest-line': [ '4.0.1' ],
18 silly audit   'word-wrap': [ '1.2.5' ],
18 silly audit   'wrap-ansi': [ '8.1.0' ],
18 silly audit   ws: [ '8.17.1' ],
18 silly audit   'xmlhttprequest-ssl': [ '2.1.2' ],
18 silly audit   yallist: [ '3.1.1' ],
18 silly audit   'yocto-queue': [ '0.1.0' ],
18 silly audit   yup: [ '1.7.1' ],
18 silly audit   zod: [ '4.1.13' ],
18 silly audit   'zod-validation-error': [ '4.0.2' ]
18 silly audit }
19 verbose reify failed optional dependency C:\Users\Jenny\Documents\frontend-project-12\frontend\node_modules\fsevents
20 silly reify mark deleted [
20 silly reify   'C:\\Users\\Jenny\\Documents\\frontend-project-12\\frontend\\node_modules\\fsevents'
20 silly reify ]
21 verbose reify failed optional dependency C:\Users\Jenny\Documents\frontend-project-12\frontend\node_modules\@rollup\rollup-win32-ia32-msvc
22 silly reify mark deleted [
22 silly reify   'C:\\Users\\Jenny\\Documents\\frontend-project-12\\frontend\\node_modules\\@rollup\\rollup-win32-ia32-msvc'
22 silly reify ]
23 verbose reify failed optional dependency C:\Users\Jenny\Documents\frontend-project-12\frontend\node_modules\@rollup\rollup-win32-arm64-msvc
24 silly reify mark deleted [
24 silly reify   'C:\\Users\\Jenny\\Documents\\frontend-project-12\\frontend\\node_modules\\@rollup\\rollup-win32-arm64-msvc'
24 silly reify ]
25 verbose reify failed optional dependency C:\Users\Jenny\Documents\frontend-project-12\frontend\node_modules\@rollup\rollup-openharmony-arm64
26 silly reify mark deleted [
26 silly reify   'C:\\Users\\Jenny\\Documents\\frontend-project-12\\frontend\\node_modules\\@rollup\\rollup-openharmony-arm64'
26 silly reify ]
27 verbose reify failed optional dependency C:\Users\Jenny\Documents\frontend-project-12\frontend\node_modules\@rollup\rollup-linux-x64-musl
28 silly reify mark deleted [
28 silly reify   'C:\\Users\\Jenny\\Documents\\frontend-project-12\\frontend\\node_modules\\@rollup\\rollup-linux-x64-musl'
28 silly reify ]
29 verbose reify failed optional dependency C:\Users\Jenny\Documents\frontend-project-12\frontend\node_modules\@rollup\rollup-linux-x64-gnu
30 silly reify mark deleted [
30 silly reify   'C:\\Users\\Jenny\\Documents\\frontend-project-12\\frontend\\node_modules\\@rollup\\rollup-linux-x64-gnu'
30 silly reify ]
31 verbose reify failed optional dependency C:\Users\Jenny\Documents\frontend-project-12\frontend\node_modules\@rollup\rollup-linux-s390x-gnu
32 silly reify mark deleted [
32 silly reify   'C:\\Users\\Jenny\\Documents\\frontend-project-12\\frontend\\node_modules\\@rollup\\rollup-linux-s390x-gnu'
32 silly reify ]
33 verbose reify failed optional dependency C:\Users\Jenny\Documents\frontend-project-12\frontend\node_modules\@rollup\rollup-linux-riscv64-musl
34 silly reify mark deleted [
34 silly reify   'C:\\Users\\Jenny\\Documents\\frontend-project-12\\frontend\\node_modules\\@rollup\\rollup-linux-riscv64-musl'
34 silly reify ]
35 verbose reify failed optional dependency C:\Users\Jenny\Documents\frontend-project-12\frontend\node_modules\@rollup\rollup-linux-riscv64-gnu
36 silly reify mark deleted [
36 silly reify   'C:\\Users\\Jenny\\Documents\\frontend-project-12\\frontend\\node_modules\\@rollup\\rollup-linux-riscv64-gnu'
36 silly reify ]
37 verbose reify failed optional dependency C:\Users\Jenny\Documents\frontend-project-12\frontend\node_modules\@rollup\rollup-linux-ppc64-gnu
38 silly reify mark deleted [
38 silly reify   'C:\\Users\\Jenny\\Documents\\frontend-project-12\\frontend\\node_modules\\@rollup\\rollup-linux-ppc64-gnu'
38 silly reify ]
39 verbose reify failed optional dependency C:\Users\Jenny\Documents\frontend-project-12\frontend\node_modules\@rollup\rollup-linux-loong64-gnu
40 silly reify mark deleted [
40 silly reify   'C:\\Users\\Jenny\\Documents\\frontend-project-12\\frontend\\node_modules\\@rollup\\rollup-linux-loong64-gnu'
40 silly reify ]
41 verbose reify failed optional dependency C:\Users\Jenny\Documents\frontend-project-12\frontend\node_modules\@rollup\rollup-linux-arm64-musl
42 silly reify mark deleted [
42 silly reify   'C:\\Users\\Jenny\\Documents\\frontend-project-12\\frontend\\node_modules\\@rollup\\rollup-linux-arm64-musl'
42 silly reify ]
43 verbose reify failed optional dependency C:\Users\Jenny\Documents\frontend-project-12\frontend\node_modules\@rollup\rollup-linux-arm64-gnu
44 silly reify mark deleted [
44 silly reify   'C:\\Users\\Jenny\\Documents\\frontend-project-12\\frontend\\node_modules\\@rollup\\rollup-linux-arm64-gnu'
44 silly reify ]
45 verbose reify failed optional dependency C:\Users\Jenny\Documents\frontend-project-12\frontend\node_modules\@rollup\rollup-linux-arm-musleabihf
46 silly reify mark deleted [
46 silly reify   'C:\\Users\\Jenny\\Documents\\frontend-project-12\\frontend\\node_modules\\@rollup\\rollup-linux-arm-musleabihf'
46 silly reify ]
47 verbose reify failed optional dependency C:\Users\Jenny\Documents\frontend-project-12\frontend\node_modules\@rollup\rollup-linux-arm-gnueabihf
48 silly reify mark deleted [
48 silly reify   'C:\\Users\\Jenny\\Documents\\frontend-project-12\\frontend\\node_modules\\@rollup\\rollup-linux-arm-gnueabihf'
48 silly reify ]
49 verbose reify failed optional dependency C:\Users\Jenny\Documents\frontend-project-12\frontend\node_modules\@rollup\rollup-freebsd-x64
50 silly reify mark deleted [
50 silly reify   'C:\\Users\\Jenny\\Documents\\frontend-project-12\\frontend\\node_modules\\@rollup\\rollup-freebsd-x64'
50 silly reify ]
51 verbose reify failed optional dependency C:\Users\Jenny\Documents\frontend-project-12\frontend\node_modules\@rollup\rollup-freebsd-arm64
52 silly reify mark deleted [
52 silly reify   'C:\\Users\\Jenny\\Documents\\frontend-project-12\\frontend\\node_modules\\@rollup\\rollup-freebsd-arm64'
52 silly reify ]
53 verbose reify failed optional dependency C:\Users\Jenny\Documents\frontend-project-12\frontend\node_modules\@rollup\rollup-darwin-x64
54 silly reify mark deleted [
54 silly reify   'C:\\Users\\Jenny\\Documents\\frontend-project-12\\frontend\\node_modules\\@rollup\\rollup-darwin-x64'
54 silly reify ]
55 verbose reify failed optional dependency C:\Users\Jenny\Documents\frontend-project-12\frontend\node_modules\@rollup\rollup-darwin-arm64
56 silly reify mark deleted [
56 silly reify   'C:\\Users\\Jenny\\Documents\\frontend-project-12\\frontend\\node_modules\\@rollup\\rollup-darwin-arm64'
56 silly reify ]
57 verbose reify failed optional dependency C:\Users\Jenny\Documents\frontend-project-12\frontend\node_modules\@rollup\rollup-android-arm64
58 silly reify mark deleted [
58 silly reify   'C:\\Users\\Jenny\\Documents\\frontend-project-12\\frontend\\node_modules\\@rollup\\rollup-android-arm64'
58 silly reify ]
59 verbose reify failed optional dependency C:\Users\Jenny\Documents\frontend-project-12\frontend\node_modules\@rollup\rollup-android-arm-eabi
60 silly reify mark deleted [
60 silly reify   'C:\\Users\\Jenny\\Documents\\frontend-project-12\\frontend\\node_modules\\@rollup\\rollup-android-arm-eabi'
60 silly reify ]
61 verbose reify failed optional dependency C:\Users\Jenny\Documents\frontend-project-12\frontend\node_modules\@esbuild\win32-ia32
62 silly reify mark deleted [
62 silly reify   'C:\\Users\\Jenny\\Documents\\frontend-project-12\\frontend\\node_modules\\@esbuild\\win32-ia32'
62 silly reify ]
63 verbose reify failed optional dependency C:\Users\Jenny\Documents\frontend-project-12\frontend\node_modules\@esbuild\win32-arm64
64 silly reify mark deleted [
64 silly reify   'C:\\Users\\Jenny\\Documents\\frontend-project-12\\frontend\\node_modules\\@esbuild\\win32-arm64'
64 silly reify ]
65 verbose reify failed optional dependency C:\Users\Jenny\Documents\frontend-project-12\frontend\node_modules\@esbuild\sunos-x64
66 silly reify mark deleted [
66 silly reify   'C:\\Users\\Jenny\\Documents\\frontend-project-12\\frontend\\node_modules\\@esbuild\\sunos-x64'
66 silly reify ]
67 verbose reify failed optional dependency C:\Users\Jenny\Documents\frontend-project-12\frontend\node_modules\@esbuild\openharmony-arm64
68 silly reify mark deleted [
68 silly reify   'C:\\Users\\Jenny\\Documents\\frontend-project-12\\frontend\\node_modules\\@esbuild\\openharmony-arm64'
68 silly reify ]
69 verbose reify failed optional dependency C:\Users\Jenny\Documents\frontend-project-12\frontend\node_modules\@esbuild\openbsd-x64
70 silly reify mark deleted [
70 silly reify   'C:\\Users\\Jenny\\Documents\\frontend-project-12\\frontend\\node_modules\\@esbuild\\openbsd-x64'
70 silly reify ]
71 verbose reify failed optional dependency C:\Users\Jenny\Documents\frontend-project-12\frontend\node_modules\@esbuild\openbsd-arm64
72 silly reify mark deleted [
72 silly reify   'C:\\Users\\Jenny\\Documents\\frontend-project-12\\frontend\\node_modules\\@esbuild\\openbsd-arm64'
72 silly reify ]
73 verbose reify failed optional dependency C:\Users\Jenny\Documents\frontend-project-12\frontend\node_modules\@esbuild\netbsd-x64
74 silly reify mark deleted [
74 silly reify   'C:\\Users\\Jenny\\Documents\\frontend-project-12\\frontend\\node_modules\\@esbuild\\netbsd-x64'
74 silly reify ]
75 verbose reify failed optional dependency C:\Users\Jenny\Documents\frontend-project-12\frontend\node_modules\@esbuild\netbsd-arm64
76 silly reify mark deleted [
76 silly reify   'C:\\Users\\Jenny\\Documents\\frontend-project-12\\frontend\\node_modules\\@esbuild\\netbsd-arm64'
76 silly reify ]
77 verbose reify failed optional dependency C:\Users\Jenny\Documents\frontend-project-12\frontend\node_modules\@esbuild\linux-x64
78 silly reify mark deleted [
78 silly reify   'C:\\Users\\Jenny\\Documents\\frontend-project-12\\frontend\\node_modules\\@esbuild\\linux-x64'
78 silly reify ]
79 verbose reify failed optional dependency C:\Users\Jenny\Documents\frontend-project-12\frontend\node_modules\@esbuild\linux-s390x
80 silly reify mark deleted [
80 silly reify   'C:\\Users\\Jenny\\Documents\\frontend-project-12\\frontend\\node_modules\\@esbuild\\linux-s390x'
80 silly reify ]
81 verbose reify failed optional dependency C:\Users\Jenny\Documents\frontend-project-12\frontend\node_modules\@esbuild\linux-riscv64
82 silly reify mark deleted [
82 silly reify   'C:\\Users\\Jenny\\Documents\\frontend-project-12\\frontend\\node_modules\\@esbuild\\linux-riscv64'
82 silly reify ]
83 verbose reify failed optional dependency C:\Users\Jenny\Documents\frontend-project-12\frontend\node_modules\@esbuild\linux-ppc64
84 silly reify mark deleted [
84 silly reify   'C:\\Users\\Jenny\\Documents\\frontend-project-12\\frontend\\node_modules\\@esbuild\\linux-ppc64'
84 silly reify ]
85 verbose reify failed optional dependency C:\Users\Jenny\Documents\frontend-project-12\frontend\node_modules\@esbuild\linux-mips64el
86 silly reify mark deleted [
86 silly reify   'C:\\Users\\Jenny\\Documents\\frontend-project-12\\frontend\\node_modules\\@esbuild\\linux-mips64el'
86 silly reify ]
87 verbose reify failed optional dependency C:\Users\Jenny\Documents\frontend-project-12\frontend\node_modules\@esbuild\linux-loong64
88 silly reify mark deleted [
88 silly reify   'C:\\Users\\Jenny\\Documents\\frontend-project-12\\frontend\\node_modules\\@esbuild\\linux-loong64'
88 silly reify ]
89 verbose reify failed optional dependency C:\Users\Jenny\Documents\frontend-project-12\frontend\node_modules\@esbuild\linux-ia32
90 silly reify mark deleted [
90 silly reify   'C:\\Users\\Jenny\\Documents\\frontend-project-12\\frontend\\node_modules\\@esbuild\\linux-ia32'
90 silly reify ]
91 verbose reify failed optional dependency C:\Users\Jenny\Documents\frontend-project-12\frontend\node_modules\@esbuild\linux-arm64
92 silly reify mark deleted [
92 silly reify   'C:\\Users\\Jenny\\Documents\\frontend-project-12\\frontend\\node_modules\\@esbuild\\linux-arm64'
92 silly reify ]
93 verbose reify failed optional dependency C:\Users\Jenny\Documents\frontend-project-12\frontend\node_modules\@esbuild\linux-arm
94 silly reify mark deleted [
94 silly reify   'C:\\Users\\Jenny\\Documents\\frontend-project-12\\frontend\\node_modules\\@esbuild\\linux-arm'
94 silly reify ]
95 verbose reify failed optional dependency C:\Users\Jenny\Documents\frontend-project-12\frontend\node_modules\@esbuild\freebsd-x64
96 silly reify mark deleted [
96 silly reify   'C:\\Users\\Jenny\\Documents\\frontend-project-12\\frontend\\node_modules\\@esbuild\\freebsd-x64'
96 silly reify ]
97 verbose reify failed optional dependency C:\Users\Jenny\Documents\frontend-project-12\frontend\node_modules\@esbuild\freebsd-arm64
98 silly reify mark deleted [
98 silly reify   'C:\\Users\\Jenny\\Documents\\frontend-project-12\\frontend\\node_modules\\@esbuild\\freebsd-arm64'
98 silly reify ]
99 verbose reify failed optional dependency C:\Users\Jenny\Documents\frontend-project-12\frontend\node_modules\@esbuild\darwin-x64
100 silly reify mark deleted [
100 silly reify   'C:\\Users\\Jenny\\Documents\\frontend-project-12\\frontend\\node_modules\\@esbuild\\darwin-x64'
100 silly reify ]
101 verbose reify failed optional dependency C:\Users\Jenny\Documents\frontend-project-12\frontend\node_modules\@esbuild\darwin-arm64
102 silly reify mark deleted [
102 silly reify   'C:\\Users\\Jenny\\Documents\\frontend-project-12\\frontend\\node_modules\\@esbuild\\darwin-arm64'
102 silly reify ]
103 verbose reify failed optional dependency C:\Users\Jenny\Documents\frontend-project-12\frontend\node_modules\@esbuild\android-x64
104 silly reify mark deleted [
104 silly reify   'C:\\Users\\Jenny\\Documents\\frontend-project-12\\frontend\\node_modules\\@esbuild\\android-x64'
104 silly reify ]
105 verbose reify failed optional dependency C:\Users\Jenny\Documents\frontend-project-12\frontend\node_modules\@esbuild\android-arm64
106 silly reify mark deleted [
106 silly reify   'C:\\Users\\Jenny\\Documents\\frontend-project-12\\frontend\\node_modules\\@esbuild\\android-arm64'
106 silly reify ]
107 verbose reify failed optional dependency C:\Users\Jenny\Documents\frontend-project-12\frontend\node_modules\@esbuild\android-arm
108 silly reify mark deleted [
108 silly reify   'C:\\Users\\Jenny\\Documents\\frontend-project-12\\frontend\\node_modules\\@esbuild\\android-arm'
108 silly reify ]
109 verbose reify failed optional dependency C:\Users\Jenny\Documents\frontend-project-12\frontend\node_modules\@esbuild\aix-ppc64
110 silly reify mark deleted [
110 silly reify   'C:\\Users\\Jenny\\Documents\\frontend-project-12\\frontend\\node_modules\\@esbuild\\aix-ppc64'
110 silly reify ]
111 http fetch POST 200 https://registry.npmjs.org/-/npm/v1/security/advisories/bulk 541ms
112 silly audit report {
112 silly audit report   '@remix-run/router': [
112 silly audit report     {
112 silly audit report       id: 1112052,
112 silly audit report       url: 'https://github.com/advisories/GHSA-2w69-qvjg-hvjx',
112 silly audit report       title: 'React Router vulnerable to XSS via Open Redirects',
112 silly audit report       severity: 'high',
112 silly audit report       vulnerable_versions: '<=1.23.1',
112 silly audit report       cwe: [Array],
112 silly audit report       cvss: [Object]
112 silly audit report     }
112 silly audit report   ],
112 silly audit report   lodash: [
112 silly audit report     {
112 silly audit report       id: 1112455,
112 silly audit report       url: 'https://github.com/advisories/GHSA-xxjr-mmjv-4gpg',
112 silly audit report       title: 'Lodash has Prototype Pollution Vulnerability in `_.unset` and `_.omit` functions',
112 silly audit report       severity: 'moderate',
112 silly audit report       vulnerable_versions: '>=4.0.0 <=4.17.22',
112 silly audit report       cwe: [Array],
112 silly audit report       cvss: [Object]
112 silly audit report     }
112 silly audit report   ],
112 silly audit report   'lodash-es': [
112 silly audit report     {
112 silly audit report       id: 1112453,
112 silly audit report       url: 'https://github.com/advisories/GHSA-xxjr-mmjv-4gpg',
112 silly audit report       title: 'Lodash has Prototype Pollution Vulnerability in `_.unset` and `_.omit` functions',
112 silly audit report       severity: 'moderate',
112 silly audit report       vulnerable_versions: '>=4.0.0 <=4.17.22',
112 silly audit report       cwe: [Array],
112 silly audit report       cvss: [Object]
112 silly audit report     }
112 silly audit report   ]
112 silly audit report }
113 http fetch GET 200 https://registry.npmjs.org/lodash 13ms (cache hit)
114 http fetch GET 200 https://registry.npmjs.org/@remix-run%2frouter 14ms (cache hit)
115 http fetch GET 200 https://registry.npmjs.org/lodash-es 16ms (cache hit)
116 http fetch GET 200 https://registry.npmjs.org/react-router-dom 6ms (cache hit)
117 http fetch GET 200 https://registry.npmjs.org/react-router 19ms (cache hit)
118 http fetch GET 200 https://registry.npmjs.org/formik 4ms (cache hit)
119 silly ADD
120 silly ADD
121 silly ADD
122 silly ADD
123 silly ADD
124 silly ADD
125 silly ADD
126 silly ADD
127 silly ADD
128 silly ADD
129 silly ADD
130 silly ADD
131 silly ADD
132 silly ADD
133 silly ADD
134 silly ADD
135 silly ADD
136 silly ADD
137 silly ADD
138 silly ADD
139 silly ADD
140 silly ADD
141 silly ADD
142 silly ADD
143 silly ADD
144 silly ADD
145 silly ADD
146 silly ADD
147 silly ADD
148 silly ADD
149 silly ADD
150 silly ADD
151 silly ADD
152 silly ADD
153 silly ADD
154 silly ADD
155 silly ADD
156 silly ADD
157 silly ADD
158 silly ADD
159 silly ADD
160 silly ADD
161 silly ADD
162 silly ADD
163 silly ADD
164 silly ADD
165 verbose exit 0
166 info ok
