0 verbose cli C:\Program Files\nodejs\node.exe C:\Program Files\nodejs\node_modules\npm\bin\npm-cli.js
1 info using npm@11.6.2
2 info using node@v24.13.0
3 silly config load:file:C:\Program Files\nodejs\node_modules\npm\npmrc
4 silly config load:file:C:\Users\Jenny\Documents\new_version_12\.npmrc
5 silly config load:file:C:\Users\Jenny\.npmrc
6 silly config load:file:C:\Users\Jenny\AppData\Roaming\npm\etc\npmrc
7 verbose title npm install
8 verbose argv "install"
9 verbose logfile logs-max:10 dir:C:\Users\Jenny\Documents\new_version_12\npm-cache\_logs\2026-02-12T17_20_46_342Z-
10 verbose logfile C:\Users\Jenny\Documents\new_version_12\npm-cache\_logs\2026-02-12T17_20_46_342Z-debug-0.log
11 silly logfile done cleaning log files
12 silly packumentCache heap:4496293888 maxSize:1124073472 maxEntrySize:562036736
13 silly idealTree buildDeps
14 warn EBADENGINE Unsupported engine {
14 warn EBADENGINE   package: 'fast-jwt@3.3.3',
14 warn EBADENGINE   required: { node: '>=16 <22' },
14 warn EBADENGINE   current: { node: 'v24.13.0', npm: '11.6.2' }
14 warn EBADENGINE }
15 verbose shrinkwrap failed to load node_modules/.package-lock.json out of date, updated: node_modules
16 silly reify moves {}
17 silly audit bulk request {
17 silly audit   '@eslint-community/eslint-utils': [ '4.5.0' ],
17 silly audit   '@eslint-community/regexpp': [ '4.12.1' ],
17 silly audit   '@eslint/eslintrc': [ '2.1.4' ],
17 silly audit   '@eslint/js': [ '8.57.1' ],
17 silly audit   '@fastify/accept-negotiator': [ '1.1.0' ],
17 silly audit   '@fastify/ajv-compiler': [ '3.6.0' ],
17 silly audit   ajv: [ '8.17.1', '6.12.6' ],
17 silly audit   'fast-uri': [ '3.0.6', '2.4.0' ],
17 silly audit   'json-schema-traverse': [ '1.0.0', '0.4.1' ],
17 silly audit   '@fastify/deepmerge': [ '1.3.0' ],
17 silly audit   '@fastify/error': [ '3.4.1' ],
17 silly audit   '@fastify/fast-json-stringify-compiler': [ '4.3.0' ],
17 silly audit   '@fastify/jwt': [ '7.2.4' ],
17 silly audit   '@fastify/merge-json-schemas': [ '0.1.1' ],
17 silly audit   '@fastify/send': [ '2.1.0' ],
17 silly audit   '@fastify/static': [ '6.12.0' ],
17 silly audit   '@hexlet/chat-server': [ '2.0.4' ],
17 silly audit   '@humanwhocodes/config-array': [ '0.13.0' ],
17 silly audit   '@humanwhocodes/module-importer': [ '1.0.1' ],
17 silly audit   '@humanwhocodes/object-schema': [ '2.0.3' ],
17 silly audit   '@lukeed/ms': [ '2.0.2' ],
17 silly audit   '@nodelib/fs.scandir': [ '2.1.5' ],
17 silly audit   '@nodelib/fs.stat': [ '2.0.5' ],
17 silly audit   '@nodelib/fs.walk': [ '1.2.8' ],
17 silly audit   '@rtsao/scc': [ '1.1.0' ],
17 silly audit   '@socket.io/component-emitter': [ '3.1.2' ],
17 silly audit   '@types/cors': [ '2.8.17' ],
17 silly audit   '@types/json5': [ '0.0.29' ],
17 silly audit   '@types/node': [ '22.13.10' ],
17 silly audit   '@ungap/structured-clone': [ '1.3.0' ],
17 silly audit   'abort-controller': [ '3.0.0' ],
17 silly audit   'abstract-logging': [ '2.0.1' ],
17 silly audit   accepts: [ '1.3.8' ],
17 silly audit   acorn: [ '8.14.1' ],
17 silly audit   'acorn-jsx': [ '5.3.2' ],
17 silly audit   'ajv-formats': [ '2.1.1', '3.0.1' ],
17 silly audit   'ansi-regex': [ '5.0.1' ],
17 silly audit   'ansi-styles': [ '4.3.0' ],
17 silly audit   anymatch: [ '3.1.3' ],
17 silly audit   argparse: [ '2.0.1' ],
17 silly audit   'aria-query': [ '5.3.2' ],
17 silly audit   'array-buffer-byte-length': [ '1.0.2' ],
17 silly audit   'array-includes': [ '3.1.8' ],
17 silly audit   'array.prototype.findlast': [ '1.2.5' ],
17 silly audit   'array.prototype.findlastindex': [ '1.2.5' ],
17 silly audit   'array.prototype.flat': [ '1.3.3' ],
17 silly audit   'array.prototype.flatmap': [ '1.3.3' ],
17 silly audit   'array.prototype.tosorted': [ '1.1.4' ],
17 silly audit   'arraybuffer.prototype.slice': [ '1.0.4' ],
17 silly audit   'asn1.js': [ '5.4.1' ],
17 silly audit   'ast-types-flow': [ '0.0.8' ],
17 silly audit   'async-function': [ '1.0.0' ],
17 silly audit   'atomic-sleep': [ '1.0.0' ],
17 silly audit   'available-typed-arrays': [ '1.0.7' ],
17 silly audit   avvio: [ '8.4.0' ],
17 silly audit   'axe-core': [ '4.10.3' ],
17 silly audit   'axobject-query': [ '4.1.0' ],
17 silly audit   'balanced-match': [ '1.0.2' ],
17 silly audit   'base64-js': [ '1.5.1' ],
17 silly audit   base64id: [ '2.0.0' ],
17 silly audit   'binary-extensions': [ '2.3.0' ],
17 silly audit   'bn.js': [ '4.12.1' ],
17 silly audit   'brace-expansion': [ '1.1.11', '2.0.1' ],
17 silly audit   braces: [ '3.0.3' ],
17 silly audit   buffer: [ '6.0.3' ],
17 silly audit   'call-bind': [ '1.0.8' ],
17 silly audit   'call-bind-apply-helpers': [ '1.0.2' ],
17 silly audit   'call-bound': [ '1.0.4' ],
17 silly audit   callsites: [ '3.1.0' ],
17 silly audit   chalk: [ '4.1.2' ],
17 silly audit   'supports-color': [ '7.2.0', '8.1.1' ],
17 silly audit   chokidar: [ '3.6.0' ],
17 silly audit   'glob-parent': [ '5.1.2', '6.0.2' ],
17 silly audit   cliui: [ '8.0.1' ],
17 silly audit   'close-with-grace': [ '1.3.0' ],
17 silly audit   'color-convert': [ '2.0.1' ],
17 silly audit   'color-name': [ '1.1.4' ],
17 silly audit   colorette: [ '2.0.20' ],
17 silly audit   commander: [ '9.5.0' ],
17 silly audit   commist: [ '3.2.0' ],
17 silly audit   'concat-map': [ '0.0.1' ],
17 silly audit   concurrently: [ '9.1.2' ],
17 silly audit   'confusing-browser-globals': [ '1.0.11' ],
17 silly audit   'content-disposition': [ '0.5.4' ],
17 silly audit   cookie: [ '0.7.2' ],
17 silly audit   cors: [ '2.8.5' ],
17 silly audit   'cross-spawn': [ '7.0.6' ],
17 silly audit   'damerau-levenshtein': [ '1.0.8' ],
17 silly audit   'data-view-buffer': [ '1.0.2' ],
17 silly audit   'data-view-byte-length': [ '1.0.2' ],
17 silly audit   'data-view-byte-offset': [ '1.0.1' ],
17 silly audit   dateformat: [ '4.6.3' ],
17 silly audit   debug: [ '4.4.0', '4.3.7', '3.2.7' ],
17 silly audit   'deep-is': [ '0.1.4' ],
17 silly audit   'define-data-property': [ '1.1.4' ],
17 silly audit   'define-properties': [ '1.2.1' ],
17 silly audit   depd: [ '2.0.0' ],
17 silly audit   doctrine: [ '3.0.0', '2.1.0' ],
17 silly audit   dotenv: [ '16.4.7' ],
17 silly audit   'dunder-proto': [ '1.0.1' ],
17 silly audit   'ecdsa-sig-formatter': [ '1.0.11' ],
17 silly audit   'emoji-regex': [ '9.2.2', '8.0.0' ],
17 silly audit   'end-of-stream': [ '1.4.4' ],
17 silly audit   'engine.io': [ '6.6.4' ],
17 silly audit   'engine.io-parser': [ '5.2.3' ],
17 silly audit   'es-abstract': [ '1.23.9' ],
17 silly audit   'es-define-property': [ '1.0.1' ],
17 silly audit   'es-errors': [ '1.3.0' ],
17 silly audit   'es-iterator-helpers': [ '1.2.1' ],
17 silly audit   'es-object-atoms': [ '1.1.1' ],
17 silly audit   'es-set-tostringtag': [ '2.1.0' ],
17 silly audit   'es-shim-unscopables': [ '1.1.0' ],
17 silly audit   'es-to-primitive': [ '1.3.0' ],
17 silly audit   escalade: [ '3.2.0' ],
17 silly audit   'escape-html': [ '1.0.3' ],
17 silly audit   'escape-string-regexp': [ '4.0.0' ],
17 silly audit   eslint: [ '8.57.1' ],
17 silly audit   'eslint-config-airbnb': [ '19.0.4' ],
17 silly audit   'eslint-config-airbnb-base': [ '15.0.0' ],
17 silly audit   'eslint-import-resolver-node': [ '0.3.9' ],
17 silly audit   'eslint-module-utils': [ '2.12.0' ],
17 silly audit   'eslint-plugin-import': [ '2.31.0' ],
17 silly audit   'eslint-plugin-jsx-a11y': [ '6.10.2' ],
17 silly audit   'eslint-plugin-react': [ '7.37.4' ],
17 silly audit   'eslint-plugin-react-hooks': [ '4.6.2' ],
17 silly audit   resolve: [ '2.0.0-next.5', '1.22.10' ],
17 silly audit   'eslint-scope': [ '7.2.2' ],
17 silly audit   'eslint-visitor-keys': [ '3.4.3' ],
17 silly audit   espree: [ '9.6.1' ],
17 silly audit   esquery: [ '1.6.0' ],
17 silly audit   esrecurse: [ '4.3.0' ],
17 silly audit   estraverse: [ '5.3.0' ],
17 silly audit   esutils: [ '2.0.3' ],
17 silly audit   'event-target-shim': [ '5.0.1' ],
17 silly audit   events: [ '3.3.0' ],
17 silly audit   'fast-content-type-parse': [ '1.1.0' ],
17 silly audit   'fast-copy': [ '3.0.2' ],
17 silly audit   'fast-decode-uri-component': [ '1.0.1' ],
17 silly audit   'fast-deep-equal': [ '3.1.3' ],
17 silly audit   'fast-json-stable-stringify': [ '2.1.0' ],
17 silly audit   'fast-json-stringify': [ '5.16.1' ],
17 silly audit   'fast-jwt': [ '3.3.3' ],
17 silly audit   'fast-levenshtein': [ '2.0.6' ],
17 silly audit   'fast-querystring': [ '1.1.2' ],
17 silly audit   'fast-redact': [ '3.5.0' ],
17 silly audit   'fast-safe-stringify': [ '2.1.1' ],
17 silly audit   fastfall: [ '1.5.1' ],
17 silly audit   fastify: [ '4.29.0' ],
17 silly audit   'fastify-cli': [ '5.9.0' ],
17 silly audit   semver: [ '7.7.1', '6.3.1' ],
17 silly audit   'fastify-plugin': [ '4.5.1', '3.0.1' ],
17 silly audit   'fastify-socket.io': [ '4.0.0' ],
17 silly audit   fastparallel: [ '2.4.1' ],
17 silly audit   fastq: [ '1.19.1' ],
17 silly audit   fastseries: [ '1.7.2' ],
17 silly audit   'file-entry-cache': [ '6.0.1' ],
17 silly audit   'fill-range': [ '7.1.1' ],
17 silly audit   'find-my-way': [ '8.2.2' ],
17 silly audit   'find-up': [ '5.0.0', '3.0.0' ],
17 silly audit   'flat-cache': [ '3.2.0' ],
17 silly audit   flatted: [ '3.3.3' ],
17 silly audit   'for-each': [ '0.3.5' ],
17 silly audit   forwarded: [ '0.2.0' ],
17 silly audit   'fs.realpath': [ '1.0.0' ],
17 silly audit   fsevents: [ '2.3.3' ],
17 silly audit   'function-bind': [ '1.1.2' ],
17 silly audit   'function.prototype.name': [ '1.1.8' ],
17 silly audit   'functions-have-names': [ '1.2.3' ],
17 silly audit   generify: [ '4.2.0' ],
17 silly audit   'get-caller-file': [ '2.0.5' ],
17 silly audit   'get-intrinsic': [ '1.3.0' ],
17 silly audit   'get-proto': [ '1.0.1' ],
17 silly audit   'get-symbol-description': [ '1.1.0' ],
17 silly audit   glob: [ '8.1.0', '7.2.3' ],
17 silly audit   minimatch: [ '5.1.6', '3.1.2' ],
17 silly audit   globals: [ '13.24.0' ],
17 silly audit   globalthis: [ '1.0.4' ],
17 silly audit   gopd: [ '1.2.0' ],
17 silly audit   graphemer: [ '1.4.0' ],
17 silly audit   'has-bigints': [ '1.1.0' ],
17 silly audit   'has-flag': [ '4.0.0' ],
17 silly audit   'has-property-descriptors': [ '1.0.2' ],
17 silly audit   'has-proto': [ '1.2.0' ],
17 silly audit   'has-symbols': [ '1.1.0' ],
17 silly audit   'has-tostringtag': [ '1.0.2' ],
17 silly audit   hasown: [ '2.0.2' ],
17 silly audit   'help-me': [ '4.2.0', '5.0.0' ],
17 silly audit   'http-errors': [ '2.0.0' ],
17 silly audit   ieee754: [ '1.2.1' ],
17 silly audit   ignore: [ '5.3.2' ],
17 silly audit   'import-fresh': [ '3.3.1' ],
17 silly audit   'resolve-from': [ '4.0.0', '5.0.0' ],
17 silly audit   imurmurhash: [ '0.1.4' ],
17 silly audit   inflight: [ '1.0.6' ],
17 silly audit   inherits: [ '2.0.4' ],
17 silly audit   'internal-slot': [ '1.1.0' ],
17 silly audit   'ipaddr.js': [ '1.9.1' ],
17 silly audit   'is-array-buffer': [ '3.0.5' ],
17 silly audit   'is-async-function': [ '2.1.1' ],
17 silly audit   'is-bigint': [ '1.1.0' ],
17 silly audit   'is-binary-path': [ '2.1.0' ],
17 silly audit   'is-boolean-object': [ '1.2.2' ],
17 silly audit   'is-callable': [ '1.2.7' ],
17 silly audit   'is-core-module': [ '2.16.1' ],
17 silly audit   'is-data-view': [ '1.0.2' ],
17 silly audit   'is-date-object': [ '1.1.0' ],
17 silly audit   'is-docker': [ '2.2.1' ],
17 silly audit   'is-extglob': [ '2.1.1' ],
17 silly audit   'is-finalizationregistry': [ '1.1.1' ],
17 silly audit   'is-fullwidth-code-point': [ '3.0.0' ],
17 silly audit   'is-generator-function': [ '1.1.0' ],
17 silly audit   'is-glob': [ '4.0.3' ],
17 silly audit   'is-map': [ '2.0.3' ],
17 silly audit   'is-number': [ '7.0.0' ],
17 silly audit   'is-number-object': [ '1.1.1' ],
17 silly audit   'is-path-inside': [ '3.0.3' ],
17 silly audit   'is-regex': [ '1.2.1' ],
17 silly audit   'is-set': [ '2.0.3' ],
17 silly audit   'is-shared-array-buffer': [ '1.0.4' ],
17 silly audit   'is-string': [ '1.1.1' ],
17 silly audit   'is-symbol': [ '1.1.1' ],
17 silly audit   'is-typed-array': [ '1.1.15' ],
17 silly audit   'is-weakmap': [ '2.0.2' ],
17 silly audit   'is-weakref': [ '1.1.1' ],
17 silly audit   'is-weakset': [ '2.0.4' ],
17 silly audit   isarray: [ '2.0.5' ],
17 silly audit   isbinaryfile: [ '4.0.10' ],
17 silly audit   isexe: [ '2.0.0' ],
17 silly audit   'iterator.prototype': [ '1.1.5' ],
17 silly audit   joycon: [ '3.1.1' ],
17 silly audit   'js-tokens': [ '4.0.0' ],
17 silly audit   'js-yaml': [ '4.1.0' ],
17 silly audit   'json-buffer': [ '3.0.1' ],
17 silly audit   'json-parse-even-better-errors': [ '3.0.2' ],
17 silly audit   'json-schema-ref-resolver': [ '1.0.1' ],
17 silly audit   'json-stable-stringify-without-jsonify': [ '1.0.1' ],
17 silly audit   json5: [ '1.0.2' ],
17 silly audit   'jsx-ast-utils': [ '3.3.5' ],
17 silly audit   keyv: [ '4.5.4' ],
17 silly audit   'language-subtag-registry': [ '0.3.23' ],
17 silly audit   'language-tags': [ '1.0.9' ],
17 silly audit   levn: [ '0.4.1' ],
17 silly audit   'light-my-request': [ '5.14.0' ],
17 silly audit   'locate-path': [ '6.0.0', '3.0.0' ],
17 silly audit   lodash: [ '4.17.21' ],
17 silly audit   'lodash.merge': [ '4.6.2' ],
17 silly audit   'loose-envify': [ '1.4.0' ],
17 silly audit   'make-promises-safe': [ '5.1.0' ],
17 silly audit   makeerror: [ '1.0.12' ],
17 silly audit   'math-intrinsics': [ '1.1.0' ],
17 silly audit   mime: [ '3.0.0' ],
17 silly audit   'mime-db': [ '1.52.0' ],
17 silly audit   'mime-types': [ '2.1.35' ],
17 silly audit   'minimalistic-assert': [ '1.0.1' ],
17 silly audit   minimist: [ '1.2.8' ],
17 silly audit   mnemonist: [ '0.39.8' ],
17 silly audit   ms: [ '2.1.3' ],
17 silly audit   'natural-compare': [ '1.4.0' ],
17 silly audit   negotiator: [ '0.6.3' ],
17 silly audit   'normalize-path': [ '3.0.0' ],
17 silly audit   'npm-normalize-package-bin': [ '3.0.1' ],
17 silly audit   'object-assign': [ '4.1.1' ],
17 silly audit   'object-inspect': [ '1.13.4' ],
17 silly audit   'object-keys': [ '1.1.1' ],
17 silly audit   'object.assign': [ '4.1.7' ],
17 silly audit   'object.entries': [ '1.1.8' ],
17 silly audit   'object.fromentries': [ '2.0.8' ],
17 silly audit   'object.groupby': [ '1.0.3' ],
17 silly audit   'object.values': [ '1.2.1' ],
17 silly audit   obliterator: [ '2.0.5' ],
17 silly audit   'on-exit-leak-free': [ '2.1.2' ],
17 silly audit   once: [ '1.4.0' ],
17 silly audit   optionator: [ '0.9.4' ],
17 silly audit   'own-keys': [ '1.0.1' ],
17 silly audit   'p-limit': [ '3.1.0', '2.3.0' ],
17 silly audit   'p-locate': [ '5.0.0', '3.0.0' ],
17 silly audit   'p-try': [ '2.2.0' ],
17 silly audit   'parent-module': [ '1.0.1' ],
17 silly audit   'path-exists': [ '4.0.0', '3.0.0' ],
17 silly audit   'path-is-absolute': [ '1.0.1' ],
17 silly audit   'path-key': [ '3.1.1' ],
17 silly audit   'path-parse': [ '1.0.7' ],
17 silly audit   picomatch: [ '2.3.1' ],
17 silly audit   pino: [ '9.6.0' ],
17 silly audit   'pino-abstract-transport': [ '2.0.0', '1.2.0' ],
17 silly audit   split2: [ '4.2.0', '3.2.2' ],
17 silly audit   'pino-pretty': [ '10.3.1' ],
17 silly audit   'readable-stream': [ '4.7.0', '3.6.2' ],
17 silly audit   'sonic-boom': [ '3.8.1', '4.2.0' ],
17 silly audit   'pino-std-serializers': [ '7.0.0' ],
17 silly audit   'process-warning': [ '4.0.1', '3.0.0' ],
17 silly audit   'pkg-up': [ '3.1.0' ],
17 silly audit   'possible-typed-array-names': [ '1.1.0' ],
17 silly audit   'prelude-ls': [ '1.2.1' ],
17 silly audit   process: [ '0.11.10' ],
17 silly audit   'prop-types': [ '15.8.1' ],
17 silly audit   'proxy-addr': [ '2.0.7' ],
17 silly audit   pump: [ '3.0.2' ],
17 silly audit   punycode: [ '2.3.1' ],
17 silly audit   'queue-microtask': [ '1.2.3' ],
17 silly audit   'quick-format-unescaped': [ '4.0.4' ],
17 silly audit   'react-is': [ '16.13.1' ],
17 silly audit   'read-package-json-fast': [ '3.0.2' ],
17 silly audit   readdirp: [ '3.6.0' ],
17 silly audit   'real-require': [ '0.2.0' ],
17 silly audit   'reflect.getprototypeof': [ '1.0.10' ],
17 silly audit   'regexp.prototype.flags': [ '1.5.4' ],
17 silly audit   'require-directory': [ '2.1.1' ],
17 silly audit   'require-from-string': [ '2.0.2' ],
17 silly audit   ret: [ '0.4.3' ],
17 silly audit   reusify: [ '1.1.0' ],
17 silly audit   rfdc: [ '1.4.1' ],
17 silly audit   rimraf: [ '3.0.2' ],
17 silly audit   'run-parallel': [ '1.2.0' ],
17 silly audit   rxjs: [ '7.8.2' ],
17 silly audit   'safe-array-concat': [ '1.1.3' ],
17 silly audit   'safe-buffer': [ '5.2.1' ],
17 silly audit   'safe-push-apply': [ '1.0.0' ],
17 silly audit   'safe-regex-test': [ '1.1.0' ],
17 silly audit   'safe-regex2': [ '3.1.0' ],
17 silly audit   'safe-stable-stringify': [ '2.5.0' ],
17 silly audit   'safer-buffer': [ '2.1.2' ],
17 silly audit   'secure-json-parse': [ '2.7.0' ],
17 silly audit   'set-cookie-parser': [ '2.7.1' ],
17 silly audit   'set-function-length': [ '1.2.2' ],
17 silly audit   'set-function-name': [ '2.0.2' ],
17 silly audit   'set-proto': [ '1.0.0' ],
17 silly audit   setprototypeof: [ '1.2.0' ],
17 silly audit   'shebang-command': [ '2.0.0' ],
17 silly audit   'shebang-regex': [ '3.0.0' ],
17 silly audit   'shell-quote': [ '1.8.2' ],
17 silly audit   'side-channel': [ '1.1.0' ],
17 silly audit   'side-channel-list': [ '1.0.0' ],
17 silly audit   'side-channel-map': [ '1.0.1' ],
17 silly audit   'side-channel-weakmap': [ '1.0.2' ],
17 silly audit   'socket.io': [ '4.8.1' ],
17 silly audit   'socket.io-adapter': [ '2.5.5' ],
17 silly audit   'socket.io-parser': [ '4.2.4' ],
17 silly audit   statuses: [ '2.0.1' ],
17 silly audit   steed: [ '1.1.3' ],
17 silly audit   string_decoder: [ '1.3.0' ],
17 silly audit   'string-width': [ '4.2.3' ],
17 silly audit   'string.prototype.includes': [ '2.0.1' ],
17 silly audit   'string.prototype.matchall': [ '4.0.12' ],
17 silly audit   'string.prototype.repeat': [ '1.0.0' ],
17 silly audit   'string.prototype.trim': [ '1.2.10' ],
17 silly audit   'string.prototype.trimend': [ '1.0.9' ],
17 silly audit   'string.prototype.trimstart': [ '1.0.8' ],
17 silly audit   'strip-ansi': [ '6.0.1' ],
17 silly audit   'strip-bom': [ '3.0.0' ],
17 silly audit   'strip-json-comments': [ '3.1.1' ],
17 silly audit   'supports-preserve-symlinks-flag': [ '1.0.0' ],
17 silly audit   'text-table': [ '0.2.0' ],
17 silly audit   'thread-stream': [ '3.1.0' ],
17 silly audit   tmpl: [ '1.0.5' ],
17 silly audit   'to-regex-range': [ '5.0.1' ],
17 silly audit   'toad-cache': [ '3.7.0' ],
17 silly audit   toidentifier: [ '1.0.1' ],
17 silly audit   'tree-kill': [ '1.2.2' ],
17 silly audit   'tsconfig-paths': [ '3.15.0' ],
17 silly audit   tslib: [ '2.8.1' ],
17 silly audit   'type-check': [ '0.4.0' ],
17 silly audit   'type-fest': [ '0.20.2' ],
17 silly audit   'typed-array-buffer': [ '1.0.3' ],
17 silly audit   'typed-array-byte-length': [ '1.0.3' ],
17 silly audit   'typed-array-byte-offset': [ '1.0.4' ],
17 silly audit   'typed-array-length': [ '1.0.7' ],
17 silly audit   'unbox-primitive': [ '1.1.0' ],
17 silly audit   'undici-types': [ '6.20.0' ],
17 silly audit   'uri-js': [ '4.4.1' ],
17 silly audit   'util-deprecate': [ '1.0.2' ],
17 silly audit   vary: [ '1.1.2' ],
17 silly audit   walker: [ '1.0.8' ],
17 silly audit   which: [ '2.0.2' ],
17 silly audit   'which-boxed-primitive': [ '1.1.1' ],
17 silly audit   'which-builtin-type': [ '1.2.1' ],
17 silly audit   'which-collection': [ '1.0.2' ],
17 silly audit   'which-typed-array': [ '1.1.19' ],
17 silly audit   'word-wrap': [ '1.2.5' ],
17 silly audit   'wrap-ansi': [ '7.0.0' ],
17 silly audit   wrappy: [ '1.0.2' ],
17 silly audit   ws: [ '8.17.1' ],
17 silly audit   xtend: [ '4.0.2' ],
17 silly audit   y18n: [ '5.0.8' ],
17 silly audit   yargs: [ '17.7.2' ],
17 silly audit   'yargs-parser': [ '21.1.1' ],
17 silly audit   'yocto-queue': [ '0.1.0' ]
17 silly audit }
18 http fetch POST 200 https://registry.npmjs.org/-/npm/v1/security/advisories/bulk 515ms
19 silly audit report {
19 silly audit report   'brace-expansion': [
19 silly audit report     {
19 silly audit report       id: 1105443,
19 silly audit report       url: 'https://github.com/advisories/GHSA-v6h2-p8h4-qcjw',
19 silly audit report       title: 'brace-expansion Regular Expression Denial of Service vulnerability',
19 silly audit report       severity: 'low',
19 silly audit report       vulnerable_versions: '>=1.0.0 <=1.1.11',
19 silly audit report       cwe: [Array],
19 silly audit report       cvss: [Object]
19 silly audit report     },
19 silly audit report     {
19 silly audit report       id: 1105444,
19 silly audit report       url: 'https://github.com/advisories/GHSA-v6h2-p8h4-qcjw',
19 silly audit report       title: 'brace-expansion Regular Expression Denial of Service vulnerability',
19 silly audit report       severity: 'low',
19 silly audit report       vulnerable_versions: '>=2.0.0 <=2.0.1',
19 silly audit report       cwe: [Array],
19 silly audit report       cvss: [Object]
19 silly audit report     }
19 silly audit report   ],
19 silly audit report   'fast-jwt': [
19 silly audit report     {
19 silly audit report       id: 1103362,
19 silly audit report       url: 'https://github.com/advisories/GHSA-gm45-q3v2-6cf8',
19 silly audit report       title: 'Fast-JWT Improperly Validates iss Claims',
19 silly audit report       severity: 'moderate',
19 silly audit report       vulnerable_versions: '<5.0.6',
19 silly audit report       cwe: [Array],
19 silly audit report       cvss: [Object]
19 silly audit report     }
19 silly audit report   ],
19 silly audit report   fastify: [
19 silly audit report     {
19 silly audit report       id: 1105118,
19 silly audit report       url: 'https://github.com/advisories/GHSA-mg2h-6x62-wpwc',
19 silly audit report       title: 'Fastify vulnerable to invalid content-type parsing, which could lead to validation bypass',
19 silly audit report       severity: 'high',
19 silly audit report       vulnerable_versions: '=4.29.0',
19 silly audit report       cwe: [Array],
19 silly audit report       cvss: [Object]
19 silly audit report     },
19 silly audit report     {
19 silly audit report       id: 1112876,
19 silly audit report       url: 'https://github.com/advisories/GHSA-mrq3-vjjr-p77c',
19 silly audit report       title: 'Fastify Vulnerable to DoS via Unbounded Memory Allocation in sendWebStream',
19 silly audit report       severity: 'low',
19 silly audit report       vulnerable_versions: '<=5.7.2',
19 silly audit report       cwe: [Array],
19 silly audit report       cvss: [Object]
19 silly audit report     },
19 silly audit report     {
19 silly audit report       id: 1112877,
19 silly audit report       url: 'https://github.com/advisories/GHSA-jx2c-rxcm-jvmq',
19 silly audit report       title: "Fastify's Content-Type header tab character allows body validation bypass",
19 silly audit report       severity: 'high',
19 silly audit report       vulnerable_versions: '<5.7.2',
19 silly audit report       cwe: [Array],
19 silly audit report       cvss: [Object]
19 silly audit report     }
19 silly audit report   ],
19 silly audit report   'js-yaml': [
19 silly audit report     {
19 silly audit report       id: 1112715,
19 silly audit report       url: 'https://github.com/advisories/GHSA-mh29-5h37-fv8m',
19 silly audit report       title: 'js-yaml has prototype pollution in merge (<<)',
19 silly audit report       severity: 'moderate',
19 silly audit report       vulnerable_versions: '>=4.0.0 <4.1.1',
19 silly audit report       cwe: [Array],
19 silly audit report       cvss: [Object]
19 silly audit report     }
19 silly audit report   ],
19 silly audit report   lodash: [
19 silly audit report     {
19 silly audit report       id: 1112455,
19 silly audit report       url: 'https://github.com/advisories/GHSA-xxjr-mmjv-4gpg',
19 silly audit report       title: 'Lodash has Prototype Pollution Vulnerability in `_.unset` and `_.omit` functions',
19 silly audit report       severity: 'moderate',
19 silly audit report       vulnerable_versions: '>=4.0.0 <=4.17.22',
19 silly audit report       cwe: [Array],
19 silly audit report       cvss: [Object]
19 silly audit report     }
19 silly audit report   ]
19 silly audit report }
20 silly packumentCache corgi:https://registry.npmjs.org/brace-expansion cache-miss
21 silly packumentCache corgi:https://registry.npmjs.org/fast-jwt cache-miss
22 silly packumentCache corgi:https://registry.npmjs.org/fastify cache-miss
23 silly packumentCache corgi:https://registry.npmjs.org/js-yaml cache-miss
24 silly packumentCache corgi:https://registry.npmjs.org/lodash cache-miss
25 http fetch GET 200 https://registry.npmjs.org/brace-expansion 91ms (cache updated)
26 silly packumentCache corgi:https://registry.npmjs.org/brace-expansion set size:undefined disposed:false
27 http fetch GET 200 https://registry.npmjs.org/fastify 212ms (cache revalidated)
28 silly packumentCache corgi:https://registry.npmjs.org/fastify set size:727609 disposed:false
29 http fetch GET 200 https://registry.npmjs.org/js-yaml 222ms (cache revalidated)
30 silly packumentCache corgi:https://registry.npmjs.org/js-yaml set size:58533 disposed:false
31 http fetch GET 200 https://registry.npmjs.org/lodash 241ms (cache revalidated)
32 silly packumentCache corgi:https://registry.npmjs.org/lodash set size:68481 disposed:false
33 http fetch GET 200 https://registry.npmjs.org/fast-jwt 537ms (cache revalidated)
34 silly packumentCache corgi:https://registry.npmjs.org/fast-jwt set size:103690 disposed:false
35 silly packumentCache corgi:https://registry.npmjs.org/minimatch cache-miss
36 http fetch GET 200 https://registry.npmjs.org/minimatch 76ms (cache revalidated)
37 silly packumentCache corgi:https://registry.npmjs.org/minimatch set size:146096 disposed:false
38 silly packumentCache corgi:https://registry.npmjs.org/@fastify%2fjwt cache-miss
39 http fetch GET 200 https://registry.npmjs.org/@fastify%2fjwt 858ms (cache revalidated)
40 silly packumentCache corgi:https://registry.npmjs.org/@fastify%2fjwt set size:42552 disposed:false
41 silly packumentCache corgi:https://registry.npmjs.org/@hexlet%2fchat-server cache-miss
42 silly packumentCache corgi:https://registry.npmjs.org/fastify-cli cache-miss
43 http fetch GET 200 https://registry.npmjs.org/fastify-cli 308ms (cache revalidated)
44 silly packumentCache corgi:https://registry.npmjs.org/fastify-cli set size:204286 disposed:false
45 http fetch GET 200 https://registry.npmjs.org/@hexlet%2fchat-server 541ms (cache revalidated)
46 silly packumentCache corgi:https://registry.npmjs.org/@hexlet%2fchat-server set size:25078 disposed:false
47 silly packumentCache corgi:https://registry.npmjs.org/@eslint%2feslintrc cache-miss
48 silly packumentCache corgi:https://registry.npmjs.org/eslint cache-miss
49 http fetch GET 200 https://registry.npmjs.org/eslint 74ms (cache revalidated)
50 silly packumentCache corgi:https://registry.npmjs.org/eslint set size:1126678 disposed:false
51 http fetch GET 200 https://registry.npmjs.org/@eslint%2feslintrc 320ms (cache revalidated)
52 silly packumentCache corgi:https://registry.npmjs.org/@eslint%2feslintrc set size:80753 disposed:false
53 silly packumentCache corgi:https://registry.npmjs.org/concurrently cache-miss
54 http fetch GET 200 https://registry.npmjs.org/concurrently 77ms (cache revalidated)
55 silly packumentCache corgi:https://registry.npmjs.org/concurrently set size:102723 disposed:false
56 verbose cwd C:\Users\Jenny\Documents\new_version_12
57 verbose os Windows_NT 10.0.26100
58 verbose node v24.13.0
59 verbose npm  v11.6.2
60 verbose exit 0
61 info ok
