0 verbose cli C:\Program Files\nodejs\node.exe C:\Program Files\nodejs\node_modules\npm\bin\npm-cli.js
1 info using npm@10.7.0
2 info using node@v20.15.0
3 silly config:load:file:C:\Program Files\nodejs\node_modules\npm\npmrc
4 silly config:load:file:C:\Users\Jenny\Documents\frontend-project-12\.npmrc
5 silly config:load:file:C:\Users\Jenny\.npmrc
6 silly config:load:file:C:\Users\Jenny\AppData\Roaming\npm\etc\npmrc
7 verbose title npm audit fix
8 verbose argv "audit" "fix"
9 verbose logfile logs-max:10 dir:C:\Users\Jenny\Documents\frontend-project-12\npm-cache\_logs\2026-02-05T18_53_56_119Z-
10 verbose logfile C:\Users\Jenny\Documents\frontend-project-12\npm-cache\_logs\2026-02-05T18_53_56_119Z-debug-0.log
11 silly logfile start cleaning logs, removing 1 files
12 silly logfile done cleaning log files
13 silly audit bulk request {
13 silly audit   '@babel/code-frame': [ '7.27.1' ],
13 silly audit   '@babel/compat-data': [ '7.28.5' ],
13 silly audit   '@babel/core': [ '7.28.5' ],
13 silly audit   json5: [ '2.2.3', '1.0.2' ],
13 silly audit   '@babel/generator': [ '7.28.5' ],
13 silly audit   '@babel/helper-compilation-targets': [ '7.27.2' ],
13 silly audit   '@babel/helper-globals': [ '7.28.0' ],
13 silly audit   '@babel/helper-module-imports': [ '7.27.1' ],
13 silly audit   '@babel/helper-module-transforms': [ '7.28.3' ],
13 silly audit   '@babel/helper-string-parser': [ '7.27.1' ],
13 silly audit   '@babel/helper-validator-identifier': [ '7.28.5' ],
13 silly audit   '@babel/helper-validator-option': [ '7.27.1' ],
13 silly audit   '@babel/helpers': [ '7.28.4' ],
13 silly audit   '@babel/parser': [ '7.28.5' ],
13 silly audit   '@babel/template': [ '7.27.2' ],
13 silly audit   '@babel/traverse': [ '7.28.5' ],
13 silly audit   '@babel/types': [ '7.28.5' ],
13 silly audit   '@eslint-community/eslint-utils': [ '4.9.0' ],
13 silly audit   '@eslint-community/regexpp': [ '4.12.2' ],
13 silly audit   '@eslint/config-array': [ '0.21.1' ],
13 silly audit   '@eslint/config-helpers': [ '0.4.2' ],
13 silly audit   '@eslint/core': [ '0.17.0' ],
13 silly audit   '@eslint/eslintrc': [ '3.3.3' ],
13 silly audit   '@eslint/js': [ '9.39.1' ],
13 silly audit   '@eslint/object-schema': [ '2.1.7' ],
13 silly audit   '@eslint/plugin-kit': [ '0.4.1' ],
13 silly audit   '@fastify/accept-negotiator': [ '1.1.0' ],
13 silly audit   '@fastify/ajv-compiler': [ '3.6.0' ],
13 silly audit   ajv: [ '8.17.1', '6.12.6' ],
13 silly audit   'fast-uri': [ '3.1.0', '2.4.0' ],
13 silly audit   'json-schema-traverse': [ '1.0.0', '0.4.1' ],
13 silly audit   '@fastify/deepmerge': [ '1.3.0' ],
13 silly audit   '@fastify/error': [ '3.4.1' ],
13 silly audit   '@fastify/fast-json-stringify-compiler': [ '4.3.0' ],
13 silly audit   '@fastify/jwt': [ '7.2.4' ],
13 silly audit   '@fastify/merge-json-schemas': [ '0.1.1' ],
13 silly audit   '@fastify/send': [ '2.1.0' ],
13 silly audit   'http-errors': [ '2.0.0', '2.0.1' ],
13 silly audit   statuses: [ '2.0.1', '2.0.2' ],
13 silly audit   '@fastify/static': [ '6.12.0' ],
13 silly audit   '@hexlet/chat-server': [ '2.0.4' ],
13 silly audit   '@humanfs/core': [ '0.19.1' ],
13 silly audit   '@humanfs/node': [ '0.16.7' ],
13 silly audit   '@humanwhocodes/module-importer': [ '1.0.1' ],
13 silly audit   '@humanwhocodes/retry': [ '0.4.3' ],
13 silly audit   '@jridgewell/gen-mapping': [ '0.3.13' ],
13 silly audit   '@jridgewell/remapping': [ '2.3.5' ],
13 silly audit   '@jridgewell/resolve-uri': [ '3.1.2' ],
13 silly audit   '@jridgewell/sourcemap-codec': [ '1.5.5' ],
13 silly audit   '@jridgewell/trace-mapping': [ '0.3.31' ],
13 silly audit   '@lukeed/ms': [ '2.0.2' ],
13 silly audit   '@pinojs/redact': [ '0.4.0' ],
13 silly audit   '@rtsao/scc': [ '1.1.0' ],
13 silly audit   '@socket.io/component-emitter': [ '3.1.2' ],
13 silly audit   '@stylistic/eslint-plugin-js': [ '4.4.1' ],
13 silly audit   'eslint-visitor-keys': [ '4.2.1', '3.4.3' ],
13 silly audit   '@types/cors': [ '2.8.19' ],
13 silly audit   '@types/estree': [ '1.0.8' ],
13 silly audit   '@types/json-schema': [ '7.0.15' ],
13 silly audit   '@types/json5': [ '0.0.29' ],
13 silly audit   '@types/node': [ '25.0.0' ],
13 silly audit   'abort-controller': [ '3.0.0' ],
13 silly audit   'abstract-logging': [ '2.0.1' ],
13 silly audit   accepts: [ '1.3.8' ],
13 silly audit   acorn: [ '8.15.0' ],
13 silly audit   'acorn-jsx': [ '5.3.2' ],
13 silly audit   'ajv-formats': [ '2.1.1', '3.0.1' ],
13 silly audit   'ansi-regex': [ '5.0.1' ],
13 silly audit   'ansi-styles': [ '4.3.0' ],
13 silly audit   anymatch: [ '3.1.3' ],
13 silly audit   argparse: [ '2.0.1' ],
13 silly audit   'aria-query': [ '5.3.2' ],
13 silly audit   'array-buffer-byte-length': [ '1.0.2' ],
13 silly audit   'array-includes': [ '3.1.9' ],
13 silly audit   'array.prototype.findlast': [ '1.2.5' ],
13 silly audit   'array.prototype.findlastindex': [ '1.2.6' ],
13 silly audit   'array.prototype.flat': [ '1.3.3' ],
13 silly audit   'array.prototype.flatmap': [ '1.3.3' ],
13 silly audit   'array.prototype.tosorted': [ '1.1.4' ],
13 silly audit   'arraybuffer.prototype.slice': [ '1.0.4' ],
13 silly audit   'asn1.js': [ '5.4.1' ],
13 silly audit   'ast-types-flow': [ '0.0.8' ],
13 silly audit   'async-function': [ '1.0.0' ],
13 silly audit   'atomic-sleep': [ '1.0.0' ],
13 silly audit   'available-typed-arrays': [ '1.0.7' ],
13 silly audit   avvio: [ '8.4.0' ],
13 silly audit   'axe-core': [ '4.11.0' ],
13 silly audit   'axobject-query': [ '4.1.0' ],
13 silly audit   'balanced-match': [ '1.0.2' ],
13 silly audit   'base64-js': [ '1.5.1' ],
13 silly audit   base64id: [ '2.0.0' ],
13 silly audit   'baseline-browser-mapping': [ '2.9.6' ],
13 silly audit   'binary-extensions': [ '2.3.0' ],
13 silly audit   'bn.js': [ '4.12.2' ],
13 silly audit   'brace-expansion': [ '1.1.12', '2.0.2' ],
13 silly audit   braces: [ '3.0.3' ],
13 silly audit   browserslist: [ '4.28.1' ],
13 silly audit   buffer: [ '6.0.3' ],
13 silly audit   'call-bind': [ '1.0.8' ],
13 silly audit   'call-bind-apply-helpers': [ '1.0.2' ],
13 silly audit   'call-bound': [ '1.0.4' ],
13 silly audit   callsites: [ '3.1.0' ],
13 silly audit   'caniuse-lite': [ '1.0.30001760' ],
13 silly audit   chalk: [ '4.1.2' ],
13 silly audit   chokidar: [ '3.6.0' ],
13 silly audit   'glob-parent': [ '5.1.2', '6.0.2' ],
13 silly audit   cliui: [ '8.0.1' ],
13 silly audit   'close-with-grace': [ '1.3.0' ],
13 silly audit   'color-convert': [ '2.0.1' ],
13 silly audit   'color-name': [ '1.1.4' ],
13 silly audit   colorette: [ '2.0.20' ],
13 silly audit   commander: [ '9.5.0' ],
13 silly audit   commist: [ '3.2.0' ],
13 silly audit   'concat-map': [ '0.0.1' ],
13 silly audit   concurrently: [ '9.2.1' ],
13 silly audit   'supports-color': [ '8.1.1', '7.2.0' ],
13 silly audit   'confusing-browser-globals': [ '1.0.11' ],
13 silly audit   'content-disposition': [ '0.5.4' ],
13 silly audit   'convert-source-map': [ '2.0.0' ],
13 silly audit   cookie: [ '0.7.2' ],
13 silly audit   cors: [ '2.8.5' ],
13 silly audit   'cross-spawn': [ '7.0.6' ],
13 silly audit   'damerau-levenshtein': [ '1.0.8' ],
13 silly audit   'data-view-buffer': [ '1.0.2' ],
13 silly audit   'data-view-byte-length': [ '1.0.2' ],
13 silly audit   'data-view-byte-offset': [ '1.0.1' ],
13 silly audit   dateformat: [ '4.6.3' ],
13 silly audit   debug: [ '4.4.3', '4.3.7', '3.2.7' ],
13 silly audit   'deep-is': [ '0.1.4' ],
13 silly audit   'define-data-property': [ '1.1.4' ],
13 silly audit   'define-properties': [ '1.2.1' ],
13 silly audit   depd: [ '2.0.0' ],
13 silly audit   doctrine: [ '2.1.0' ],
13 silly audit   dotenv: [ '16.6.1' ],
13 silly audit   'dunder-proto': [ '1.0.1' ],
13 silly audit   'ecdsa-sig-formatter': [ '1.0.11' ],
13 silly audit   'electron-to-chromium': [ '1.5.267' ],
13 silly audit   'emoji-regex': [ '9.2.2', '8.0.0' ],
13 silly audit   'end-of-stream': [ '1.4.5' ],
13 silly audit   'engine.io': [ '6.6.4' ],
13 silly audit   'engine.io-parser': [ '5.2.3' ],
13 silly audit   'es-abstract': [ '1.24.0' ],
13 silly audit   'es-define-property': [ '1.0.1' ],
13 silly audit   'es-errors': [ '1.3.0' ],
13 silly audit   'es-iterator-helpers': [ '1.2.1' ],
13 silly audit   'es-object-atoms': [ '1.1.1' ],
13 silly audit   'es-set-tostringtag': [ '2.1.0' ],
13 silly audit   'es-shim-unscopables': [ '1.1.0' ],
13 silly audit   'es-to-primitive': [ '1.3.0' ],
13 silly audit   escalade: [ '3.2.0' ],
13 silly audit   'escape-html': [ '1.0.3' ],
13 silly audit   'escape-string-regexp': [ '4.0.0' ],
13 silly audit   eslint: [ '9.39.1' ],
13 silly audit   'eslint-config-airbnb': [ '19.0.4' ],
13 silly audit   'eslint-config-airbnb-base': [ '15.0.0' ],
13 silly audit   'eslint-config-prettier': [ '10.1.8' ],
13 silly audit   'eslint-import-resolver-node': [ '0.3.9' ],
13 silly audit   'eslint-module-utils': [ '2.12.1' ],
13 silly audit   'eslint-plugin-import': [ '2.32.0' ],
13 silly audit   'eslint-plugin-jsx-a11y': [ '6.10.2' ],
13 silly audit   'eslint-plugin-react': [ '7.37.5' ],
13 silly audit   'eslint-plugin-react-hooks': [ '7.0.1' ],
13 silly audit   resolve: [ '2.0.0-next.5', '1.22.11' ],
13 silly audit   'eslint-scope': [ '8.4.0' ],
13 silly audit   espree: [ '10.4.0' ],
13 silly audit   esquery: [ '1.6.0' ],
13 silly audit   esrecurse: [ '4.3.0' ],
13 silly audit   estraverse: [ '5.3.0' ],
13 silly audit   esutils: [ '2.0.3' ],
13 silly audit   'event-target-shim': [ '5.0.1' ],
13 silly audit   events: [ '3.3.0' ],
13 silly audit   'fast-content-type-parse': [ '1.1.0' ],
13 silly audit   'fast-copy': [ '3.0.2' ],
13 silly audit   'fast-decode-uri-component': [ '1.0.1' ],
13 silly audit   'fast-deep-equal': [ '3.1.3' ],
13 silly audit   'fast-json-stable-stringify': [ '2.1.0' ],
13 silly audit   'fast-json-stringify': [ '5.16.1' ],
13 silly audit   'fast-jwt': [ '3.3.3' ],
13 silly audit   'fast-levenshtein': [ '2.0.6' ],
13 silly audit   'fast-querystring': [ '1.1.2' ],
13 silly audit   'fast-safe-stringify': [ '2.1.1' ],
13 silly audit   fastfall: [ '1.5.1' ],
13 silly audit   fastify: [ '4.29.1' ],
13 silly audit   'fastify-cli': [ '5.9.0' ],
13 silly audit   semver: [ '7.7.3', '6.3.1' ],
13 silly audit   'fastify-plugin': [ '4.5.1', '3.0.1' ],
13 silly audit   'fastify-socket.io': [ '4.0.0' ],
13 silly audit   fastparallel: [ '2.4.1' ],
13 silly audit   fastq: [ '1.19.1' ],
13 silly audit   fastseries: [ '1.7.2' ],
13 silly audit   'file-entry-cache': [ '8.0.0' ],
13 silly audit   'fill-range': [ '7.1.1' ],
13 silly audit   'find-my-way': [ '8.2.2' ],
13 silly audit   'find-up': [ '5.0.0', '3.0.0' ],
13 silly audit   'flat-cache': [ '4.0.1' ],
13 silly audit   flatted: [ '3.3.3' ],
13 silly audit   'for-each': [ '0.3.5' ],
13 silly audit   forwarded: [ '0.2.0' ],
13 silly audit   'fs.realpath': [ '1.0.0' ],
13 silly audit   fsevents: [ '2.3.3' ],
13 silly audit   'function-bind': [ '1.1.2' ],
13 silly audit   'function.prototype.name': [ '1.1.8' ],
13 silly audit   'functions-have-names': [ '1.2.3' ],
13 silly audit   'generator-function': [ '2.0.1' ],
13 silly audit   generify: [ '4.2.0' ],
13 silly audit   gensync: [ '1.0.0-beta.2' ],
13 silly audit   'get-caller-file': [ '2.0.5' ],
13 silly audit   'get-intrinsic': [ '1.3.0' ],
13 silly audit   'get-proto': [ '1.0.1' ],
13 silly audit   'get-symbol-description': [ '1.1.0' ],
13 silly audit   glob: [ '8.1.0' ],
13 silly audit   minimatch: [ '5.1.6', '3.1.2' ],
13 silly audit   globals: [ '14.0.0' ],
13 silly audit   globalthis: [ '1.0.4' ],
13 silly audit   gopd: [ '1.2.0' ],
13 silly audit   'has-bigints': [ '1.1.0' ],
13 silly audit   'has-flag': [ '4.0.0' ],
13 silly audit   'has-property-descriptors': [ '1.0.2' ],
13 silly audit   'has-proto': [ '1.2.0' ],
13 silly audit   'has-symbols': [ '1.1.0' ],
13 silly audit   'has-tostringtag': [ '1.0.2' ],
13 silly audit   hasown: [ '2.0.2' ],
13 silly audit   'help-me': [ '4.2.0', '5.0.0' ],
13 silly audit   'hermes-estree': [ '0.25.1' ],
13 silly audit   'hermes-parser': [ '0.25.1' ],
13 silly audit   ieee754: [ '1.2.1' ],
13 silly audit   ignore: [ '5.3.2' ],
13 silly audit   'import-fresh': [ '3.3.1' ],
13 silly audit   'resolve-from': [ '4.0.0', '5.0.0' ],
13 silly audit   imurmurhash: [ '0.1.4' ],
13 silly audit   inflight: [ '1.0.6' ],
13 silly audit   inherits: [ '2.0.4' ],
13 silly audit   'internal-slot': [ '1.1.0' ],
13 silly audit   'ipaddr.js': [ '1.9.1' ],
13 silly audit   'is-array-buffer': [ '3.0.5' ],
13 silly audit   'is-async-function': [ '2.1.1' ],
13 silly audit   'is-bigint': [ '1.1.0' ],
13 silly audit   'is-binary-path': [ '2.1.0' ],
13 silly audit   'is-boolean-object': [ '1.2.2' ],
13 silly audit   'is-callable': [ '1.2.7' ],
13 silly audit   'is-core-module': [ '2.16.1' ],
13 silly audit   'is-data-view': [ '1.0.2' ],
13 silly audit   'is-date-object': [ '1.1.0' ],
13 silly audit   'is-docker': [ '2.2.1' ],
13 silly audit   'is-extglob': [ '2.1.1' ],
13 silly audit   'is-finalizationregistry': [ '1.1.1' ],
13 silly audit   'is-fullwidth-code-point': [ '3.0.0' ],
13 silly audit   'is-generator-function': [ '1.1.2' ],
13 silly audit   'is-glob': [ '4.0.3' ],
13 silly audit   'is-map': [ '2.0.3' ],
13 silly audit   'is-negative-zero': [ '2.0.3' ],
13 silly audit   'is-number': [ '7.0.0' ],
13 silly audit   'is-number-object': [ '1.1.1' ],
13 silly audit   'is-regex': [ '1.2.1' ],
13 silly audit   'is-set': [ '2.0.3' ],
13 silly audit   'is-shared-array-buffer': [ '1.0.4' ],
13 silly audit   'is-string': [ '1.1.1' ],
13 silly audit   'is-symbol': [ '1.1.1' ],
13 silly audit   'is-typed-array': [ '1.1.15' ],
13 silly audit   'is-weakmap': [ '2.0.2' ],
13 silly audit   'is-weakref': [ '1.1.1' ],
13 silly audit   'is-weakset': [ '2.0.4' ],
13 silly audit   isarray: [ '2.0.5' ],
13 silly audit   isbinaryfile: [ '4.0.10' ],
13 silly audit   isexe: [ '2.0.0' ],
13 silly audit   'iterator.prototype': [ '1.1.5' ],
13 silly audit   joycon: [ '3.1.1' ],
13 silly audit   'js-tokens': [ '4.0.0' ],
13 silly audit   'js-yaml': [ '4.1.1' ],
13 silly audit   jsesc: [ '3.1.0' ],
13 silly audit   'json-buffer': [ '3.0.1' ],
13 silly audit   'json-parse-even-better-errors': [ '3.0.2' ],
13 silly audit   'json-schema-ref-resolver': [ '1.0.1' ],
13 silly audit   'json-stable-stringify-without-jsonify': [ '1.0.1' ],
13 silly audit   'jsx-ast-utils': [ '3.3.5' ],
13 silly audit   keyv: [ '4.5.4' ],
13 silly audit   'language-subtag-registry': [ '0.3.23' ],
13 silly audit   'language-tags': [ '1.0.9' ],
13 silly audit   levn: [ '0.4.1' ],
13 silly audit   'light-my-request': [ '5.14.0' ],
13 silly audit   'locate-path': [ '6.0.0', '3.0.0' ],
13 silly audit   lodash: [ '4.17.21' ],
13 silly audit   'lodash.merge': [ '4.6.2' ],
13 silly audit   'loose-envify': [ '1.4.0' ],
13 silly audit   'lru-cache': [ '5.1.1' ],
13 silly audit   'make-promises-safe': [ '5.1.0' ],
13 silly audit   makeerror: [ '1.0.12' ],
13 silly audit   'math-intrinsics': [ '1.1.0' ],
13 silly audit   mime: [ '3.0.0' ],
13 silly audit   'mime-db': [ '1.52.0' ],
13 silly audit   'mime-types': [ '2.1.35' ],
13 silly audit   'minimalistic-assert': [ '1.0.1' ],
13 silly audit   minimist: [ '1.2.8' ],
13 silly audit   mnemonist: [ '0.39.8' ],
13 silly audit   ms: [ '2.1.3' ],
13 silly audit   'natural-compare': [ '1.4.0' ],
13 silly audit   negotiator: [ '0.6.3' ],
13 silly audit   'node-releases': [ '2.0.27' ],
13 silly audit   'normalize-path': [ '3.0.0' ],
13 silly audit   'npm-normalize-package-bin': [ '3.0.1' ],
13 silly audit   'object-assign': [ '4.1.1' ],
13 silly audit   'object-inspect': [ '1.13.4' ],
13 silly audit   'object-keys': [ '1.1.1' ],
13 silly audit   'object.assign': [ '4.1.7' ],
13 silly audit   'object.entries': [ '1.1.9' ],
13 silly audit   'object.fromentries': [ '2.0.8' ],
13 silly audit   'object.groupby': [ '1.0.3' ],
13 silly audit   'object.values': [ '1.2.1' ],
13 silly audit   obliterator: [ '2.0.5' ],
13 silly audit   'on-exit-leak-free': [ '2.1.2' ],
13 silly audit   once: [ '1.4.0' ],
13 silly audit   optionator: [ '0.9.4' ],
13 silly audit   'own-keys': [ '1.0.1' ],
13 silly audit   'p-limit': [ '3.1.0', '2.3.0' ],
13 silly audit   'p-locate': [ '5.0.0', '3.0.0' ],
13 silly audit   'p-try': [ '2.2.0' ],
13 silly audit   'parent-module': [ '1.0.1' ],
13 silly audit   'path-exists': [ '4.0.0', '3.0.0' ],
13 silly audit   'path-key': [ '3.1.1' ],
13 silly audit   'path-parse': [ '1.0.7' ],
13 silly audit   picocolors: [ '1.1.1' ],
13 silly audit   picomatch: [ '2.3.1' ],
13 silly audit   pino: [ '9.14.0' ],
13 silly audit   'pino-abstract-transport': [ '2.0.0', '1.2.0' ],
13 silly audit   split2: [ '4.2.0', '3.2.2' ],
13 silly audit   'pino-pretty': [ '10.3.1' ],
13 silly audit   'readable-stream': [ '4.7.0', '3.6.2' ],
13 silly audit   'sonic-boom': [ '3.8.1', '4.2.0' ],
13 silly audit   'pino-std-serializers': [ '7.0.0' ],
13 silly audit   'process-warning': [ '5.0.0', '3.0.0' ],
13 silly audit   'pkg-up': [ '3.1.0' ],
13 silly audit   'possible-typed-array-names': [ '1.1.0' ],
13 silly audit   'prelude-ls': [ '1.2.1' ],
13 silly audit   prettier: [ '3.7.4' ],
13 silly audit   process: [ '0.11.10' ],
13 silly audit   'prop-types': [ '15.8.1' ],
13 silly audit   'proxy-addr': [ '2.0.7' ],
13 silly audit   pump: [ '3.0.3' ],
13 silly audit   punycode: [ '2.3.1' ],
13 silly audit   'quick-format-unescaped': [ '4.0.4' ],
13 silly audit   'react-is': [ '16.13.1' ],
13 silly audit   'read-package-json-fast': [ '3.0.2' ],
13 silly audit   readdirp: [ '3.6.0' ],
13 silly audit   'real-require': [ '0.2.0' ],
13 silly audit   'reflect.getprototypeof': [ '1.0.10' ],
13 silly audit   'regexp.prototype.flags': [ '1.5.4' ],
13 silly audit   'require-directory': [ '2.1.1' ],
13 silly audit   'require-from-string': [ '2.0.2' ],
13 silly audit   ret: [ '0.4.3' ],
13 silly audit   reusify: [ '1.1.0' ],
13 silly audit   rfdc: [ '1.4.1' ],
13 silly audit   rxjs: [ '7.8.2' ],
13 silly audit   'safe-array-concat': [ '1.1.3' ],
13 silly audit   'safe-buffer': [ '5.2.1' ],
13 silly audit   'safe-push-apply': [ '1.0.0' ],
13 silly audit   'safe-regex-test': [ '1.1.0' ],
13 silly audit   'safe-regex2': [ '3.1.0' ],
13 silly audit   'safe-stable-stringify': [ '2.5.0' ],
13 silly audit   'safer-buffer': [ '2.1.2' ],
13 silly audit   'secure-json-parse': [ '2.7.0' ],
13 silly audit   'set-cookie-parser': [ '2.7.2' ],
13 silly audit   'set-function-length': [ '1.2.2' ],
13 silly audit   'set-function-name': [ '2.0.2' ],
13 silly audit   'set-proto': [ '1.0.0' ],
13 silly audit   setprototypeof: [ '1.2.0' ],
13 silly audit   'shebang-command': [ '2.0.0' ],
13 silly audit   'shebang-regex': [ '3.0.0' ],
13 silly audit   'shell-quote': [ '1.8.3' ],
13 silly audit   'side-channel': [ '1.1.0' ],
13 silly audit   'side-channel-list': [ '1.0.0' ],
13 silly audit   'side-channel-map': [ '1.0.1' ],
13 silly audit   'side-channel-weakmap': [ '1.0.2' ],
13 silly audit   'socket.io': [ '4.8.1' ],
13 silly audit   'socket.io-adapter': [ '2.5.5' ],
13 silly audit   'socket.io-parser': [ '4.2.4' ],
13 silly audit   steed: [ '1.1.3' ],
13 silly audit   'stop-iteration-iterator': [ '1.1.0' ],
13 silly audit   string_decoder: [ '1.3.0' ],
13 silly audit   'string-width': [ '4.2.3' ],
13 silly audit   'string.prototype.includes': [ '2.0.1' ],
13 silly audit   'string.prototype.matchall': [ '4.0.12' ],
13 silly audit   'string.prototype.repeat': [ '1.0.0' ],
13 silly audit   'string.prototype.trim': [ '1.2.10' ],
13 silly audit   'string.prototype.trimend': [ '1.0.9' ],
13 silly audit   'string.prototype.trimstart': [ '1.0.8' ],
13 silly audit   'strip-ansi': [ '6.0.1' ],
13 silly audit   'strip-bom': [ '3.0.0' ],
13 silly audit   'strip-json-comments': [ '3.1.1' ],
13 silly audit   'supports-preserve-symlinks-flag': [ '1.0.0' ],
13 silly audit   'thread-stream': [ '3.1.0' ],
13 silly audit   tmpl: [ '1.0.5' ],
13 silly audit   'to-regex-range': [ '5.0.1' ],
13 silly audit   'toad-cache': [ '3.7.0' ],
13 silly audit   toidentifier: [ '1.0.1' ],
13 silly audit   'tree-kill': [ '1.2.2' ],
13 silly audit   'tsconfig-paths': [ '3.15.0' ],
13 silly audit   tslib: [ '2.8.1' ],
13 silly audit   'type-check': [ '0.4.0' ],
13 silly audit   'typed-array-buffer': [ '1.0.3' ],
13 silly audit   'typed-array-byte-length': [ '1.0.3' ],
13 silly audit   'typed-array-byte-offset': [ '1.0.4' ],
13 silly audit   'typed-array-length': [ '1.0.7' ],
13 silly audit   'unbox-primitive': [ '1.1.0' ],
13 silly audit   'undici-types': [ '7.16.0' ],
13 silly audit   'update-browserslist-db': [ '1.2.2' ],
13 silly audit   'uri-js': [ '4.4.1' ],
13 silly audit   'util-deprecate': [ '1.0.2' ],
13 silly audit   vary: [ '1.1.2' ],
13 silly audit   walker: [ '1.0.8' ],
13 silly audit   which: [ '2.0.2' ],
13 silly audit   'which-boxed-primitive': [ '1.1.1' ],
13 silly audit   'which-builtin-type': [ '1.2.1' ],
13 silly audit   'which-collection': [ '1.0.2' ],
13 silly audit   'which-typed-array': [ '1.1.19' ],
13 silly audit   'word-wrap': [ '1.2.5' ],
13 silly audit   'wrap-ansi': [ '7.0.0' ],
13 silly audit   wrappy: [ '1.0.2' ],
13 silly audit   ws: [ '8.17.1' ],
13 silly audit   xtend: [ '4.0.2' ],
13 silly audit   y18n: [ '5.0.8' ],
13 silly audit   yallist: [ '3.1.1' ],
13 silly audit   yargs: [ '17.7.2' ],
13 silly audit   'yargs-parser': [ '21.1.1' ],
13 silly audit   'yocto-queue': [ '0.1.0' ],
13 silly audit   zod: [ '4.1.13' ],
13 silly audit   'zod-validation-error': [ '4.0.2' ]
13 silly audit }
14 http fetch POST 200 https://registry.npmjs.org/-/npm/v1/security/advisories/bulk 579ms
15 silly audit report {
15 silly audit report   'fast-jwt': [
15 silly audit report     {
15 silly audit report       id: 1103362,
15 silly audit report       url: 'https://github.com/advisories/GHSA-gm45-q3v2-6cf8',
15 silly audit report       title: 'Fast-JWT Improperly Validates iss Claims',
15 silly audit report       severity: 'moderate',
15 silly audit report       vulnerable_versions: '<5.0.6',
15 silly audit report       cwe: [Array],
15 silly audit report       cvss: [Object]
15 silly audit report     }
15 silly audit report   ],
15 silly audit report   fastify: [
15 silly audit report     {
15 silly audit report       id: 1112876,
15 silly audit report       url: 'https://github.com/advisories/GHSA-mrq3-vjjr-p77c',
15 silly audit report       title: 'Fastify Vulnerable to DoS via Unbounded Memory Allocation in sendWebStream',
15 silly audit report       severity: 'low',
15 silly audit report       vulnerable_versions: '<=5.7.2',
15 silly audit report       cwe: [Array],
15 silly audit report       cvss: [Object]
15 silly audit report     },
15 silly audit report     {
15 silly audit report       id: 1112877,
15 silly audit report       url: 'https://github.com/advisories/GHSA-jx2c-rxcm-jvmq',
15 silly audit report       title: "Fastify's Content-Type header tab character allows body validation bypass",
15 silly audit report       severity: 'high',
15 silly audit report       vulnerable_versions: '<5.7.2',
15 silly audit report       cwe: [Array],
15 silly audit report       cvss: [Object]
15 silly audit report     }
15 silly audit report   ],
15 silly audit report   lodash: [
15 silly audit report     {
15 silly audit report       id: 1112455,
15 silly audit report       url: 'https://github.com/advisories/GHSA-xxjr-mmjv-4gpg',
15 silly audit report       title: 'Lodash has Prototype Pollution Vulnerability in `_.unset` and `_.omit` functions',
15 silly audit report       severity: 'moderate',
15 silly audit report       vulnerable_versions: '>=4.0.0 <=4.17.22',
15 silly audit report       cwe: [Array],
15 silly audit report       cvss: [Object]
15 silly audit report     }
15 silly audit report   ]
15 silly audit report }
16 http fetch GET 200 https://registry.npmjs.org/lodash 108ms (cache revalidated)
17 http fetch GET 200 https://registry.npmjs.org/fastify 407ms (cache miss)
18 http fetch GET 200 https://registry.npmjs.org/fast-jwt 472ms (cache revalidated)
19 http fetch GET 200 https://registry.npmjs.org/@fastify%2fjwt 697ms (cache revalidated)
20 http fetch GET 200 https://registry.npmjs.org/fastify-cli 252ms (cache miss)
21 http fetch GET 200 https://registry.npmjs.org/@hexlet%2fchat-server 829ms (cache revalidated)
22 silly idealTree buildDeps
23 silly fetch manifest @hexlet/chat-server@^2.0.4
24 silly placeDep ROOT @hexlet/chat-server@2.0.4 KEEP for: @hexlet/code@1.0.0 want: ^2.0.4
25 silly fetch manifest fast-jwt@^3.3.2
26 silly placeDep ROOT fast-jwt@3.3.3 KEEP for: @fastify/jwt@7.2.4 want: ^3.3.2
27 silly fetch manifest @fastify/jwt@^7.2.0
28 silly fetch manifest fastify@^4.22.0
29 silly fetch manifest fastify-cli@^5.8.0
30 silly fetch manifest lodash@^4.17.21
31 silly placeDep ROOT @fastify/jwt@7.2.4 KEEP for: @hexlet/chat-server@2.0.4 want: ^7.2.0
32 silly placeDep ROOT fastify@4.29.1 KEEP for: @hexlet/chat-server@2.0.4 want: ^4.22.0
33 silly placeDep ROOT fastify-cli@5.9.0 KEEP for: @hexlet/chat-server@2.0.4 want: ^5.8.0
34 silly placeDep ROOT lodash@4.17.23 REPLACE for: @hexlet/chat-server@2.0.4 want: ^4.17.21
35 silly fetch manifest eslint@^7.32.0 || ^8.2.0
36 http fetch GET 200 https://registry.npmjs.org/eslint 117ms (cache revalidated)
37 silly fetch manifest eslint-plugin-react-hooks@^4.3.0
38 http fetch GET 200 https://registry.npmjs.org/eslint-plugin-react-hooks 277ms (cache updated)
39 warn ERESOLVE overriding peer dependency {
39 warn ERESOLVE   code: 'ERESOLVE',
39 warn ERESOLVE   edge: {
39 warn ERESOLVE     type: 'peer',
39 warn ERESOLVE     name: 'eslint',
39 warn ERESOLVE     spec: '^7.32.0 || ^8.2.0',
39 warn ERESOLVE     error: 'INVALID',
39 warn ERESOLVE     from: {
39 warn ERESOLVE       name: 'eslint-config-airbnb',
39 warn ERESOLVE       version: '19.0.4',
39 warn ERESOLVE       location: 'node_modules/eslint-config-airbnb',
39 warn ERESOLVE       isWorkspace: false,
39 warn ERESOLVE       dependents: [Array]
39 warn ERESOLVE     }
39 warn ERESOLVE   },
39 warn ERESOLVE   dep: {
39 warn ERESOLVE     name: 'eslint',
39 warn ERESOLVE     version: '8.57.1',
39 warn ERESOLVE     whileInstalling: {
39 warn ERESOLVE       name: 'eslint-config-airbnb',
39 warn ERESOLVE       version: '19.0.4',
39 warn ERESOLVE       path: 'C:\\Users\\Jenny\\Documents\\frontend-project-12\\node_modules\\eslint-config-airbnb'
39 warn ERESOLVE     },
39 warn ERESOLVE     location: 'node_modules/eslint',
39 warn ERESOLVE     isWorkspace: false,
39 warn ERESOLVE     dependents: [ [Object] ]
39 warn ERESOLVE   },
39 warn ERESOLVE   force: false,
39 warn ERESOLVE   isMine: false,
39 warn ERESOLVE   strictPeerDeps: false,
39 warn ERESOLVE   current: {
39 warn ERESOLVE     name: 'eslint',
39 warn ERESOLVE     version: '9.39.1',
39 warn ERESOLVE     location: 'node_modules/eslint',
39 warn ERESOLVE     isWorkspace: false,
39 warn ERESOLVE     dependents: [
39 warn ERESOLVE       [Object], [Object],
39 warn ERESOLVE       [Object], [Object],
39 warn ERESOLVE       [Object], [Object],
39 warn ERESOLVE       [Object], [Object]
39 warn ERESOLVE     ]
39 warn ERESOLVE   },
39 warn ERESOLVE   peerConflict: {
39 warn ERESOLVE     current: {
39 warn ERESOLVE       name: 'eslint',
39 warn ERESOLVE       version: '9.39.1',
39 warn ERESOLVE       location: 'node_modules/eslint',
39 warn ERESOLVE       isWorkspace: false,
39 warn ERESOLVE       dependents: [Array]
39 warn ERESOLVE     },
39 warn ERESOLVE     peer: {
39 warn ERESOLVE       name: 'eslint',
39 warn ERESOLVE       version: '8.57.1',
39 warn ERESOLVE       whileInstalling: [Object],
39 warn ERESOLVE       location: 'node_modules/eslint',
39 warn ERESOLVE       isWorkspace: false,
39 warn ERESOLVE       dependents: [Array]
39 warn ERESOLVE     }
39 warn ERESOLVE   }
39 warn ERESOLVE }
40 warn ERESOLVE overriding peer dependency {
40 warn ERESOLVE   code: 'ERESOLVE',
40 warn ERESOLVE   edge: {
40 warn ERESOLVE     type: 'peer',
40 warn ERESOLVE     name: 'eslint-plugin-react-hooks',
40 warn ERESOLVE     spec: '^4.3.0',
40 warn ERESOLVE     error: 'INVALID',
40 warn ERESOLVE     from: {
40 warn ERESOLVE       name: 'eslint-config-airbnb',
40 warn ERESOLVE       version: '19.0.4',
40 warn ERESOLVE       location: 'node_modules/eslint-config-airbnb',
40 warn ERESOLVE       isWorkspace: false,
40 warn ERESOLVE       dependents: [Array]
40 warn ERESOLVE     }
40 warn ERESOLVE   },
40 warn ERESOLVE   dep: {
40 warn ERESOLVE     name: 'eslint-plugin-react-hooks',
40 warn ERESOLVE     version: '4.6.2',
40 warn ERESOLVE     whileInstalling: {
40 warn ERESOLVE       name: 'eslint-config-airbnb',
40 warn ERESOLVE       version: '19.0.4',
40 warn ERESOLVE       path: 'C:\\Users\\Jenny\\Documents\\frontend-project-12\\node_modules\\eslint-config-airbnb'
40 warn ERESOLVE     },
40 warn ERESOLVE     location: 'node_modules/eslint-plugin-react-hooks',
40 warn ERESOLVE     isWorkspace: false,
40 warn ERESOLVE     dependents: [ [Object] ]
40 warn ERESOLVE   },
40 warn ERESOLVE   force: false,
40 warn ERESOLVE   isMine: false,
40 warn ERESOLVE   strictPeerDeps: false,
40 warn ERESOLVE   current: {
40 warn ERESOLVE     name: 'eslint-plugin-react-hooks',
40 warn ERESOLVE     version: '7.0.1',
40 warn ERESOLVE     location: 'node_modules/eslint-plugin-react-hooks',
40 warn ERESOLVE     isWorkspace: false,
40 warn ERESOLVE     dependents: [ [Object] ]
40 warn ERESOLVE   },
40 warn ERESOLVE   peerConflict: {
40 warn ERESOLVE     current: {
40 warn ERESOLVE       name: 'eslint-plugin-react-hooks',
40 warn ERESOLVE       version: '7.0.1',
40 warn ERESOLVE       location: 'node_modules/eslint-plugin-react-hooks',
40 warn ERESOLVE       isWorkspace: false,
40 warn ERESOLVE       dependents: [Array]
40 warn ERESOLVE     },
40 warn ERESOLVE     peer: {
40 warn ERESOLVE       name: 'eslint-plugin-react-hooks',
40 warn ERESOLVE       version: '4.6.2',
40 warn ERESOLVE       whileInstalling: [Object],
40 warn ERESOLVE       location: 'node_modules/eslint-plugin-react-hooks',
40 warn ERESOLVE       isWorkspace: false,
40 warn ERESOLVE       dependents: [Array]
40 warn ERESOLVE     }
40 warn ERESOLVE   }
40 warn ERESOLVE }
41 warn ERESOLVE overriding peer dependency {
41 warn ERESOLVE   code: 'ERESOLVE',
41 warn ERESOLVE   edge: {
41 warn ERESOLVE     type: 'peer',
41 warn ERESOLVE     name: 'eslint',
41 warn ERESOLVE     spec: '^7.32.0 || ^8.2.0',
41 warn ERESOLVE     error: 'INVALID',
41 warn ERESOLVE     from: {
41 warn ERESOLVE       name: 'eslint-config-airbnb-base',
41 warn ERESOLVE       version: '15.0.0',
41 warn ERESOLVE       location: 'node_modules/eslint-config-airbnb-base',
41 warn ERESOLVE       isWorkspace: false,
41 warn ERESOLVE       dependents: [Array]
41 warn ERESOLVE     }
41 warn ERESOLVE   },
41 warn ERESOLVE   dep: {
41 warn ERESOLVE     name: 'eslint',
41 warn ERESOLVE     version: '8.57.1',
41 warn ERESOLVE     whileInstalling: {
41 warn ERESOLVE       name: 'eslint-config-airbnb-base',
41 warn ERESOLVE       version: '15.0.0',
41 warn ERESOLVE       path: 'C:\\Users\\Jenny\\Documents\\frontend-project-12\\node_modules\\eslint-config-airbnb-base'
41 warn ERESOLVE     },
41 warn ERESOLVE     location: 'node_modules/eslint',
41 warn ERESOLVE     isWorkspace: false,
41 warn ERESOLVE     dependents: [ [Object] ]
41 warn ERESOLVE   },
41 warn ERESOLVE   force: false,
41 warn ERESOLVE   isMine: false,
41 warn ERESOLVE   strictPeerDeps: false,
41 warn ERESOLVE   current: {
41 warn ERESOLVE     name: 'eslint',
41 warn ERESOLVE     version: '9.39.1',
41 warn ERESOLVE     location: 'node_modules/eslint',
41 warn ERESOLVE     isWorkspace: false,
41 warn ERESOLVE     dependents: [
41 warn ERESOLVE       [Object], [Object],
41 warn ERESOLVE       [Object], [Object],
41 warn ERESOLVE       [Object], [Object],
41 warn ERESOLVE       [Object], [Object]
41 warn ERESOLVE     ]
41 warn ERESOLVE   },
41 warn ERESOLVE   peerConflict: {
41 warn ERESOLVE     current: {
41 warn ERESOLVE       name: 'eslint',
41 warn ERESOLVE       version: '9.39.1',
41 warn ERESOLVE       location: 'node_modules/eslint',
41 warn ERESOLVE       isWorkspace: false,
41 warn ERESOLVE       dependents: [Array]
41 warn ERESOLVE     },
41 warn ERESOLVE     peer: {
41 warn ERESOLVE       name: 'eslint',
41 warn ERESOLVE       version: '8.57.1',
41 warn ERESOLVE       whileInstalling: [Object],
41 warn ERESOLVE       location: 'node_modules/eslint',
41 warn ERESOLVE       isWorkspace: false,
41 warn ERESOLVE       dependents: [Array]
41 warn ERESOLVE     }
41 warn ERESOLVE   }
41 warn ERESOLVE }
42 silly fetch manifest fastify@^4.0.0
43 silly placeDep ROOT fastify@4.29.1 KEEP for: fastify-cli@5.9.0 want: ^4.0.0
44 silly reify mark retired [
44 silly reify   'C:\\Users\\Jenny\\Documents\\frontend-project-12\\node_modules\\lodash'
44 silly reify ]
45 silly reify moves {
45 silly reify   'C:\\Users\\Jenny\\Documents\\frontend-project-12\\node_modules\\lodash': 'C:\\Users\\Jenny\\Documents\\frontend-project-12\\node_modules\\.lodash-dPH0xwq7'
45 silly reify }
46 silly audit bulk request {
46 silly audit   '@babel/code-frame': [ '7.27.1' ],
46 silly audit   '@babel/compat-data': [ '7.28.5' ],
46 silly audit   '@babel/core': [ '7.28.5' ],
46 silly audit   json5: [ '2.2.3', '1.0.2' ],
46 silly audit   '@babel/generator': [ '7.28.5' ],
46 silly audit   '@babel/helper-compilation-targets': [ '7.27.2' ],
46 silly audit   '@babel/helper-globals': [ '7.28.0' ],
46 silly audit   '@babel/helper-module-imports': [ '7.27.1' ],
46 silly audit   '@babel/helper-module-transforms': [ '7.28.3' ],
46 silly audit   '@babel/helper-string-parser': [ '7.27.1' ],
46 silly audit   '@babel/helper-validator-identifier': [ '7.28.5' ],
46 silly audit   '@babel/helper-validator-option': [ '7.27.1' ],
46 silly audit   '@babel/helpers': [ '7.28.4' ],
46 silly audit   '@babel/parser': [ '7.28.5' ],
46 silly audit   '@babel/template': [ '7.27.2' ],
46 silly audit   '@babel/traverse': [ '7.28.5' ],
46 silly audit   '@babel/types': [ '7.28.5' ],
46 silly audit   '@eslint-community/eslint-utils': [ '4.9.0' ],
46 silly audit   '@eslint-community/regexpp': [ '4.12.2' ],
46 silly audit   '@eslint/config-array': [ '0.21.1' ],
46 silly audit   '@eslint/config-helpers': [ '0.4.2' ],
46 silly audit   '@eslint/core': [ '0.17.0' ],
46 silly audit   '@eslint/eslintrc': [ '3.3.3' ],
46 silly audit   '@eslint/js': [ '9.39.1' ],
46 silly audit   '@eslint/object-schema': [ '2.1.7' ],
46 silly audit   '@eslint/plugin-kit': [ '0.4.1' ],
46 silly audit   '@fastify/accept-negotiator': [ '1.1.0' ],
46 silly audit   '@fastify/ajv-compiler': [ '3.6.0' ],
46 silly audit   ajv: [ '8.17.1', '6.12.6' ],
46 silly audit   'fast-uri': [ '3.1.0', '2.4.0' ],
46 silly audit   'json-schema-traverse': [ '1.0.0', '0.4.1' ],
46 silly audit   '@fastify/deepmerge': [ '1.3.0' ],
46 silly audit   '@fastify/error': [ '3.4.1' ],
46 silly audit   '@fastify/fast-json-stringify-compiler': [ '4.3.0' ],
46 silly audit   '@fastify/jwt': [ '7.2.4' ],
46 silly audit   '@fastify/merge-json-schemas': [ '0.1.1' ],
46 silly audit   '@fastify/send': [ '2.1.0' ],
46 silly audit   'http-errors': [ '2.0.0', '2.0.1' ],
46 silly audit   statuses: [ '2.0.1', '2.0.2' ],
46 silly audit   '@fastify/static': [ '6.12.0' ],
46 silly audit   '@hexlet/chat-server': [ '2.0.4' ],
46 silly audit   '@humanfs/core': [ '0.19.1' ],
46 silly audit   '@humanfs/node': [ '0.16.7' ],
46 silly audit   '@humanwhocodes/module-importer': [ '1.0.1' ],
46 silly audit   '@humanwhocodes/retry': [ '0.4.3' ],
46 silly audit   '@jridgewell/gen-mapping': [ '0.3.13' ],
46 silly audit   '@jridgewell/remapping': [ '2.3.5' ],
46 silly audit   '@jridgewell/resolve-uri': [ '3.1.2' ],
46 silly audit   '@jridgewell/sourcemap-codec': [ '1.5.5' ],
46 silly audit   '@jridgewell/trace-mapping': [ '0.3.31' ],
46 silly audit   '@lukeed/ms': [ '2.0.2' ],
46 silly audit   '@pinojs/redact': [ '0.4.0' ],
46 silly audit   '@rtsao/scc': [ '1.1.0' ],
46 silly audit   '@socket.io/component-emitter': [ '3.1.2' ],
46 silly audit   '@stylistic/eslint-plugin-js': [ '4.4.1' ],
46 silly audit   'eslint-visitor-keys': [ '4.2.1', '3.4.3' ],
46 silly audit   '@types/cors': [ '2.8.19' ],
46 silly audit   '@types/estree': [ '1.0.8' ],
46 silly audit   '@types/json-schema': [ '7.0.15' ],
46 silly audit   '@types/json5': [ '0.0.29' ],
46 silly audit   '@types/node': [ '25.0.0' ],
46 silly audit   'abort-controller': [ '3.0.0' ],
46 silly audit   'abstract-logging': [ '2.0.1' ],
46 silly audit   accepts: [ '1.3.8' ],
46 silly audit   acorn: [ '8.15.0' ],
46 silly audit   'acorn-jsx': [ '5.3.2' ],
46 silly audit   'ajv-formats': [ '2.1.1', '3.0.1' ],
46 silly audit   'ansi-regex': [ '5.0.1' ],
46 silly audit   'ansi-styles': [ '4.3.0' ],
46 silly audit   anymatch: [ '3.1.3' ],
46 silly audit   argparse: [ '2.0.1' ],
46 silly audit   'aria-query': [ '5.3.2' ],
46 silly audit   'array-buffer-byte-length': [ '1.0.2' ],
46 silly audit   'array-includes': [ '3.1.9' ],
46 silly audit   'array.prototype.findlast': [ '1.2.5' ],
46 silly audit   'array.prototype.findlastindex': [ '1.2.6' ],
46 silly audit   'array.prototype.flat': [ '1.3.3' ],
46 silly audit   'array.prototype.flatmap': [ '1.3.3' ],
46 silly audit   'array.prototype.tosorted': [ '1.1.4' ],
46 silly audit   'arraybuffer.prototype.slice': [ '1.0.4' ],
46 silly audit   'asn1.js': [ '5.4.1' ],
46 silly audit   'ast-types-flow': [ '0.0.8' ],
46 silly audit   'async-function': [ '1.0.0' ],
46 silly audit   'atomic-sleep': [ '1.0.0' ],
46 silly audit   'available-typed-arrays': [ '1.0.7' ],
46 silly audit   avvio: [ '8.4.0' ],
46 silly audit   'axe-core': [ '4.11.0' ],
46 silly audit   'axobject-query': [ '4.1.0' ],
46 silly audit   'balanced-match': [ '1.0.2' ],
46 silly audit   'base64-js': [ '1.5.1' ],
46 silly audit   base64id: [ '2.0.0' ],
46 silly audit   'baseline-browser-mapping': [ '2.9.6' ],
46 silly audit   'binary-extensions': [ '2.3.0' ],
46 silly audit   'bn.js': [ '4.12.2' ],
46 silly audit   'brace-expansion': [ '1.1.12', '2.0.2' ],
46 silly audit   braces: [ '3.0.3' ],
46 silly audit   browserslist: [ '4.28.1' ],
46 silly audit   buffer: [ '6.0.3' ],
46 silly audit   'call-bind': [ '1.0.8' ],
46 silly audit   'call-bind-apply-helpers': [ '1.0.2' ],
46 silly audit   'call-bound': [ '1.0.4' ],
46 silly audit   callsites: [ '3.1.0' ],
46 silly audit   'caniuse-lite': [ '1.0.30001760' ],
46 silly audit   chalk: [ '4.1.2' ],
46 silly audit   chokidar: [ '3.6.0' ],
46 silly audit   'glob-parent': [ '5.1.2', '6.0.2' ],
46 silly audit   cliui: [ '8.0.1' ],
46 silly audit   'close-with-grace': [ '1.3.0' ],
46 silly audit   'color-convert': [ '2.0.1' ],
46 silly audit   'color-name': [ '1.1.4' ],
46 silly audit   colorette: [ '2.0.20' ],
46 silly audit   commander: [ '9.5.0' ],
46 silly audit   commist: [ '3.2.0' ],
46 silly audit   'concat-map': [ '0.0.1' ],
46 silly audit   concurrently: [ '9.2.1' ],
46 silly audit   'supports-color': [ '8.1.1', '7.2.0' ],
46 silly audit   'confusing-browser-globals': [ '1.0.11' ],
46 silly audit   'content-disposition': [ '0.5.4' ],
46 silly audit   'convert-source-map': [ '2.0.0' ],
46 silly audit   cookie: [ '0.7.2' ],
46 silly audit   cors: [ '2.8.5' ],
46 silly audit   'cross-spawn': [ '7.0.6' ],
46 silly audit   'damerau-levenshtein': [ '1.0.8' ],
46 silly audit   'data-view-buffer': [ '1.0.2' ],
46 silly audit   'data-view-byte-length': [ '1.0.2' ],
46 silly audit   'data-view-byte-offset': [ '1.0.1' ],
46 silly audit   dateformat: [ '4.6.3' ],
46 silly audit   debug: [ '4.4.3', '4.3.7', '3.2.7' ],
46 silly audit   'deep-is': [ '0.1.4' ],
46 silly audit   'define-data-property': [ '1.1.4' ],
46 silly audit   'define-properties': [ '1.2.1' ],
46 silly audit   depd: [ '2.0.0' ],
46 silly audit   doctrine: [ '2.1.0' ],
46 silly audit   dotenv: [ '16.6.1' ],
46 silly audit   'dunder-proto': [ '1.0.1' ],
46 silly audit   'ecdsa-sig-formatter': [ '1.0.11' ],
46 silly audit   'electron-to-chromium': [ '1.5.267' ],
46 silly audit   'emoji-regex': [ '9.2.2', '8.0.0' ],
46 silly audit   'end-of-stream': [ '1.4.5' ],
46 silly audit   'engine.io': [ '6.6.4' ],
46 silly audit   'engine.io-parser': [ '5.2.3' ],
46 silly audit   'es-abstract': [ '1.24.0' ],
46 silly audit   'es-define-property': [ '1.0.1' ],
46 silly audit   'es-errors': [ '1.3.0' ],
46 silly audit   'es-iterator-helpers': [ '1.2.1' ],
46 silly audit   'es-object-atoms': [ '1.1.1' ],
46 silly audit   'es-set-tostringtag': [ '2.1.0' ],
46 silly audit   'es-shim-unscopables': [ '1.1.0' ],
46 silly audit   'es-to-primitive': [ '1.3.0' ],
46 silly audit   escalade: [ '3.2.0' ],
46 silly audit   'escape-html': [ '1.0.3' ],
46 silly audit   'escape-string-regexp': [ '4.0.0' ],
46 silly audit   eslint: [ '9.39.1' ],
46 silly audit   'eslint-config-airbnb': [ '19.0.4' ],
46 silly audit   'eslint-config-airbnb-base': [ '15.0.0' ],
46 silly audit   'eslint-config-prettier': [ '10.1.8' ],
46 silly audit   'eslint-import-resolver-node': [ '0.3.9' ],
46 silly audit   'eslint-module-utils': [ '2.12.1' ],
46 silly audit   'eslint-plugin-import': [ '2.32.0' ],
46 silly audit   'eslint-plugin-jsx-a11y': [ '6.10.2' ],
46 silly audit   'eslint-plugin-react': [ '7.37.5' ],
46 silly audit   'eslint-plugin-react-hooks': [ '7.0.1' ],
46 silly audit   resolve: [ '2.0.0-next.5', '1.22.11' ],
46 silly audit   'eslint-scope': [ '8.4.0' ],
46 silly audit   espree: [ '10.4.0' ],
46 silly audit   esquery: [ '1.6.0' ],
46 silly audit   esrecurse: [ '4.3.0' ],
46 silly audit   estraverse: [ '5.3.0' ],
46 silly audit   esutils: [ '2.0.3' ],
46 silly audit   'event-target-shim': [ '5.0.1' ],
46 silly audit   events: [ '3.3.0' ],
46 silly audit   'fast-content-type-parse': [ '1.1.0' ],
46 silly audit   'fast-copy': [ '3.0.2' ],
46 silly audit   'fast-decode-uri-component': [ '1.0.1' ],
46 silly audit   'fast-deep-equal': [ '3.1.3' ],
46 silly audit   'fast-json-stable-stringify': [ '2.1.0' ],
46 silly audit   'fast-json-stringify': [ '5.16.1' ],
46 silly audit   'fast-jwt': [ '3.3.3' ],
46 silly audit   'fast-levenshtein': [ '2.0.6' ],
46 silly audit   'fast-querystring': [ '1.1.2' ],
46 silly audit   'fast-safe-stringify': [ '2.1.1' ],
46 silly audit   fastfall: [ '1.5.1' ],
46 silly audit   fastify: [ '4.29.1' ],
46 silly audit   'fastify-cli': [ '5.9.0' ],
46 silly audit   semver: [ '7.7.3', '6.3.1' ],
46 silly audit   'fastify-plugin': [ '4.5.1', '3.0.1' ],
46 silly audit   'fastify-socket.io': [ '4.0.0' ],
46 silly audit   fastparallel: [ '2.4.1' ],
46 silly audit   fastq: [ '1.19.1' ],
46 silly audit   fastseries: [ '1.7.2' ],
46 silly audit   'file-entry-cache': [ '8.0.0' ],
46 silly audit   'fill-range': [ '7.1.1' ],
46 silly audit   'find-my-way': [ '8.2.2' ],
46 silly audit   'find-up': [ '5.0.0', '3.0.0' ],
46 silly audit   'flat-cache': [ '4.0.1' ],
46 silly audit   flatted: [ '3.3.3' ],
46 silly audit   'for-each': [ '0.3.5' ],
46 silly audit   forwarded: [ '0.2.0' ],
46 silly audit   'fs.realpath': [ '1.0.0' ],
46 silly audit   fsevents: [ '2.3.3' ],
46 silly audit   'function-bind': [ '1.1.2' ],
46 silly audit   'function.prototype.name': [ '1.1.8' ],
46 silly audit   'functions-have-names': [ '1.2.3' ],
46 silly audit   'generator-function': [ '2.0.1' ],
46 silly audit   generify: [ '4.2.0' ],
46 silly audit   gensync: [ '1.0.0-beta.2' ],
46 silly audit   'get-caller-file': [ '2.0.5' ],
46 silly audit   'get-intrinsic': [ '1.3.0' ],
46 silly audit   'get-proto': [ '1.0.1' ],
46 silly audit   'get-symbol-description': [ '1.1.0' ],
46 silly audit   glob: [ '8.1.0' ],
46 silly audit   minimatch: [ '5.1.6', '3.1.2' ],
46 silly audit   globals: [ '14.0.0' ],
46 silly audit   globalthis: [ '1.0.4' ],
46 silly audit   gopd: [ '1.2.0' ],
46 silly audit   'has-bigints': [ '1.1.0' ],
46 silly audit   'has-flag': [ '4.0.0' ],
46 silly audit   'has-property-descriptors': [ '1.0.2' ],
46 silly audit   'has-proto': [ '1.2.0' ],
46 silly audit   'has-symbols': [ '1.1.0' ],
46 silly audit   'has-tostringtag': [ '1.0.2' ],
46 silly audit   hasown: [ '2.0.2' ],
46 silly audit   'help-me': [ '4.2.0', '5.0.0' ],
46 silly audit   'hermes-estree': [ '0.25.1' ],
46 silly audit   'hermes-parser': [ '0.25.1' ],
46 silly audit   ieee754: [ '1.2.1' ],
46 silly audit   ignore: [ '5.3.2' ],
46 silly audit   'import-fresh': [ '3.3.1' ],
46 silly audit   'resolve-from': [ '4.0.0', '5.0.0' ],
46 silly audit   imurmurhash: [ '0.1.4' ],
46 silly audit   inflight: [ '1.0.6' ],
46 silly audit   inherits: [ '2.0.4' ],
46 silly audit   'internal-slot': [ '1.1.0' ],
46 silly audit   'ipaddr.js': [ '1.9.1' ],
46 silly audit   'is-array-buffer': [ '3.0.5' ],
46 silly audit   'is-async-function': [ '2.1.1' ],
46 silly audit   'is-bigint': [ '1.1.0' ],
46 silly audit   'is-binary-path': [ '2.1.0' ],
46 silly audit   'is-boolean-object': [ '1.2.2' ],
46 silly audit   'is-callable': [ '1.2.7' ],
46 silly audit   'is-core-module': [ '2.16.1' ],
46 silly audit   'is-data-view': [ '1.0.2' ],
46 silly audit   'is-date-object': [ '1.1.0' ],
46 silly audit   'is-docker': [ '2.2.1' ],
46 silly audit   'is-extglob': [ '2.1.1' ],
46 silly audit   'is-finalizationregistry': [ '1.1.1' ],
46 silly audit   'is-fullwidth-code-point': [ '3.0.0' ],
46 silly audit   'is-generator-function': [ '1.1.2' ],
46 silly audit   'is-glob': [ '4.0.3' ],
46 silly audit   'is-map': [ '2.0.3' ],
46 silly audit   'is-negative-zero': [ '2.0.3' ],
46 silly audit   'is-number': [ '7.0.0' ],
46 silly audit   'is-number-object': [ '1.1.1' ],
46 silly audit   'is-regex': [ '1.2.1' ],
46 silly audit   'is-set': [ '2.0.3' ],
46 silly audit   'is-shared-array-buffer': [ '1.0.4' ],
46 silly audit   'is-string': [ '1.1.1' ],
46 silly audit   'is-symbol': [ '1.1.1' ],
46 silly audit   'is-typed-array': [ '1.1.15' ],
46 silly audit   'is-weakmap': [ '2.0.2' ],
46 silly audit   'is-weakref': [ '1.1.1' ],
46 silly audit   'is-weakset': [ '2.0.4' ],
46 silly audit   isarray: [ '2.0.5' ],
46 silly audit   isbinaryfile: [ '4.0.10' ],
46 silly audit   isexe: [ '2.0.0' ],
46 silly audit   'iterator.prototype': [ '1.1.5' ],
46 silly audit   joycon: [ '3.1.1' ],
46 silly audit   'js-tokens': [ '4.0.0' ],
46 silly audit   'js-yaml': [ '4.1.1' ],
46 silly audit   jsesc: [ '3.1.0' ],
46 silly audit   'json-buffer': [ '3.0.1' ],
46 silly audit   'json-parse-even-better-errors': [ '3.0.2' ],
46 silly audit   'json-schema-ref-resolver': [ '1.0.1' ],
46 silly audit   'json-stable-stringify-without-jsonify': [ '1.0.1' ],
46 silly audit   'jsx-ast-utils': [ '3.3.5' ],
46 silly audit   keyv: [ '4.5.4' ],
46 silly audit   'language-subtag-registry': [ '0.3.23' ],
46 silly audit   'language-tags': [ '1.0.9' ],
46 silly audit   levn: [ '0.4.1' ],
46 silly audit   'light-my-request': [ '5.14.0' ],
46 silly audit   'locate-path': [ '6.0.0', '3.0.0' ],
46 silly audit   'lodash.merge': [ '4.6.2' ],
46 silly audit   'loose-envify': [ '1.4.0' ],
46 silly audit   'lru-cache': [ '5.1.1' ],
46 silly audit   'make-promises-safe': [ '5.1.0' ],
46 silly audit   makeerror: [ '1.0.12' ],
46 silly audit   'math-intrinsics': [ '1.1.0' ],
46 silly audit   mime: [ '3.0.0' ],
46 silly audit   'mime-db': [ '1.52.0' ],
46 silly audit   'mime-types': [ '2.1.35' ],
46 silly audit   'minimalistic-assert': [ '1.0.1' ],
46 silly audit   minimist: [ '1.2.8' ],
46 silly audit   mnemonist: [ '0.39.8' ],
46 silly audit   ms: [ '2.1.3' ],
46 silly audit   'natural-compare': [ '1.4.0' ],
46 silly audit   negotiator: [ '0.6.3' ],
46 silly audit   'node-releases': [ '2.0.27' ],
46 silly audit   'normalize-path': [ '3.0.0' ],
46 silly audit   'npm-normalize-package-bin': [ '3.0.1' ],
46 silly audit   'object-assign': [ '4.1.1' ],
46 silly audit   'object-inspect': [ '1.13.4' ],
46 silly audit   'object-keys': [ '1.1.1' ],
46 silly audit   'object.assign': [ '4.1.7' ],
46 silly audit   'object.entries': [ '1.1.9' ],
46 silly audit   'object.fromentries': [ '2.0.8' ],
46 silly audit   'object.groupby': [ '1.0.3' ],
46 silly audit   'object.values': [ '1.2.1' ],
46 silly audit   obliterator: [ '2.0.5' ],
46 silly audit   'on-exit-leak-free': [ '2.1.2' ],
46 silly audit   once: [ '1.4.0' ],
46 silly audit   optionator: [ '0.9.4' ],
46 silly audit   'own-keys': [ '1.0.1' ],
46 silly audit   'p-limit': [ '3.1.0', '2.3.0' ],
46 silly audit   'p-locate': [ '5.0.0', '3.0.0' ],
46 silly audit   'p-try': [ '2.2.0' ],
46 silly audit   'parent-module': [ '1.0.1' ],
46 silly audit   'path-exists': [ '4.0.0', '3.0.0' ],
46 silly audit   'path-key': [ '3.1.1' ],
46 silly audit   'path-parse': [ '1.0.7' ],
46 silly audit   picocolors: [ '1.1.1' ],
46 silly audit   picomatch: [ '2.3.1' ],
46 silly audit   pino: [ '9.14.0' ],
46 silly audit   'pino-abstract-transport': [ '2.0.0', '1.2.0' ],
46 silly audit   split2: [ '4.2.0', '3.2.2' ],
46 silly audit   'pino-pretty': [ '10.3.1' ],
46 silly audit   'readable-stream': [ '4.7.0', '3.6.2' ],
46 silly audit   'sonic-boom': [ '3.8.1', '4.2.0' ],
46 silly audit   'pino-std-serializers': [ '7.0.0' ],
46 silly audit   'process-warning': [ '5.0.0', '3.0.0' ],
46 silly audit   'pkg-up': [ '3.1.0' ],
46 silly audit   'possible-typed-array-names': [ '1.1.0' ],
46 silly audit   'prelude-ls': [ '1.2.1' ],
46 silly audit   prettier: [ '3.7.4' ],
46 silly audit   process: [ '0.11.10' ],
46 silly audit   'prop-types': [ '15.8.1' ],
46 silly audit   'proxy-addr': [ '2.0.7' ],
46 silly audit   pump: [ '3.0.3' ],
46 silly audit   punycode: [ '2.3.1' ],
46 silly audit   'quick-format-unescaped': [ '4.0.4' ],
46 silly audit   'react-is': [ '16.13.1' ],
46 silly audit   'read-package-json-fast': [ '3.0.2' ],
46 silly audit   readdirp: [ '3.6.0' ],
46 silly audit   'real-require': [ '0.2.0' ],
46 silly audit   'reflect.getprototypeof': [ '1.0.10' ],
46 silly audit   'regexp.prototype.flags': [ '1.5.4' ],
46 silly audit   'require-directory': [ '2.1.1' ],
46 silly audit   'require-from-string': [ '2.0.2' ],
46 silly audit   ret: [ '0.4.3' ],
46 silly audit   reusify: [ '1.1.0' ],
46 silly audit   rfdc: [ '1.4.1' ],
46 silly audit   rxjs: [ '7.8.2' ],
46 silly audit   'safe-array-concat': [ '1.1.3' ],
46 silly audit   'safe-buffer': [ '5.2.1' ],
46 silly audit   'safe-push-apply': [ '1.0.0' ],
46 silly audit   'safe-regex-test': [ '1.1.0' ],
46 silly audit   'safe-regex2': [ '3.1.0' ],
46 silly audit   'safe-stable-stringify': [ '2.5.0' ],
46 silly audit   'safer-buffer': [ '2.1.2' ],
46 silly audit   'secure-json-parse': [ '2.7.0' ],
46 silly audit   'set-cookie-parser': [ '2.7.2' ],
46 silly audit   'set-function-length': [ '1.2.2' ],
46 silly audit   'set-function-name': [ '2.0.2' ],
46 silly audit   'set-proto': [ '1.0.0' ],
46 silly audit   setprototypeof: [ '1.2.0' ],
46 silly audit   'shebang-command': [ '2.0.0' ],
46 silly audit   'shebang-regex': [ '3.0.0' ],
46 silly audit   'shell-quote': [ '1.8.3' ],
46 silly audit   'side-channel': [ '1.1.0' ],
46 silly audit   'side-channel-list': [ '1.0.0' ],
46 silly audit   'side-channel-map': [ '1.0.1' ],
46 silly audit   'side-channel-weakmap': [ '1.0.2' ],
46 silly audit   'socket.io': [ '4.8.1' ],
46 silly audit   'socket.io-adapter': [ '2.5.5' ],
46 silly audit   'socket.io-parser': [ '4.2.4' ],
46 silly audit   steed: [ '1.1.3' ],
46 silly audit   'stop-iteration-iterator': [ '1.1.0' ],
46 silly audit   string_decoder: [ '1.3.0' ],
46 silly audit   'string-width': [ '4.2.3' ],
46 silly audit   'string.prototype.includes': [ '2.0.1' ],
46 silly audit   'string.prototype.matchall': [ '4.0.12' ],
46 silly audit   'string.prototype.repeat': [ '1.0.0' ],
46 silly audit   'string.prototype.trim': [ '1.2.10' ],
46 silly audit   'string.prototype.trimend': [ '1.0.9' ],
46 silly audit   'string.prototype.trimstart': [ '1.0.8' ],
46 silly audit   'strip-ansi': [ '6.0.1' ],
46 silly audit   'strip-bom': [ '3.0.0' ],
46 silly audit   'strip-json-comments': [ '3.1.1' ],
46 silly audit   'supports-preserve-symlinks-flag': [ '1.0.0' ],
46 silly audit   'thread-stream': [ '3.1.0' ],
46 silly audit   tmpl: [ '1.0.5' ],
46 silly audit   'to-regex-range': [ '5.0.1' ],
46 silly audit   'toad-cache': [ '3.7.0' ],
46 silly audit   toidentifier: [ '1.0.1' ],
46 silly audit   'tree-kill': [ '1.2.2' ],
46 silly audit   'tsconfig-paths': [ '3.15.0' ],
46 silly audit   tslib: [ '2.8.1' ],
46 silly audit   'type-check': [ '0.4.0' ],
46 silly audit   'typed-array-buffer': [ '1.0.3' ],
46 silly audit   'typed-array-byte-length': [ '1.0.3' ],
46 silly audit   'typed-array-byte-offset': [ '1.0.4' ],
46 silly audit   'typed-array-length': [ '1.0.7' ],
46 silly audit   'unbox-primitive': [ '1.1.0' ],
46 silly audit   'undici-types': [ '7.16.0' ],
46 silly audit   'update-browserslist-db': [ '1.2.2' ],
46 silly audit   'uri-js': [ '4.4.1' ],
46 silly audit   'util-deprecate': [ '1.0.2' ],
46 silly audit   vary: [ '1.1.2' ],
46 silly audit   walker: [ '1.0.8' ],
46 silly audit   which: [ '2.0.2' ],
46 silly audit   'which-boxed-primitive': [ '1.1.1' ],
46 silly audit   'which-builtin-type': [ '1.2.1' ],
46 silly audit   'which-collection': [ '1.0.2' ],
46 silly audit   'which-typed-array': [ '1.1.19' ],
46 silly audit   'word-wrap': [ '1.2.5' ],
46 silly audit   'wrap-ansi': [ '7.0.0' ],
46 silly audit   wrappy: [ '1.0.2' ],
46 silly audit   ws: [ '8.17.1' ],
46 silly audit   xtend: [ '4.0.2' ],
46 silly audit   y18n: [ '5.0.8' ],
46 silly audit   yallist: [ '3.1.1' ],
46 silly audit   yargs: [ '17.7.2' ],
46 silly audit   'yargs-parser': [ '21.1.1' ],
46 silly audit   'yocto-queue': [ '0.1.0' ],
46 silly audit   zod: [ '4.1.13' ],
46 silly audit   'zod-validation-error': [ '4.0.2' ],
46 silly audit   lodash: [ '4.17.23' ]
46 silly audit }
47 verbose reify failed optional dependency C:\Users\Jenny\Documents\frontend-project-12\node_modules\fsevents
48 silly reify mark deleted [
48 silly reify   'C:\\Users\\Jenny\\Documents\\frontend-project-12\\node_modules\\fsevents'
48 silly reify ]
49 silly tarball no local data for lodash@https://registry.npmjs.org/lodash/-/lodash-4.17.23.tgz. Extracting by manifest.
50 http fetch POST 200 https://registry.npmjs.org/-/npm/v1/security/advisories/bulk 242ms
51 silly audit report {
51 silly audit report   'fast-jwt': [
51 silly audit report     {
51 silly audit report       id: 1103362,
51 silly audit report       url: 'https://github.com/advisories/GHSA-gm45-q3v2-6cf8',
51 silly audit report       title: 'Fast-JWT Improperly Validates iss Claims',
51 silly audit report       severity: 'moderate',
51 silly audit report       vulnerable_versions: '<5.0.6',
51 silly audit report       cwe: [Array],
51 silly audit report       cvss: [Object]
51 silly audit report     }
51 silly audit report   ],
51 silly audit report   fastify: [
51 silly audit report     {
51 silly audit report       id: 1112876,
51 silly audit report       url: 'https://github.com/advisories/GHSA-mrq3-vjjr-p77c',
51 silly audit report       title: 'Fastify Vulnerable to DoS via Unbounded Memory Allocation in sendWebStream',
51 silly audit report       severity: 'low',
51 silly audit report       vulnerable_versions: '<=5.7.2',
51 silly audit report       cwe: [Array],
51 silly audit report       cvss: [Object]
51 silly audit report     },
51 silly audit report     {
51 silly audit report       id: 1112877,
51 silly audit report       url: 'https://github.com/advisories/GHSA-jx2c-rxcm-jvmq',
51 silly audit report       title: "Fastify's Content-Type header tab character allows body validation bypass",
51 silly audit report       severity: 'high',
51 silly audit report       vulnerable_versions: '<5.7.2',
51 silly audit report       cwe: [Array],
51 silly audit report       cvss: [Object]
51 silly audit report     }
51 silly audit report   ]
51 silly audit report }
52 http fetch GET 200 https://registry.npmjs.org/lodash/-/lodash-4.17.23.tgz 618ms (cache miss)
53 silly ADD
54 silly CHANGE node_modules/lodash
55 verbose exit 1
56 verbose code 1
