0 verbose cli C:\Program Files\nodejs\node.exe C:\Program Files\nodejs\node_modules\npm\bin\npm-cli.js
1 info using npm@11.6.2
2 info using node@v24.13.0
3 silly config load:file:C:\Program Files\nodejs\node_modules\npm\npmrc
4 silly config load:file:C:\Users\Jenny\Documents\frontend-project-12\.npmrc
5 silly config load:file:C:\Users\Jenny\.npmrc
6 silly config load:file:C:\Users\Jenny\AppData\Roaming\npm\etc\npmrc
7 verbose title npm install
8 verbose argv "install"
9 verbose logfile logs-max:10 dir:C:\Users\Jenny\Documents\frontend-project-12\npm-cache\_logs\2026-02-12T17_57_31_338Z-
10 verbose logfile C:\Users\Jenny\Documents\frontend-project-12\npm-cache\_logs\2026-02-12T17_57_31_338Z-debug-0.log
11 silly logfile start cleaning logs, removing 1 files
12 silly packumentCache heap:4496293888 maxSize:1124073472 maxEntrySize:562036736
13 silly logfile done cleaning log files
14 verbose stack JSONParseError: Invalid package.json: JSONParseError: Expected double-quoted property name in JSON at position 849 (line 19 column 5) while parsing near "...hat-server\\\"\",\r\n    },\r\n    \"dependencie..."
14 verbose stack     at parse (C:\Program Files\nodejs\node_modules\npm\node_modules\@npmcli\package-json\lib\read-package.js:19:21)
14 verbose stack     at PackageJson.fromJSON (C:\Program Files\nodejs\node_modules\npm\node_modules\@npmcli\package-json\lib\index.js:162:22)
14 verbose stack     at PackageJson.load (C:\Program Files\nodejs\node_modules\npm\node_modules\@npmcli\package-json\lib\index.js:157:17)
14 verbose stack     at async PackageJson.normalize (C:\Program Files\nodejs\node_modules\npm\node_modules\@npmcli\package-json\lib\index.js:117:5)
14 verbose stack     at async #initTree (C:\Program Files\nodejs\node_modules\npm\node_modules\@npmcli\arborist\lib\arborist\build-ideal-tree.js:284:34)
14 verbose stack     at async Arborist.buildIdealTree (C:\Program Files\nodejs\node_modules\npm\node_modules\@npmcli\arborist\lib\arborist\build-ideal-tree.js:179:7)
14 verbose stack     at async Promise.all (index 1)
14 verbose stack     at async Arborist.reify (C:\Program Files\nodejs\node_modules\npm\node_modules\@npmcli\arborist\lib\arborist\reify.js:114:5)
14 verbose stack     at async Install.exec (C:\Program Files\nodejs\node_modules\npm\lib\commands\install.js:150:5)
14 verbose stack     at async Npm.exec (C:\Program Files\nodejs\node_modules\npm\lib\npm.js:208:9)
15 error code EJSONPARSE
16 error JSON.parse Invalid package.json: JSONParseError: Expected double-quoted property name in JSON at position 849 (line 19 column 5) while parsing near "...hat-server\\\"\",\r\n    },\r\n    \"dependencie..."
17 error JSON.parse Failed to parse JSON data.
17 error JSON.parse Note: package.json must be actual JSON, not just JavaScript.
18 silly unfinished npm timer reify 1770919051541
19 silly unfinished npm timer reify:loadTrees 1770919051543
20 silly unfinished npm timer idealTree:init 1770919051544
21 verbose cwd C:\Users\Jenny\Documents\frontend-project-12
22 verbose os Windows_NT 10.0.26100
23 verbose node v24.13.0
24 verbose npm  v11.6.2
25 verbose exit 1
26 verbose code 1
27 error A complete log of this run can be found in: C:\Users\Jenny\Documents\frontend-project-12\npm-cache\_logs\2026-02-12T17_57_31_338Z-debug-0.log
