0 verbose cli C:\Program Files\nodejs\node.exe C:\Program Files\nodejs\node_modules\npm\bin\npm-cli.js
1 info using npm@11.6.2
2 info using node@v24.13.0
3 silly config load:file:C:\Program Files\nodejs\node_modules\npm\npmrc
4 silly config load:file:C:\Users\Jenny\Documents\frontend-project-12\frontend\.npmrc
5 silly config load:file:C:\Users\Jenny\.npmrc
6 silly config load:file:C:\Users\Jenny\AppData\Roaming\npm\etc\npmrc
7 verbose title npm install
8 verbose argv "install"
9 verbose logfile logs-max:10 dir:C:\Users\Jenny\Documents\frontend-project-12\npm-cache\_logs\2026-02-12T17_58_25_500Z-
10 verbose logfile C:\Users\Jenny\Documents\frontend-project-12\npm-cache\_logs\2026-02-12T17_58_25_500Z-debug-0.log
11 silly logfile start cleaning logs, removing 1 files
12 silly packumentCache heap:4496293888 maxSize:1124073472 maxEntrySize:562036736
13 silly logfile done cleaning log files
14 silly idealTree buildDeps
15 silly reify moves {}
16 silly audit bulk request {
16 silly audit   '@ampproject/remapping': [ '2.3.0' ],
16 silly audit   '@babel/code-frame': [ '7.26.2' ],
16 silly audit   '@babel/compat-data': [ '7.26.8' ],
16 silly audit   '@babel/core': [ '7.26.10' ],
16 silly audit   semver: [ '6.3.1', '7.7.1' ],
16 silly audit   '@babel/eslint-parser': [ '7.27.0' ],
16 silly audit   'eslint-visitor-keys': [ '2.1.0', '4.2.0', '3.4.3' ],
16 silly audit   '@babel/generator': [ '7.27.0' ],
16 silly audit   '@babel/helper-annotate-as-pure': [ '7.25.9' ],
16 silly audit   '@babel/helper-compilation-targets': [ '7.27.0' ],
16 silly audit   '@babel/helper-module-imports': [ '7.25.9' ],
16 silly audit   '@babel/helper-module-transforms': [ '7.26.0' ],
16 silly audit   '@babel/helper-plugin-utils': [ '7.26.5' ],
16 silly audit   '@babel/helper-string-parser': [ '7.25.9' ],
16 silly audit   '@babel/helper-validator-identifier': [ '7.25.9' ],
16 silly audit   '@babel/helper-validator-option': [ '7.25.9' ],
16 silly audit   '@babel/helpers': [ '7.27.0' ],
16 silly audit   '@babel/parser': [ '7.27.0' ],
16 silly audit   '@babel/plugin-syntax-jsx': [ '7.25.9' ],
16 silly audit   '@babel/plugin-transform-react-display-name': [ '7.25.9' ],
16 silly audit   '@babel/plugin-transform-react-jsx': [ '7.25.9' ],
16 silly audit   '@babel/plugin-transform-react-jsx-development': [ '7.25.9' ],
16 silly audit   '@babel/plugin-transform-react-jsx-self': [ '7.25.9' ],
16 silly audit   '@babel/plugin-transform-react-jsx-source': [ '7.25.9' ],
16 silly audit   '@babel/plugin-transform-react-pure-annotations': [ '7.25.9' ],
16 silly audit   '@babel/preset-react': [ '7.26.3' ],
16 silly audit   '@babel/runtime': [ '7.27.0' ],
16 silly audit   '@babel/template': [ '7.27.0' ],
16 silly audit   '@babel/traverse': [ '7.27.0' ],
16 silly audit   globals: [ '11.12.0', '14.0.0', '16.0.0' ],
16 silly audit   '@babel/types': [ '7.27.0' ],
16 silly audit   '@esbuild/aix-ppc64': [ '0.25.3' ],
16 silly audit   '@esbuild/android-arm': [ '0.25.3' ],
16 silly audit   '@esbuild/android-arm64': [ '0.25.3' ],
16 silly audit   '@esbuild/android-x64': [ '0.25.3' ],
16 silly audit   '@esbuild/darwin-arm64': [ '0.25.3' ],
16 silly audit   '@esbuild/darwin-x64': [ '0.25.3' ],
16 silly audit   '@esbuild/freebsd-arm64': [ '0.25.3' ],
16 silly audit   '@esbuild/freebsd-x64': [ '0.25.3' ],
16 silly audit   '@esbuild/linux-arm': [ '0.25.3' ],
16 silly audit   '@esbuild/linux-arm64': [ '0.25.3' ],
16 silly audit   '@esbuild/linux-ia32': [ '0.25.3' ],
16 silly audit   '@esbuild/linux-loong64': [ '0.25.3' ],
16 silly audit   '@esbuild/linux-mips64el': [ '0.25.3' ],
16 silly audit   '@esbuild/linux-ppc64': [ '0.25.3' ],
16 silly audit   '@esbuild/linux-riscv64': [ '0.25.3' ],
16 silly audit   '@esbuild/linux-s390x': [ '0.25.3' ],
16 silly audit   '@esbuild/linux-x64': [ '0.25.3' ],
16 silly audit   '@esbuild/netbsd-arm64': [ '0.25.3' ],
16 silly audit   '@esbuild/netbsd-x64': [ '0.25.3' ],
16 silly audit   '@esbuild/openbsd-arm64': [ '0.25.3' ],
16 silly audit   '@esbuild/openbsd-x64': [ '0.25.3' ],
16 silly audit   '@esbuild/sunos-x64': [ '0.25.3' ],
16 silly audit   '@esbuild/win32-arm64': [ '0.25.3' ],
16 silly audit   '@esbuild/win32-ia32': [ '0.25.3' ],
16 silly audit   '@esbuild/win32-x64': [ '0.25.3' ],
16 silly audit   '@eslint-community/eslint-utils': [ '4.6.1' ],
16 silly audit   '@eslint-community/regexpp': [ '4.12.1' ],
16 silly audit   '@eslint/config-array': [ '0.20.0' ],
16 silly audit   'brace-expansion': [ '1.1.11', '2.0.1' ],
16 silly audit   minimatch: [ '3.1.2', '9.0.5' ],
16 silly audit   '@eslint/config-helpers': [ '0.2.1' ],
16 silly audit   '@eslint/core': [ '0.13.0' ],
16 silly audit   '@eslint/create-config': [ '1.8.1' ],
16 silly audit   '@eslint/eslintrc': [ '3.3.1' ],
16 silly audit   '@eslint/js': [ '9.25.1' ],
16 silly audit   '@eslint/object-schema': [ '2.1.6' ],
16 silly audit   '@eslint/plugin-kit': [ '0.2.8' ],
16 silly audit   '@humanfs/core': [ '0.19.1' ],
16 silly audit   '@humanfs/node': [ '0.16.6' ],
16 silly audit   '@humanwhocodes/retry': [ '0.3.1', '0.4.2' ],
16 silly audit   '@humanwhocodes/module-importer': [ '1.0.1' ],
16 silly audit   '@jridgewell/gen-mapping': [ '0.3.8' ],
16 silly audit   '@jridgewell/resolve-uri': [ '3.1.2' ],
16 silly audit   '@jridgewell/set-array': [ '1.2.1' ],
16 silly audit   '@jridgewell/sourcemap-codec': [ '1.5.0' ],
16 silly audit   '@jridgewell/trace-mapping': [ '0.3.25' ],
16 silly audit   '@nicolo-ribaudo/eslint-scope-5-internals': [ '5.1.1-v1' ],
16 silly audit   'eslint-scope': [ '5.1.1', '8.3.0' ],
16 silly audit   estraverse: [ '4.3.0', '5.3.0' ],
16 silly audit   '@nodelib/fs.scandir': [ '2.1.5' ],
16 silly audit   '@nodelib/fs.stat': [ '2.0.5' ],
16 silly audit   '@nodelib/fs.walk': [ '1.2.8' ],
16 silly audit   '@popperjs/core': [ '2.11.8' ],
16 silly audit   '@react-aria/ssr': [ '3.9.8' ],
16 silly audit   '@reduxjs/toolkit': [ '2.7.0' ],
16 silly audit   '@restart/hooks': [ '0.4.16', '0.5.1' ],
16 silly audit   '@restart/ui': [ '1.9.4' ],
16 silly audit   uncontrollable: [ '8.0.4', '7.2.1' ],
16 silly audit   '@rollbar/react': [ '0.12.1' ],
16 silly audit   '@rollup/rollup-android-arm-eabi': [ '4.40.1' ],
16 silly audit   '@rollup/rollup-android-arm64': [ '4.40.1' ],
16 silly audit   '@rollup/rollup-darwin-arm64': [ '4.40.1' ],
16 silly audit   '@rollup/rollup-darwin-x64': [ '4.40.1' ],
16 silly audit   '@rollup/rollup-freebsd-arm64': [ '4.40.1' ],
16 silly audit   '@rollup/rollup-freebsd-x64': [ '4.40.1' ],
16 silly audit   '@rollup/rollup-linux-arm-gnueabihf': [ '4.40.1' ],
16 silly audit   '@rollup/rollup-linux-arm-musleabihf': [ '4.40.1' ],
16 silly audit   '@rollup/rollup-linux-arm64-gnu': [ '4.40.1' ],
16 silly audit   '@rollup/rollup-linux-arm64-musl': [ '4.40.1' ],
16 silly audit   '@rollup/rollup-linux-loongarch64-gnu': [ '4.40.1' ],
16 silly audit   '@rollup/rollup-linux-powerpc64le-gnu': [ '4.40.1' ],
16 silly audit   '@rollup/rollup-linux-riscv64-gnu': [ '4.40.1' ],
16 silly audit   '@rollup/rollup-linux-riscv64-musl': [ '4.40.1' ],
16 silly audit   '@rollup/rollup-linux-s390x-gnu': [ '4.40.1' ],
16 silly audit   '@rollup/rollup-linux-x64-gnu': [ '4.40.1' ],
16 silly audit   '@rollup/rollup-linux-x64-musl': [ '4.40.1' ],
16 silly audit   '@rollup/rollup-win32-arm64-msvc': [ '4.40.1' ],
16 silly audit   '@rollup/rollup-win32-ia32-msvc': [ '4.40.1' ],
16 silly audit   '@rollup/rollup-win32-x64-msvc': [ '4.40.1' ],
16 silly audit   '@socket.io/component-emitter': [ '3.1.2' ],
16 silly audit   '@standard-schema/spec': [ '1.0.0' ],
16 silly audit   '@standard-schema/utils': [ '0.3.0' ],
16 silly audit   '@stylistic/eslint-plugin': [ '4.2.0' ],
16 silly audit   '@swc/helpers': [ '0.5.17' ],
16 silly audit   '@types/babel__core': [ '7.20.5' ],
16 silly audit   '@types/babel__generator': [ '7.27.0' ],
16 silly audit   '@types/babel__template': [ '7.4.4' ],
16 silly audit   '@types/babel__traverse': [ '7.20.7' ],
16 silly audit   '@types/estree': [ '1.0.7' ],
16 silly audit   '@types/hoist-non-react-statics': [ '3.3.6' ],
16 silly audit   '@types/json-schema': [ '7.0.15' ],
16 silly audit   '@types/prop-types': [ '15.7.14' ],
16 silly audit   '@types/react': [ '19.1.2' ],
16 silly audit   '@types/react-transition-group': [ '4.4.12' ],
16 silly audit   '@types/use-sync-external-store': [ '0.0.6' ],
16 silly audit   '@types/warning': [ '3.0.3' ],
16 silly audit   '@typescript-eslint/scope-manager': [ '8.31.1' ],
16 silly audit   '@typescript-eslint/types': [ '8.31.1' ],
16 silly audit   '@typescript-eslint/typescript-estree': [ '8.31.1' ],
16 silly audit   '@typescript-eslint/utils': [ '8.31.1' ],
16 silly audit   '@typescript-eslint/visitor-keys': [ '8.31.1' ],
16 silly audit   '@vitejs/plugin-react': [ '4.4.1' ],
16 silly audit   acorn: [ '8.14.1' ],
16 silly audit   'acorn-jsx': [ '5.3.2' ],
16 silly audit   ajv: [ '6.12.6' ],
16 silly audit   'ansi-colors': [ '4.1.3' ],
16 silly audit   'ansi-regex': [ '5.0.1' ],
16 silly audit   'ansi-styles': [ '4.3.0' ],
16 silly audit   argparse: [ '2.0.1' ],
16 silly audit   'array-buffer-byte-length': [ '1.0.2' ],
16 silly audit   'array-includes': [ '3.1.8' ],
16 silly audit   'array.prototype.findlast': [ '1.2.5' ],
16 silly audit   'array.prototype.flat': [ '1.3.3' ],
16 silly audit   'array.prototype.flatmap': [ '1.3.3' ],
16 silly audit   'array.prototype.tosorted': [ '1.1.4' ],
16 silly audit   'arraybuffer.prototype.slice': [ '1.0.4' ],
16 silly audit   async: [ '3.2.6' ],
16 silly audit   'async-function': [ '1.0.0' ],
16 silly audit   asynckit: [ '0.4.0' ],
16 silly audit   'available-typed-arrays': [ '1.0.7' ],
16 silly audit   axios: [ '1.9.0' ],
16 silly audit   'balanced-match': [ '1.0.2' ],
16 silly audit   bootstrap: [ '5.3.5' ],
16 silly audit   braces: [ '3.0.3' ],
16 silly audit   browserslist: [ '4.24.4' ],
16 silly audit   'call-bind': [ '1.0.8' ],
16 silly audit   'call-bind-apply-helpers': [ '1.0.2' ],
16 silly audit   'call-bound': [ '1.0.4' ],
16 silly audit   callsites: [ '3.1.0' ],
16 silly audit   'caniuse-lite': [ '1.0.30001715' ],
16 silly audit   chalk: [ '4.1.2' ],
16 silly audit   classnames: [ '2.5.1' ],
16 silly audit   clsx: [ '2.1.1' ],
16 silly audit   'color-convert': [ '2.0.1' ],
16 silly audit   'color-name': [ '1.1.4' ],
16 silly audit   'combined-stream': [ '1.0.8' ],
16 silly audit   'concat-map': [ '0.0.1' ],
16 silly audit   'console-polyfill': [ '0.3.0' ],
16 silly audit   'convert-source-map': [ '2.0.0' ],
16 silly audit   cookie: [ '1.0.2' ],
16 silly audit   'cross-spawn': [ '7.0.6' ],
16 silly audit   csstype: [ '3.1.3' ],
16 silly audit   'data-view-buffer': [ '1.0.2' ],
16 silly audit   'data-view-byte-length': [ '1.0.2' ],
16 silly audit   'data-view-byte-offset': [ '1.0.1' ],
16 silly audit   debug: [ '4.4.0', '4.3.7' ],
16 silly audit   decache: [ '3.1.0' ],
16 silly audit   'deep-is': [ '0.1.4' ],
16 silly audit   deepmerge: [ '2.2.1' ],
16 silly audit   'define-data-property': [ '1.1.4' ],
16 silly audit   'define-properties': [ '1.2.1' ],
16 silly audit   'delayed-stream': [ '1.0.0' ],
16 silly audit   dequal: [ '2.0.3' ],
16 silly audit   doctrine: [ '2.1.0' ],
16 silly audit   'dom-helpers': [ '5.2.1' ],
16 silly audit   'dunder-proto': [ '1.0.1' ],
16 silly audit   'electron-to-chromium': [ '1.5.144' ],
16 silly audit   'emoji-picker-react': [ '4.12.2' ],
16 silly audit   'engine.io-client': [ '6.6.3' ],
16 silly audit   'engine.io-parser': [ '5.2.3' ],
16 silly audit   enquirer: [ '2.4.1' ],
16 silly audit   'error-stack-parser': [ '2.1.4' ],
16 silly audit   'es-abstract': [ '1.23.9' ],
16 silly audit   'es-define-property': [ '1.0.1' ],
16 silly audit   'es-errors': [ '1.3.0' ],
16 silly audit   'es-iterator-helpers': [ '1.2.1' ],
16 silly audit   'es-object-atoms': [ '1.1.1' ],
16 silly audit   'es-set-tostringtag': [ '2.1.0' ],
16 silly audit   'es-shim-unscopables': [ '1.1.0' ],
16 silly audit   'es-to-primitive': [ '1.3.0' ],
16 silly audit   esbuild: [ '0.25.3' ],
16 silly audit   escalade: [ '3.2.0' ],
16 silly audit   'escape-string-regexp': [ '4.0.0' ],
16 silly audit   eslint: [ '9.25.1' ],
16 silly audit   'eslint-plugin-react': [ '7.37.5' ],
16 silly audit   espree: [ '10.3.0' ],
16 silly audit   esquery: [ '1.6.0' ],
16 silly audit   esrecurse: [ '4.3.0' ],
16 silly audit   esutils: [ '2.0.3' ],
16 silly audit   'fast-deep-equal': [ '3.1.3' ],
16 silly audit   'fast-glob': [ '3.3.3' ],
16 silly audit   'glob-parent': [ '5.1.2', '6.0.2' ],
16 silly audit   'fast-json-stable-stringify': [ '2.1.0' ],
16 silly audit   'fast-levenshtein': [ '2.0.6' ],
16 silly audit   fastq: [ '1.19.1' ],
16 silly audit   'file-entry-cache': [ '8.0.0' ],
16 silly audit   'fill-range': [ '7.1.1' ],
16 silly audit   find: [ '0.2.9' ],
16 silly audit   'find-up': [ '5.0.0' ],
16 silly audit   flairup: [ '1.0.0' ],
16 silly audit   'flat-cache': [ '4.0.1' ],
16 silly audit   flatted: [ '3.3.3' ],
16 silly audit   'follow-redirects': [ '1.15.9' ],
16 silly audit   'for-each': [ '0.3.5' ],
16 silly audit   'form-data': [ '4.0.2' ],
16 silly audit   formik: [ '2.4.6' ],
16 silly audit   'french-badwords-list': [ '1.0.7' ],
16 silly audit   fsevents: [ '2.3.3' ],
16 silly audit   'function-bind': [ '1.1.2' ],
16 silly audit   'function.prototype.name': [ '1.1.8' ],
16 silly audit   'functions-have-names': [ '1.2.3' ],
16 silly audit   gensync: [ '1.0.0-beta.2' ],
16 silly audit   'get-intrinsic': [ '1.3.0' ],
16 silly audit   'get-proto': [ '1.0.1' ],
16 silly audit   'get-symbol-description': [ '1.1.0' ],
16 silly audit   globalthis: [ '1.0.4' ],
16 silly audit   gopd: [ '1.2.0' ],
16 silly audit   'has-bigints': [ '1.1.0' ],
16 silly audit   'has-flag': [ '4.0.0' ],
16 silly audit   'has-property-descriptors': [ '1.0.2' ],
16 silly audit   'has-proto': [ '1.2.0' ],
16 silly audit   'has-symbols': [ '1.1.0' ],
16 silly audit   'has-tostringtag': [ '1.0.2' ],
16 silly audit   hasown: [ '2.0.2' ],
16 silly audit   'hoist-non-react-statics': [ '3.3.2' ],
16 silly audit   'html-parse-stringify': [ '3.0.1' ],
16 silly audit   i18next: [ '24.2.3' ],
16 silly audit   ignore: [ '5.3.2' ],
16 silly audit   immer: [ '10.1.1' ],
16 silly audit   'import-fresh': [ '3.3.1' ],
16 silly audit   imurmurhash: [ '0.1.4' ],
16 silly audit   'internal-slot': [ '1.1.0' ],
16 silly audit   invariant: [ '2.2.4' ],
16 silly audit   'is-array-buffer': [ '3.0.5' ],
16 silly audit   'is-async-function': [ '2.1.1' ],
16 silly audit   'is-bigint': [ '1.1.0' ],
16 silly audit   'is-boolean-object': [ '1.2.2' ],
16 silly audit   'is-callable': [ '1.2.7' ],
16 silly audit   'is-core-module': [ '2.16.1' ],
16 silly audit   'is-data-view': [ '1.0.2' ],
16 silly audit   'is-date-object': [ '1.1.0' ],
16 silly audit   'is-extglob': [ '2.1.1' ],
16 silly audit   'is-finalizationregistry': [ '1.1.1' ],
16 silly audit   'is-generator-function': [ '1.1.0' ],
16 silly audit   'is-glob': [ '4.0.3' ],
16 silly audit   'is-map': [ '2.0.3' ],
16 silly audit   'is-number': [ '7.0.0' ],
16 silly audit   'is-number-object': [ '1.1.1' ],
16 silly audit   'is-regex': [ '1.2.1' ],
16 silly audit   'is-set': [ '2.0.3' ],
16 silly audit   'is-shared-array-buffer': [ '1.0.4' ],
16 silly audit   'is-string': [ '1.1.1' ],
16 silly audit   'is-symbol': [ '1.1.1' ],
16 silly audit   'is-typed-array': [ '1.1.15' ],
16 silly audit   'is-weakmap': [ '2.0.2' ],
16 silly audit   'is-weakref': [ '1.1.1' ],
16 silly audit   'is-weakset': [ '2.0.4' ],
16 silly audit   isarray: [ '2.0.5' ],
16 silly audit   isexe: [ '2.0.0' ],
16 silly audit   'iterator.prototype': [ '1.1.5' ],
16 silly audit   'js-tokens': [ '4.0.0' ],
16 silly audit   'js-yaml': [ '4.1.0' ],
16 silly audit   jsesc: [ '3.1.0' ],
16 silly audit   'json-buffer': [ '3.0.1' ],
16 silly audit   'json-schema-traverse': [ '0.4.1' ],
16 silly audit   'json-stable-stringify-without-jsonify': [ '1.0.1' ],
16 silly audit   'json-stringify-safe': [ '5.0.1' ],
16 silly audit   json5: [ '2.2.3' ],
16 silly audit   'jsx-ast-utils': [ '3.3.5' ],
16 silly audit   keyv: [ '4.5.4' ],
16 silly audit   'leo-profanity': [ '1.7.0' ],
16 silly audit   levn: [ '0.4.1' ],
16 silly audit   'locate-path': [ '6.0.0' ],
16 silly audit   lodash: [ '4.17.21' ],
16 silly audit   'lodash-es': [ '4.17.21' ],
16 silly audit   'lodash.merge': [ '4.6.2' ],
16 silly audit   'loose-envify': [ '1.4.0' ],
16 silly audit   'lru-cache': [ '5.1.1', '2.2.4' ],
16 silly audit   'math-intrinsics': [ '1.1.0' ],
16 silly audit   merge2: [ '1.4.1' ],
16 silly audit   micromatch: [ '4.0.8' ],
16 silly audit   picomatch: [ '2.3.1', '4.0.2' ],
16 silly audit   'mime-db': [ '1.52.0' ],
16 silly audit   'mime-types': [ '2.1.35' ],
16 silly audit   ms: [ '2.1.3' ],
16 silly audit   nanoid: [ '3.3.11' ],
16 silly audit   'natural-compare': [ '1.4.0' ],
16 silly audit   'node-releases': [ '2.0.19' ],
16 silly audit   'object-assign': [ '4.1.1' ],
16 silly audit   'object-inspect': [ '1.13.4' ],
16 silly audit   'object-keys': [ '1.1.1' ],
16 silly audit   'object.assign': [ '4.1.7' ],
16 silly audit   'object.entries': [ '1.1.9' ],
16 silly audit   'object.fromentries': [ '2.0.8' ],
16 silly audit   'object.values': [ '1.2.1' ],
16 silly audit   optionator: [ '0.9.4' ],
16 silly audit   'own-keys': [ '1.0.1' ],
16 silly audit   'p-limit': [ '3.1.0' ],
16 silly audit   'p-locate': [ '5.0.0' ],
16 silly audit   'parent-module': [ '1.0.1' ],
16 silly audit   'path-exists': [ '4.0.0' ],
16 silly audit   'path-key': [ '3.1.1' ],
16 silly audit   'path-parse': [ '1.0.7' ],
16 silly audit   picocolors: [ '1.1.1' ],
16 silly audit   'possible-typed-array-names': [ '1.1.0' ],
16 silly audit   postcss: [ '8.5.3' ],
16 silly audit   'prelude-ls': [ '1.2.1' ],
16 silly audit   'prop-types': [ '15.8.1' ],
16 silly audit   'prop-types-extra': [ '1.1.1' ],
16 silly audit   'property-expr': [ '2.0.6' ],
16 silly audit   'proxy-from-env': [ '1.1.0' ],
16 silly audit   punycode: [ '2.3.1' ],
16 silly audit   'queue-microtask': [ '1.2.3' ],
16 silly audit   react: [ '18.3.1' ],
16 silly audit   'react-bootstrap': [ '2.10.9' ],
16 silly audit   'react-dom': [ '18.3.1' ],
16 silly audit   'react-fast-compare': [ '2.0.4' ],
16 silly audit   'react-i18next': [ '15.5.1' ],
16 silly audit   'react-is': [ '16.13.1' ],
16 silly audit   'react-lifecycles-compat': [ '3.0.4' ],
16 silly audit   'react-redux': [ '9.2.0' ],
16 silly audit   'react-refresh': [ '0.17.0' ],
16 silly audit   'react-router': [ '7.5.3' ],
16 silly audit   'react-router-dom': [ '7.5.3' ],
16 silly audit   'react-toastify': [ '11.0.5' ],
16 silly audit   'react-transition-group': [ '4.4.5' ],
16 silly audit   redux: [ '5.0.1' ],
16 silly audit   'redux-thunk': [ '3.1.0' ],
16 silly audit   'reflect.getprototypeof': [ '1.0.10' ],
16 silly audit   'regenerator-runtime': [ '0.14.1' ],
16 silly audit   'regexp.prototype.flags': [ '1.5.4' ],
16 silly audit   'request-ip': [ '3.3.0' ],
16 silly audit   reselect: [ '5.1.1' ],
16 silly audit   resolve: [ '2.0.0-next.5' ],
16 silly audit   'resolve-from': [ '4.0.0' ],
16 silly audit   reusify: [ '1.1.0' ],
16 silly audit   rollbar: [ '2.26.4' ],
16 silly audit   rollup: [ '4.40.1' ],
16 silly audit   'run-parallel': [ '1.2.0' ],
16 silly audit   'russian-bad-words': [ '0.5.0' ],
16 silly audit   'safe-array-concat': [ '1.1.3' ],
16 silly audit   'safe-push-apply': [ '1.0.0' ],
16 silly audit   'safe-regex-test': [ '1.1.0' ],
16 silly audit   scheduler: [ '0.23.2' ],
16 silly audit   'set-cookie-parser': [ '2.7.1' ],
16 silly audit   'set-function-length': [ '1.2.2' ],
16 silly audit   'set-function-name': [ '2.0.2' ],
16 silly audit   'set-proto': [ '1.0.0' ],
16 silly audit   'shebang-command': [ '2.0.0' ],
16 silly audit   'shebang-regex': [ '3.0.0' ],
16 silly audit   'side-channel': [ '1.1.0' ],
16 silly audit   'side-channel-list': [ '1.0.0' ],
16 silly audit   'side-channel-map': [ '1.0.1' ],
16 silly audit   'side-channel-weakmap': [ '1.0.2' ],
16 silly audit   'socket.io-client': [ '4.8.1' ],
16 silly audit   'socket.io-parser': [ '4.2.4' ],
16 silly audit   'source-map': [ '0.5.7' ],
16 silly audit   'source-map-js': [ '1.2.1' ],
16 silly audit   stackframe: [ '1.3.4' ],
16 silly audit   'string.prototype.matchall': [ '4.0.12' ],
16 silly audit   'string.prototype.repeat': [ '1.0.0' ],
16 silly audit   'string.prototype.trim': [ '1.2.10' ],
16 silly audit   'string.prototype.trimend': [ '1.0.9' ],
16 silly audit   'string.prototype.trimstart': [ '1.0.8' ],
16 silly audit   'strip-ansi': [ '6.0.1' ],
16 silly audit   'strip-json-comments': [ '3.1.1' ],
16 silly audit   'supports-color': [ '7.2.0' ],
16 silly audit   'supports-preserve-symlinks-flag': [ '1.0.0' ],
16 silly audit   'tiny-case': [ '1.0.3' ],
16 silly audit   'tiny-invariant': [ '1.3.3' ],
16 silly audit   'tiny-warning': [ '1.0.3' ],
16 silly audit   tinyglobby: [ '0.2.13' ],
16 silly audit   fdir: [ '6.4.4' ],
16 silly audit   'to-regex-range': [ '5.0.1' ],
16 silly audit   toposort: [ '2.0.2' ],
16 silly audit   'traverse-chain': [ '0.1.0' ],
16 silly audit   'ts-api-utils': [ '2.1.0' ],
16 silly audit   tslib: [ '2.8.1' ],
16 silly audit   'turbo-stream': [ '2.4.0' ],
16 silly audit   'type-check': [ '0.4.0' ],
16 silly audit   'type-fest': [ '2.19.0' ],
16 silly audit   'typed-array-buffer': [ '1.0.3' ],
16 silly audit   'typed-array-byte-length': [ '1.0.3' ],
16 silly audit   'typed-array-byte-offset': [ '1.0.4' ],
16 silly audit   'typed-array-length': [ '1.0.7' ],
16 silly audit   typescript: [ '5.8.3' ],
16 silly audit   'unbox-primitive': [ '1.1.0' ],
16 silly audit   'update-browserslist-db': [ '1.1.3' ],
16 silly audit   'uri-js': [ '4.4.1' ],
16 silly audit   'use-sync-external-store': [ '1.5.0' ],
16 silly audit   vite: [ '6.3.3' ],
16 silly audit   'void-elements': [ '3.1.0' ],
16 silly audit   warning: [ '4.0.3' ],
16 silly audit   which: [ '2.0.2' ],
16 silly audit   'which-boxed-primitive': [ '1.1.1' ],
16 silly audit   'which-builtin-type': [ '1.2.1' ],
16 silly audit   'which-collection': [ '1.0.2' ],
16 silly audit   'which-typed-array': [ '1.1.19' ],
16 silly audit   'word-wrap': [ '1.2.5' ],
16 silly audit   ws: [ '8.17.1' ],
16 silly audit   'xmlhttprequest-ssl': [ '2.1.2' ],
16 silly audit   yallist: [ '3.1.1' ],
16 silly audit   'yocto-queue': [ '0.1.0' ],
16 silly audit   yup: [ '1.6.1' ]
16 silly audit }
17 http fetch POST 200 https://registry.npmjs.org/-/npm/v1/security/advisories/bulk 592ms
18 silly audit report {
18 silly audit report   'brace-expansion': [
18 silly audit report     {
18 silly audit report       id: 1105443,
18 silly audit report       url: 'https://github.com/advisories/GHSA-v6h2-p8h4-qcjw',
18 silly audit report       title: 'brace-expansion Regular Expression Denial of Service vulnerability',
18 silly audit report       severity: 'low',
18 silly audit report       vulnerable_versions: '>=1.0.0 <=1.1.11',
18 silly audit report       cwe: [Array],
18 silly audit report       cvss: [Object]
18 silly audit report     },
18 silly audit report     {
18 silly audit report       id: 1105444,
18 silly audit report       url: 'https://github.com/advisories/GHSA-v6h2-p8h4-qcjw',
18 silly audit report       title: 'brace-expansion Regular Expression Denial of Service vulnerability',
18 silly audit report       severity: 'low',
18 silly audit report       vulnerable_versions: '>=2.0.0 <=2.0.1',
18 silly audit report       cwe: [Array],
18 silly audit report       cvss: [Object]
18 silly audit report     }
18 silly audit report   ],
18 silly audit report   '@eslint/plugin-kit': [
18 silly audit report     {
18 silly audit report       id: 1106734,
18 silly audit report       url: 'https://github.com/advisories/GHSA-xffm-g5w8-qvg7',
18 silly audit report       title: '@eslint/plugin-kit is vulnerable to Regular Expression Denial of Service attacks through ConfigCommentParser',
18 silly audit report       severity: 'low',
18 silly audit report       vulnerable_versions: '<0.3.4',
18 silly audit report       cwe: [Array],
18 silly audit report       cvss: [Object]
18 silly audit report     }
18 silly audit report   ],
18 silly audit report   axios: [
18 silly audit report     {
18 silly audit report       id: 1112195,
18 silly audit report       url: 'https://github.com/advisories/GHSA-4hjh-wcwx-xvwj',
18 silly audit report       title: 'Axios is vulnerable to DoS attack through lack of data size check',
18 silly audit report       severity: 'high',
18 silly audit report       vulnerable_versions: '>=1.0.0 <1.12.0',
18 silly audit report       cwe: [Array],
18 silly audit report       cvss: [Object]
18 silly audit report     },
18 silly audit report     {
18 silly audit report       id: 1113092,
18 silly audit report       url: 'https://github.com/advisories/GHSA-43fc-jf86-j433',
18 silly audit report       title: 'Axios is Vulnerable to Denial of Service via __proto__ Key in mergeConfig',
18 silly audit report       severity: 'high',
18 silly audit report       vulnerable_versions: '<=1.13.4',
18 silly audit report       cwe: [Array],
18 silly audit report       cvss: [Object]
18 silly audit report     }
18 silly audit report   ],
18 silly audit report   'form-data': [
18 silly audit report     {
18 silly audit report       id: 1109538,
18 silly audit report       url: 'https://github.com/advisories/GHSA-fjxv-7rqg-78g4',
18 silly audit report       title: 'form-data uses unsafe random function in form-data for choosing boundary',
18 silly audit report       severity: 'critical',
18 silly audit report       vulnerable_versions: '>=4.0.0 <4.0.4',
18 silly audit report       cwe: [Array],
18 silly audit report       cvss: [Object]
18 silly audit report     }
18 silly audit report   ],
18 silly audit report   'js-yaml': [
18 silly audit report     {
18 silly audit report       id: 1112715,
18 silly audit report       url: 'https://github.com/advisories/GHSA-mh29-5h37-fv8m',
18 silly audit report       title: 'js-yaml has prototype pollution in merge (<<)',
18 silly audit report       severity: 'moderate',
18 silly audit report       vulnerable_versions: '>=4.0.0 <4.1.1',
18 silly audit report       cwe: [Array],
18 silly audit report       cvss: [Object]
18 silly audit report     }
18 silly audit report   ],
18 silly audit report   lodash: [
18 silly audit report     {
18 silly audit report       id: 1112455,
18 silly audit report       url: 'https://github.com/advisories/GHSA-xxjr-mmjv-4gpg',
18 silly audit report       title: 'Lodash has Prototype Pollution Vulnerability in `_.unset` and `_.omit` functions',
18 silly audit report       severity: 'moderate',
18 silly audit report       vulnerable_versions: '>=4.0.0 <=4.17.22',
18 silly audit report       cwe: [Array],
18 silly audit report       cvss: [Object]
18 silly audit report     }
18 silly audit report   ],
18 silly audit report   'lodash-es': [
18 silly audit report     {
18 silly audit report       id: 1112453,
18 silly audit report       url: 'https://github.com/advisories/GHSA-xxjr-mmjv-4gpg',
18 silly audit report       title: 'Lodash has Prototype Pollution Vulnerability in `_.unset` and `_.omit` functions',
18 silly audit report       severity: 'moderate',
18 silly audit report       vulnerable_versions: '>=4.0.0 <=4.17.22',
18 silly audit report       cwe: [Array],
18 silly audit report       cvss: [Object]
18 silly audit report     }
18 silly audit report   ],
18 silly audit report   'react-router': [
18 silly audit report     {
18 silly audit report       id: 1112051,
18 silly audit report       url: 'https://github.com/advisories/GHSA-h5cw-625j-3rxh',
18 silly audit report       title: 'React Router has CSRF issue in Action/Server Action Request Processing',
18 silly audit report       severity: 'moderate',
18 silly audit report       vulnerable_versions: '>=7.0.0 <=7.11.0',
18 silly audit report       cwe: [Array],
18 silly audit report       cvss: [Object]
18 silly audit report     },
18 silly audit report     {
18 silly audit report       id: 1112053,
18 silly audit report       url: 'https://github.com/advisories/GHSA-2w69-qvjg-hvjx',
18 silly audit report       title: 'React Router vulnerable to XSS via Open Redirects',
18 silly audit report       severity: 'high',
18 silly audit report       vulnerable_versions: '>=7.0.0 <=7.11.0',
18 silly audit report       cwe: [Array],
18 silly audit report       cvss: [Object]
18 silly audit report     },
18 silly audit report     {
18 silly audit report       id: 1112055,
18 silly audit report       url: 'https://github.com/advisories/GHSA-8v8x-cx79-35w7',
18 silly audit report       title: 'React Router SSR XSS in ScrollRestoration',
18 silly audit report       severity: 'high',
18 silly audit report       vulnerable_versions: '>=7.0.0 <7.12.0',
18 silly audit report       cwe: [Array],
18 silly audit report       cvss: [Object]
18 silly audit report     },
18 silly audit report     {
18 silly audit report       id: 1112056,
18 silly audit report       url: 'https://github.com/advisories/GHSA-9jcx-v3wj-wh4m',
18 silly audit report       title: 'React Router has unexpected external redirect via untrusted paths',
18 silly audit report       severity: 'moderate',
18 silly audit report       vulnerable_versions: '>=7.0.0 <7.9.6',
18 silly audit report       cwe: [Array],
18 silly audit report       cvss: [Object]
18 silly audit report     },
18 silly audit report     {
18 silly audit report       id: 1112062,
18 silly audit report       url: 'https://github.com/advisories/GHSA-3cgp-3xvw-98x8',
18 silly audit report       title: 'React Router has XSS Vulnerability',
18 silly audit report       severity: 'high',
18 silly audit report       vulnerable_versions: '>=7.0.0 <=7.8.2',
18 silly audit report       cwe: [Array],
18 silly audit report       cvss: [Object]
18 silly audit report     }
18 silly audit report   ],
18 silly audit report   rollbar: [
18 silly audit report     {
18 silly audit report       id: 1109109,
18 silly audit report       url: 'https://github.com/advisories/GHSA-r8c2-2qwq-94p6',
18 silly audit report       title: 'rollbar vulnerable to prototype pollution',
18 silly audit report       severity: 'low',
18 silly audit report       vulnerable_versions: '<=2.26.4',
18 silly audit report       cwe: [Array],
18 silly audit report       cvss: [Object]
18 silly audit report     },
18 silly audit report     {
18 silly audit report       id: 1109207,
18 silly audit report       url: 'https://github.com/advisories/GHSA-xcg2-9pp4-j82x',
18 silly audit report       title: 'rollbar vulnerable to Prototype Pollution in merge()',
18 silly audit report       severity: 'moderate',
18 silly audit report       vulnerable_versions: '<=2.26.4',
18 silly audit report       cwe: [Array],
18 silly audit report       cvss: [Object]
18 silly audit report     }
18 silly audit report   ],
18 silly audit report   vite: [
18 silly audit report     {
18 silly audit report       id: 1104176,
18 silly audit report       url: 'https://github.com/advisories/GHSA-859w-5945-r5v3',
18 silly audit report       title: "Vite's server.fs.deny bypassed with /. for files under project root",
18 silly audit report       severity: 'moderate',
18 silly audit report       vulnerable_versions: '>=6.3.0 <=6.3.3',
18 silly audit report       cwe: [Array],
18 silly audit report       cvss: [Object]
18 silly audit report     },
18 silly audit report     {
18 silly audit report       id: 1107324,
18 silly audit report       url: 'https://github.com/advisories/GHSA-g4jq-h2w9-997c',
18 silly audit report       title: 'Vite middleware may serve files starting with the same name with the public directory',
18 silly audit report       severity: 'low',
18 silly audit report       vulnerable_versions: '>=6.0.0 <=6.3.5',
18 silly audit report       cwe: [Array],
18 silly audit report       cvss: [Object]
18 silly audit report     },
18 silly audit report     {
18 silly audit report       id: 1107328,
18 silly audit report       url: 'https://github.com/advisories/GHSA-jqfw-vq24-v9c3',
18 silly audit report       title: "Vite's `server.fs` settings were not applied to HTML files",
18 silly audit report       severity: 'low',
18 silly audit report       vulnerable_versions: '>=6.0.0 <=6.3.5',
18 silly audit report       cwe: [Array],
18 silly audit report       cvss: [Object]
18 silly audit report     },
18 silly audit report     {
18 silly audit report       id: 1109135,
18 silly audit report       url: 'https://github.com/advisories/GHSA-93m4-6634-74q7',
18 silly audit report       title: 'vite allows server.fs.deny bypass via backslash on Windows',
18 silly audit report       severity: 'moderate',
18 silly audit report       vulnerable_versions: '>=6.0.0 <=6.4.0',
18 silly audit report       cwe: [Array],
18 silly audit report       cvss: [Object]
18 silly audit report     }
18 silly audit report   ]
18 silly audit report }
19 silly packumentCache corgi:https://registry.npmjs.org/brace-expansion cache-miss
20 silly packumentCache corgi:https://registry.npmjs.org/@eslint%2fplugin-kit cache-miss
21 silly packumentCache corgi:https://registry.npmjs.org/axios cache-miss
22 silly packumentCache corgi:https://registry.npmjs.org/form-data cache-miss
23 silly packumentCache corgi:https://registry.npmjs.org/js-yaml cache-miss
24 silly packumentCache corgi:https://registry.npmjs.org/lodash cache-miss
25 silly packumentCache corgi:https://registry.npmjs.org/lodash-es cache-miss
26 silly packumentCache corgi:https://registry.npmjs.org/react-router cache-miss
27 silly packumentCache corgi:https://registry.npmjs.org/rollbar cache-miss
28 silly packumentCache corgi:https://registry.npmjs.org/vite cache-miss
29 http cache https://registry.npmjs.org/@eslint%2fplugin-kit 24ms (cache hit)
30 silly packumentCache corgi:https://registry.npmjs.org/@eslint%2fplugin-kit set size:18214 disposed:false
31 http cache https://registry.npmjs.org/js-yaml 24ms (cache hit)
32 silly packumentCache corgi:https://registry.npmjs.org/js-yaml set size:58533 disposed:false
33 http cache https://registry.npmjs.org/axios 26ms (cache hit)
34 silly packumentCache corgi:https://registry.npmjs.org/axios set size:269340 disposed:false
35 http cache https://registry.npmjs.org/form-data 27ms (cache hit)
36 silly packumentCache corgi:https://registry.npmjs.org/form-data set size:51426 disposed:false
37 http cache https://registry.npmjs.org/lodash 28ms (cache hit)
38 silly packumentCache corgi:https://registry.npmjs.org/lodash set size:68481 disposed:false
39 http cache https://registry.npmjs.org/brace-expansion 30ms (cache hit)
40 silly packumentCache corgi:https://registry.npmjs.org/brace-expansion set size:16961 disposed:false
41 http cache https://registry.npmjs.org/lodash-es 29ms (cache hit)
42 silly packumentCache corgi:https://registry.npmjs.org/lodash-es set size:41564 disposed:false
43 http cache https://registry.npmjs.org/vite 31ms (cache hit)
44 silly packumentCache corgi:https://registry.npmjs.org/vite set size:2184523 disposed:false
45 http cache https://registry.npmjs.org/rollbar 47ms (cache hit)
46 silly packumentCache corgi:https://registry.npmjs.org/rollbar set size:346062 disposed:false
47 http cache https://registry.npmjs.org/react-router 52ms (cache hit)
48 silly packumentCache corgi:https://registry.npmjs.org/react-router set size:1271804 disposed:false
49 silly packumentCache corgi:https://registry.npmjs.org/minimatch cache-miss
50 http cache https://registry.npmjs.org/minimatch 6ms (cache hit)
51 silly packumentCache corgi:https://registry.npmjs.org/minimatch set size:146096 disposed:false
52 silly packumentCache corgi:https://registry.npmjs.org/eslint cache-miss
53 http cache https://registry.npmjs.org/eslint 5ms (cache hit)
54 silly packumentCache corgi:https://registry.npmjs.org/eslint set size:1126678 disposed:false
55 silly packumentCache corgi:https://registry.npmjs.org/@eslint%2feslintrc cache-miss
56 http cache https://registry.npmjs.org/@eslint%2feslintrc 4ms (cache hit)
57 silly packumentCache corgi:https://registry.npmjs.org/@eslint%2feslintrc set size:80753 disposed:false
58 silly packumentCache corgi:https://registry.npmjs.org/formik cache-miss
59 http cache https://registry.npmjs.org/formik 3ms (cache hit)
60 silly packumentCache corgi:https://registry.npmjs.org/formik set size:437186 disposed:false
61 silly packumentCache corgi:https://registry.npmjs.org/react-router-dom cache-miss
62 http cache https://registry.npmjs.org/react-router-dom 6ms (cache hit)
63 silly packumentCache corgi:https://registry.npmjs.org/react-router-dom set size:1014744 disposed:false
64 silly packumentCache corgi:https://registry.npmjs.org/@rollbar%2freact cache-miss
65 http cache https://registry.npmjs.org/@rollbar%2freact 4ms (cache hit)
66 silly packumentCache corgi:https://registry.npmjs.org/@rollbar%2freact set size:21612 disposed:false
67 silly packumentCache corgi:https://registry.npmjs.org/@vitejs%2fplugin-react cache-miss
68 http cache https://registry.npmjs.org/@vitejs%2fplugin-react 4ms (cache hit)
69 silly packumentCache corgi:https://registry.npmjs.org/@vitejs%2fplugin-react set size:107336 disposed:false
70 silly packumentCache corgi:https://registry.npmjs.org/@babel%2feslint-parser cache-miss
71 silly packumentCache corgi:https://registry.npmjs.org/@eslint-community%2feslint-utils cache-miss
72 silly packumentCache corgi:https://registry.npmjs.org/@stylistic%2feslint-plugin cache-miss
73 silly packumentCache corgi:https://registry.npmjs.org/@typescript-eslint%2futils cache-miss
74 silly packumentCache corgi:https://registry.npmjs.org/eslint-plugin-react cache-miss
75 http cache https://registry.npmjs.org/@babel%2feslint-parser 6ms (cache hit)
76 silly packumentCache corgi:https://registry.npmjs.org/@babel%2feslint-parser set size:115000 disposed:false
77 http cache https://registry.npmjs.org/@eslint-community%2feslint-utils 7ms (cache hit)
78 silly packumentCache corgi:https://registry.npmjs.org/@eslint-community%2feslint-utils set size:44347 disposed:false
79 http cache https://registry.npmjs.org/eslint-plugin-react 10ms (cache hit)
80 silly packumentCache corgi:https://registry.npmjs.org/eslint-plugin-react set size:309843 disposed:false
81 http cache https://registry.npmjs.org/@typescript-eslint%2futils 18ms (cache hit)
82 silly packumentCache corgi:https://registry.npmjs.org/@typescript-eslint%2futils set size:4508953 disposed:false
83 http cache https://registry.npmjs.org/@stylistic%2feslint-plugin 50ms (cache hit)
84 silly packumentCache corgi:https://registry.npmjs.org/@stylistic%2feslint-plugin set size:85969 disposed:false
85 verbose cwd C:\Users\Jenny\Documents\frontend-project-12\frontend
86 verbose os Windows_NT 10.0.26100
87 verbose node v24.13.0
88 verbose npm  v11.6.2
89 verbose exit 0
90 info ok
