0 verbose cli C:\Program Files\nodejs\node.exe C:\Program Files\nodejs\node_modules\npm\bin\npm-cli.js
1 info using npm@11.6.2
2 info using node@v24.13.0
3 silly config load:file:C:\Program Files\nodejs\node_modules\npm\npmrc
4 silly config load:file:C:\Users\Jenny\Documents\new_version_12\.npmrc
5 silly config load:file:C:\Users\Jenny\.npmrc
6 silly config load:file:C:\Users\Jenny\AppData\Roaming\npm\etc\npmrc
7 verbose title npm run dev
8 verbose argv "run" "dev"
9 verbose logfile logs-max:10 dir:C:\Users\Jenny\Documents\new_version_12\npm-cache\_logs\2026-02-12T17_23_10_984Z-
10 verbose logfile C:\Users\Jenny\Documents\new_version_12\npm-cache\_logs\2026-02-12T17_23_10_984Z-debug-0.log
11 silly logfile start cleaning logs, removing 1 files
12 silly logfile done cleaning log files
13 verbose stack Error: Missing script: "dev"
13 verbose stack
13 verbose stack To see a list of scripts, run:
13 verbose stack   npm run
13 verbose stack     at #run (C:\Program Files\nodejs\node_modules\npm\lib\commands\run.js:115:13)
13 verbose stack     at async RunScript.exec (C:\Program Files\nodejs\node_modules\npm\lib\commands\run.js:44:7)
13 verbose stack     at async Npm.exec (C:\Program Files\nodejs\node_modules\npm\lib\npm.js:208:9)
13 verbose stack     at async module.exports (C:\Program Files\nodejs\node_modules\npm\lib\cli\entry.js:67:5)
14 error Missing script: "dev"
14 error
14 error To see a list of scripts, run:
14 error   npm run
15 verbose cwd C:\Users\Jenny\Documents\new_version_12
16 verbose os Windows_NT 10.0.26100
17 verbose node v24.13.0
18 verbose npm  v11.6.2
19 verbose exit 1
20 verbose code 1
21 error A complete log of this run can be found in: C:\Users\Jenny\Documents\new_version_12\npm-cache\_logs\2026-02-12T17_23_10_984Z-debug-0.log
